******************************************************************************
               TMS320C6x Linker Unix v6.1.14                   
******************************************************************************
>> Linked Thu Oct  3 22:37:59 2013

OUTPUT FILE NAME:   <bin/ti_platforms_evm3530/app_local.x64P>
ENTRY POINT SYMBOL: "_c_int00"  address: 80051920


MEMORY CONFIGURATION

         name            origin    length      used     unused   attr    fill
----------------------  --------  ---------  --------  --------  ----  --------
  IRAM                  107f8000   00008000  00000000  00008000  RWIX
  CACHE_L2              10800000   00010000  00000000  00010000  RWIX
  L1PSRAM               10e00000   00008000  00000000  00008000  RWIX
  L1DSRAM               10f04000   0000c000  0000c000  00000000  RWIX
  CACHE_L1D             10f10000   00008000  00000000  00008000  RWIX
  DDR2                  80000000   08000000  0005332d  07faccd3  RWIX


SECTION ALLOCATION MAP

 output                                  attributes/
section   page    origin      length       input sections
--------  ----  ----------  ----------   ----------------
.vers      0    00000000    00000044     COPY SECTION
                  00000000    00000044     app_local_x64Pcfg.o64P (.vers)

.pinit     0    80000000    00000000     UNINITIALIZED

xdc.meta   0    00000000    00000137     COPY SECTION
                  00000000    00000137     app_local_x64P.o64P (xdc.meta)

.L1DSRAM$heap 
*          0    10f04000    0000c000     UNINITIALIZED
                  10f04000    0000c000     --HOLE--

.prd       0    80000000    00000000     UNINITIALIZED

.data      0    80000000    00000000     UNINITIALIZED

.text      0    80000000    0001ac60     
                  80000000    00006340     ce.a64P : Engine.o64P (.text)
                  80006340    00001800             : visa.o64P (.text)
                  80007b40    00000f00             : Server.o64P (.text)
                  80008a40    00000e80     osal_bios.a64P : Memory_BIOS.o64P (.text)
                  800098c0    00000c20     app.o64P (.text)
                  8000a4e0    00000be0     Algorithm_BIOS.a64P : Algorithm_BIOS.o64P (.text)
                  8000b0c0    00000b60     gt.a64P : gt.o64P (.text:__GT_trace)
                  8000bc20    00000ae0     XdmUtils.a64P : XdmUtils.o64P (.text)
                  8000c700    00000880     image.a64P : imgenc.o64P (.text)
                  8000cf80    00000860                : imgdec.o64P (.text)
                  8000d7e0    000007e0     rts64plus.lib : divd.obj (.text:__divd)
                  8000dfc0    000007a0     osal_bios.a64P : Global_BIOS.o64P (.text)
                  8000e760    00000700     dskt2.a64P : dskt2_scratch.o64P (.text:__DSKT2_initializeAndUseSharedScratch)
                  8000ee60    00000640     osal_bios.a64P : Thread_BIOS.o64P (.text)
                  8000f4a0    000005a0     imgenc_copy.a64P : imgenc_copy.o64P (.text)
                  8000fa40    00000560     imgdec_copy.a64P : imgdec_copy.o64P (.text)
                  8000ffa0    00000460     rts64plus.lib : _printfi.obj (.text:__getarg_diouxp)
                  80010400    00000460                   : _printfi.obj (.text:__setfield)
                  80010860    00000460                   : fwrite.obj (.text:_fwrite)
                  80010cc0    000003e0     dskt2.a64P : dskt2_scratch.o64P (.text:__DSKT2_assignInstanceMemory)
                  800110a0    000003a0     rts64plus.lib : _printfi.obj (.text:__printfi)
                  80011440    00000340     gt.a64P : gt.o64P (.text:__GT_set)
                  80011780    00000320     rts64plus.lib : _printfi.obj (.text:_fcvt)
                  80011aa0    00000300     dskt2.a64P : dskt2crea.o64P (.text:_DSKT2_createAlg3)
                  80011da0    00000300     rts64plus.lib : _printfi.obj (.text:_ecvt)
                  800120a0    00000300                   : fputs.obj (.text:_fputs)
                  800123a0    000002e0                   : _printfi.obj (.text:__pproc_fge)
                  80012680    000002e0                   : _printfi.obj (.text:__pproc_fwp)
                  80012960    000002a0                   : fread.obj (.text:_fread)
                  80012c00    00000280     dskt2.a64P : dskt2_scratch.o64P (.text:__DSKT2_init)
                  80012e80    00000280     rts64plus.lib : _printfi.obj (.text:__pconv_e)
                  80013100    00000260                   : imath64.obj (.text:__divull)
                  80013360    00000260                   : mpyd.obj (.text:__mpyd)
                  800135c0    00000240                   : addd.obj (.text:__addd)
                  80013800    00000240     osal_bios.a64P : Sem_BIOS.o64P (.text)
                  80013a40    00000220     rts64plus.lib : frcaddd.obj (.text:__frcaddd)
                  80013c60    00000220                   : _printfi.obj (.text:__pproc_diouxp)
                  80013e80    00000220     gt.a64P : gt.o64P (.text:_setMask)
                  800140a0    00000220     ipc_bios.a64P : Comm_BIOS.o64P (.text)
                  800142c0    00000200     rts64plus.lib : frcmpyd_div.obj (.text:__frcmpyd_div)
                  800144c0    00000200                   : _printfi.obj (.text:__pproc_str)
                  800146c0    00000200     osal_bios.a64P : GT_config_BIOS.o64P (.text)
                  800148c0    000001e0     utils.a64P : Load.o64P (.text)
                  80014aa0    000001c0     rts64plus.lib : _printfi.obj (.text:__mcpy)
                  80014c60    000001c0     osal_bios.a64P : Lock_BIOS.o64P (.text)
                  80014e20    000001a0     rts64plus.lib : trgdrv.obj (.text:_HOSTrename)
                  80014fc0    000001a0                   : imath40.obj (.text:__divul)
                  80015160    000001a0                   : fopen.obj (.text:__openfile)
                  80015300    000001a0     gt.a64P : gt.o64P (.text:_addModName)
                  800154a0    000001a0     rts64plus.lib : setvbuf.obj (.text:_setvbuf)
                  80015640    00000180                   : _printfi.obj (.text:__pconv_g)
                  800157c0    00000160                   : lowlev.obj (.text:_open)
                  80015920    00000140     dskt2.a64P : dskt2actv.o64P (.text:_DSKT2_activateAlg)
                  80015a60    00000140     rts64plus.lib : _bufread.obj (.text:__buff_read)
                  80015ba0    00000140                   : fputc.obj (.text:_fputc)
                  80015ce0    00000140                   : lowlev.obj (.text:_getdevice)
                  80015e20    00000140     main_BIOS.o64P (.text)
                  80015f60    00000120     dskt2.a64P : dskt2free.o64P (.text:_DSKT2_freeAlg)
                  80016080    00000120                : dskt2_scratch.o64P (.text:__DSKT2_getScratchRequestInfo)
                  800161a0    00000120     rts64plus.lib : frcmpyd.obj (.text:__frcmpyd)
                  800162c0    00000120                   : _printfi.obj (.text:__pproc_fflags)
                  800163e0    00000120                   : fopen.obj (.text:__search_fp)
                  80016500    00000120                   : fclose.obj (.text:_fclose)
                  80016620    00000100                   : trgdrv.obj (.text:_HOSTlseek)
                  80016720    00000100     dskt2.a64P : dskt2_scratch.o64P (.text:__DSKT2_exitScratch)
                  80016820    00000100     rts64plus.lib : _printfi.obj (.text:__ltostr)
                  80016920    00000100     dskt2.a64P : dskt2_permute.o64P (.text:__rotateListElements)
                  80016a20    00000100     rts64plus.lib : _io_perm.obj (.text:__wrt_ok)
                  80016b20    00000100                   : fflush.obj (.text:_fflush)
                  80016c20    000000e0     dskt2.a64P : dskt2_scratch.o64P (.text:_DSKT2_getMemRecs)
                  80016d00    000000e0                : dskt2_lock.o64P (.text:_DSKT2_initLocks)
                  80016de0    000000e0     rts64plus.lib : trgdrv.obj (.text:_HOSTopen)
                  80016ec0    000000e0     dskt2.a64P : dskt2_scratch.o64P (.text:__DSKT2_allocateInInternal)
                  80016fa0    000000e0                : dskt2_scratch.o64P (.text:__DSKT2_dequeueMemTab)
                  80017080    000000e0                : dskt2_scratch.o64P (.text:__DSKT2_spaceToSeg)
                  80017160    000000e0     rts64plus.lib : cmpd.obj (.text:__cmpd)
                  80017240    000000e0                   : _printfi.obj (.text:__div)
                  80017320    000000e0                   : atoi.obj (.text:_atoi)
                  80017400    000000e0                   : lowlev.obj (.text:_close)
                  800174e0    000000e0                   : exit.obj (.text:_exit)
                  800175c0    000000e0                   : memset.obj (.text:_memset)
                  800176a0    000000e0     gt.a64P : gt.o64P (.text:_wildcardUpdate)
                  80017780    000000e0     osal_bios.a64P : Trace.o64P (.text)
                  80017860    000000c0     rts64plus.lib : trgdrv.obj (.text:_HOSTread)
                  80017920    000000c0                   : trgdrv.obj (.text:_HOSTunlink)
                  800179e0    000000c0                   : trgdrv.obj (.text:_HOSTwrite)
                  80017aa0    000000c0     bios.a64P : staticpool_open.o64P (.text:_STATICPOOL_open)
                  80017b60    000000c0     dskt2.a64P : dskt2_scratch.o64P (.text:__DSKT2_freeAllocatedMemory)
                  80017c20    000000c0                : dskt2_scratch.o64P (.text:__DSKT2_isSharedScratchAddr)
                  80017ce0    000000c0     rts64plus.lib : fopen.obj (.text:__cleanup)
                  80017da0    000000c0                   : divu.obj (.text:__divu)
                  80017e60    000000c0                   : fflush.obj (.text:__doflush)
                  80017f20    000000c0                   : vsnprintf.obj (.text:__outs)
                  80017fe0    000000c0                   : fseek.obj (.text:_fseek)
                  800180a0    000000c0                   : lowlev.obj (.text:_lseek)
                  80018160    000000c0                   : ltoa.obj (.text:_ltoa)
                  80018220    000000c0                   : lowlev.obj (.text:_read)
                  800182e0    000000c0                   : lowlev.obj (.text:_write)
                  800183a0    000000c0     bios.a64P : tsk_stup.o64P (.text)
                  80018460    000000a0     dskt2.a64P : dskt2dact.o64P (.text:_DSKT2_deactivateAlg)
                  80018500    000000a0     rts64plus.lib : trgdrv.obj (.text:_HOSTclose)
                  800185a0    000000a0     dskt2.a64P : dskt2_scratch.o64P (.text:__DSKT2_allocateFromSharedScratch)
                  80018640    000000a0                : dskt2_scratch.o64P (.text:__DSKT2_allocateInDesignatedSpace)
                  800186e0    000000a0                : dskt2_scratch.o64P (.text:__DSKT2_enqueueMemTab)
                  80018780    000000a0                : dskt2_scratch.o64P (.text:__DSKT2_freeInstanceMemory)
                  80018820    000000a0     rts64plus.lib : imath40.obj (.text:__divli)
                  800188c0    000000a0                   : _printfi.obj (.text:__ecpy)
                  80018960    000000a0                   : _printfi.obj (.text:__fcpy)
                  80018a00    000000a0                   : fixdli.obj (.text:__fixdli)
                  80018aa0    000000a0                   : _printfi.obj (.text:__pconv_f)
                  80018b40    000000a0                   : _io_perm.obj (.text:__rd_ok)
                  80018be0    000000a0                   : remu.obj (.text:__remu)
                  80018c80    000000a0                   : lowlev.obj (.text:_finddevice)
                  80018d20    000000a0                   : memcpy64.obj (.text:_memcpy)
                  80018dc0    000000a0                   : printf.obj (.text:_printf)
                  80018e60    000000a0                   : lowlev.obj (.text:_tabinit)
                  80018f00    00000080     dskt2.a64P : dskt2_scratch.o64P (.text:_DSKT2_getNumMemRecs)
                  80018f80    00000080     bios.a64P : staticpool_alloc.o64P (.text:_STATICPOOL_alloc)
                  80019000    00000080     dskt2.a64P : dskt2_permute.o64P (.text:__DSKT2_Permute_iterateNext)
                  80019080    00000080                : dskt2_permute.o64P (.text:__DSKT2_Permute_setInitialState)
                  80019100    00000080     gt.a64P : gt.o64P (.text:__GT_create)
                  80019180    00000080     rts64plus.lib : fixdi.obj (.text:__fixdi)
                  80019200    00000080                   : fltlid.obj (.text:__fltlid)
                  80019280    00000080                   : llshift.obj (.text:__llshl)
                  80019300    00000080                   : sprintf.obj (.text:__outs)
                  80019380    00000080                   : renormd.obj (.text:__renormd)
                  80019400    00000080     dskt2.a64P : dskt2_permute.o64P (.text:__rotateSubgroup)
                  80019480    00000080     gt.a64P : gt.o64P (.text:_applyOp)
                  80019500    00000080             : gt.o64P (.text:_findElem)
                  80019580    00000080     rts64plus.lib : fprintf.obj (.text:_fprintf)
                  80019600    00000080                   : strstr.obj (.text:_strstr)
                  80019680    00000080                   : lowlev.obj (.text:_unlink)
                  80019700    00000080                   : vsnprintf.obj (.text:_vsnprintf)
                  80019780    00000080                   : trgmsg.obj (.text:_writemsg)
                  80019800    00000080     osal_bios.a64P : Log_BIOS.o64P (.text)
                  80019880    00000060     gt.a64P : CBuf.o64P (.text:_CBuf_create)
                  800198e0    00000060     app_local_x64P.o64P (.text:_CERuntime_init)
                  80019940    00000060     dskt2.a64P : dskt2crea.o64P (.text:_DSKT2_createAlgExt)
                  800199a0    00000060                : dskt2_scratch.o64P (.text:__DSKT2_useSharedScratch)
                  80019a00    00000060     rts64plus.lib : llshift.obj (.text:__llshru)
                  80019a60    00000060                   : imath64.obj (.text:__subcull)
                  80019ac0    00000060                   : fopen.obj (.text:_fopen)
                  80019b20    00000060                   : memccpy.obj (.text:_memccpy)
                  80019b80    00000060                   : trgmsg.obj (.text:_readmsg)
                  80019be0    00000060                   : sprintf.obj (.text:_sprintf)
                  80019c40    00000060     osal_bios.a64P : Queue_BIOS.o64P (.text)
                  80019ca0    00000040     gt.a64P : CBuf.o64P (.text:_CBuf_putc)
                  80019ce0    00000040             : CBuf.o64P (.text:_CBuf_puts)
                  80019d20    00000040     dskt2.a64P : dskt2_lock.o64P (.text:_DSKT2_acquireLock)
                  80019d60    00000040                : dskt2crea.o64P (.text:_DSKT2_createAlg)
                  80019da0    00000040                : dskt2_lock.o64P (.text:_DSKT2_getContext)
                  80019de0    00000040                : dskt2_lock.o64P (.text:_DSKT2_releaseLock)
                  80019e20    00000040                : dskt2_lock.o64P (.text:_DSKT2_setContext)
                  80019e60    00000040     gt.a64P : gt.o64P (.text:_GT_curTime)
                  80019ea0    00000040             : gt.o64P (.text:_GT_init)
                  80019ee0    00000040     dskt2.a64P : dskt2_scratch.o64P (.text:__DSKT2_decrScratchReferenceCount)
                  80019f20    00000040                : dskt2_scratch.o64P (.text:__DSKT2_incrScratchReferenceCount)
                  80019f60    00000040                : dskt2_scratch.o64P (.text:__DSKT2_throwMPUMemException)
                  80019fa0    00000040                : dskt2_scratch.o64P (.text:__DSKT2_usesInternalScratch)
                  80019fe0    00000040     rts64plus.lib : isinf.obj (.text:___isinf)
                  8001a020    00000040                   : _printfi.obj (.text:___isnan)
                  8001a060    00000040                   : divd.obj (.text:___isnan)
                  8001a0a0    00000040                   : assert.obj (.text:__abort_msg)
                  8001a0e0    00000040                   : negd.obj (.text:__negd)
                  8001a120    00000040                   : vsnprintf.obj (.text:__outc)
                  8001a160    00000040                   : imath40.obj (.text:__remli)
                  8001a1a0    00000040                   : subd.obj (.text:__subd)
                  8001a1e0    00000040     gt.a64P : gt.o64P (.text:_error)
                  8001a220    00000040     app_local_x64P.o64P (.text:_ti_sdo_ce_osal_bios_init)
                  8001a260    00000040     osal_bios.a64P : SemMP_BIOS.o64P (.text)
                  8001a2a0    00000040     osal_bios_load.a64P : Global_BIOS_load_Load.o64P (.text)
                  8001a2e0    00000040     utils.a64P : c64p_getltime.o64P (.text)
                  8001a320    00000020     app_local_x64P.o64P (.text:_DMAN3_CE_exit)
                  8001a340    00000020     app_local_x64P.o64P (.text:_DMAN3_CE_init)
                  8001a360    00000020     app_local_x64P.o64P (.text:_DMAN3_grantDmaChannels)
                  8001a380    00000020     app_local_x64P.o64P (.text:_DMAN3_releaseDmaChannels)
                  8001a3a0    00000020     gt.a64P : gt.o64P (.text:_GT_getModNameFlags)
                  8001a3c0    00000020     app_local_x64P.o64P (.text:_RMAN_activateAllResources)
                  8001a3e0    00000020     app_local_x64P.o64P (.text:_RMAN_assignResources)
                  8001a400    00000020     app_local_x64P.o64P (.text:_RMAN_deactivateAllResources)
                  8001a420    00000020     app_local_x64P.o64P (.text:_RMAN_exit)
                  8001a440    00000020     app_local_x64P.o64P (.text:_RMAN_freeResources)
                  8001a460    00000020     app_local_x64P.o64P (.text:_RMAN_init)
                  8001a480    00000020     bios.a64P : staticpool_free.o64P (.text:_STATICPOOL_free)
                  8001a4a0    00000020     rts64plus.lib : negll.obj (.text:__negll)
                  8001a4c0    00000020                   : _lock.obj (.text:__nop)
                  8001a4e0    00000020                   : fprintf.obj (.text:__outc)
                  8001a500    00000020                   : printf.obj (.text:__outc)
                  8001a520    00000020                   : sprintf.obj (.text:__outc)
                  8001a540    00000020                   : fprintf.obj (.text:__outs)
                  8001a560    00000020                   : printf.obj (.text:__outs)
                  8001a580    00000020                   : _lock.obj (.text:__register_lock)
                  8001a5a0    00000020                   : _lock.obj (.text:__register_unlock)
                  8001a5c0    00000020                   : exit.obj (.text:_abort)
                  8001a5e0    00000020     gt.a64P : gt.o64P (.text:_getModNameFlagsAddr)
                  8001a600    00000020     rts64plus.lib : remove.obj (.text:_remove)
                  8001a620    00000020     gt.a64P : gt.o64P (.text:_setModNameFlags)
                  8001a640    00000020     ipc_bios.a64P : Processor_noOS.o64P (.text)
                  8001a660    00000020     osal_bios.a64P : LockMP_noOS.o64P (.text)
                  8001a680    00000020     bios.a64P : mem_stat.o64P ($Tramp$S$$_MEM_stat)
                  8001a6a0    00000020               : mem_getBaseAddress.o64P ($Tramp$S$$_MEM_getBaseAddress)
                  8001a6c0    00000020               : mem_free.o64P ($Tramp$S$$_MEM_free)
                  8001a6e0    00000020               : mem_allo.o64P ($Tramp$S$$_MEM_alloc)
                  8001a700    00000020               : mem_rede.o64P ($Tramp$S$$_MEM_redefine)
                  8001a720    00000020     bios3430.a64P : bcache_all.o64P ($Tramp$S$$_BCACHE_wbInvAll)
                  8001a740    00000020                   : bcache_block.o64P ($Tramp$S$$_BCACHE_wbInv)
                  8001a760    00000020                   : bcache_block.o64P ($Tramp$S$$_BCACHE_wb)
                  8001a780    00000020                   : bcache_block.o64P ($Tramp$S$$_BCACHE_inv)
                  8001a7a0    00000020     bios.a64P : sys_atex.o64P ($Tramp$S$$_SYS_atexit)
                  8001a7c0    00000020               : sys_abor.o64P ($Tramp$S$$_SYS_abort)
                  8001a7e0    00000020               : mem_vall.o64P ($Tramp$S$$_MEM_valloc)
                  8001a800    00000020               : tsk_yiel.o64P ($Tramp$S$$_TSK_yield)
                  8001a820    00000020               : tsk_stat.o64P ($Tramp$S$$_TSK_stat)
                  8001a840    00000020               : tsk_setp.o64P ($Tramp$S$$_TSK_setpri)
                  8001a860    00000020               : tsk_dele.o64P ($Tramp$S$$_TSK_delete)
                  8001a880    00000020               : tsk_crea.o64P ($Tramp$S$$_TSK_create)
                  8001a8a0    00000020               : sem_pend_counting.o64P ($Tramp$S$$_SEM_pend)
                  8001a8c0    00000020               : sem_post_asm.o64P ($Tramp$S$$_SEM_post)
                  8001a8e0    00000020               : sem_dele.o64P ($Tramp$S$$_SEM_delete)
                  8001a900    00000020               : sem_crea.o64P ($Tramp$S$$_SEM_create)
                  8001a920    00000020               : msgq_free.o64P ($Tramp$S$$_MSGQ_free)
                  8001a940    00000020               : msgq_locate.o64P ($Tramp$S$$_MSGQ_locate)
                  8001a960    00000020               : msgq_put.o64P ($Tramp$S$$_MSGQ_put)
                  8001a980    00000020               : msgq_release.o64P ($Tramp$S$$_MSGQ_release)
                  8001a9a0    00000020               : msgq_getsrcqueue.o64P ($Tramp$S$$_MSGQ_getSrcQueue)
                  8001a9c0    00000020               : msgq_get.o64P ($Tramp$S$$_MSGQ_get)
                  8001a9e0    00000020               : msgq_close.o64P ($Tramp$S$$_MSGQ_close)
                  8001aa00    00000020               : msgq_open.o64P ($Tramp$S$$_MSGQ_open)
                  8001aa20    00000020               : msgq_alloc.o64P ($Tramp$S$$_MSGQ_alloc)
                  8001aa40    00000020               : swi_self.o64P ($Tramp$S$$_SWI_self)
                  8001aa60    00000020               : sys_prin.o64P ($Tramp$S$$_SYS_vprintf)
                  8001aa80    00000020               : sys_prin.o64P ($Tramp$S$$_SYS_printf)
                  8001aaa0    00000020               : clk_countspms.o64P ($Tramp$S$$_CLK_countspms)
                  8001aac0    00000020     bios3430.a64P : clk2430_gethtime.o64P ($Tramp$S$$_CLK_gethtime)
                  8001aae0    00000020     bios.a64P : malloc.o64P ($Tramp$S$$_free)
                  8001ab00    00000020               : malloc.o64P ($Tramp$S$$_malloc)
                  8001ab20    00000020               : tsk_disa.o64P ($Tramp$S$$_TSK_disable)
                  8001ab40    00000020               : tsk_disa.o64P ($Tramp$S$$_TSK_enable)
                  8001ab60    00000020               : que_get.o64P ($Tramp$S$$_QUE_put)
                  8001ab80    00000020               : lck.o64P ($Tramp$S$$_LCK_post)
                  8001aba0    00000020               : lck.o64P ($Tramp$S$$_LCK_pend)
                  8001abc0    00000020               : que_get.o64P ($Tramp$S$$_QUE_get)
                  8001abe0    00000020     log8.a64P : log_printf4.o64P ($Tramp$S$$_LOG_printf4)
                  8001ac00    00000020               : log_ts.o64P ($Tramp$S$$_LOG_event)
                  8001ac20    00000020     bios.a64P : hwi_c.o64P ($Tramp$S$$_HWI_disable)
                  8001ac40    00000020               : hwi_c.o64P ($Tramp$S$$_HWI_restore)

.hst       0    80000000    00000000     UNINITIALIZED

.pip       0    80000000    00000000     UNINITIALIZED

.far       0    8001ac60    0001963c     UNINITIALIZED
                  8001ac60    00018ba8     app_local_x64P.o64P (.far)
                  80033808    000002d0     dskt2.a64P : dskt2_lock.o64P (.far)
                  80033ad8    00000194     rts64plus.lib : defs.obj (.far)
                  80033c6c    00000004     app_local_x64Pcfg.o64P (.far)
                  80033c70    000000d8     bios.a64P : knl.o64P (.far)
                  80033d48    000000d0     rts64plus.lib : trgdrv.obj (.far)
                  80033e18    000000cc                   : lowlev.obj (.far)
                  80033ee4    0000005c     bios.a64P : tsk.o64P (.far)
                  80033f40    00000058     imgdec_copy.a64P : imgdec_copy.o64P (.far)
                  80033f98    00000058     imgenc_copy.a64P : imgenc_copy.o64P (.far)
                  80033ff0    00000054     bios.a64P : obj_init.o64P (.far)
                  80034044    00000050               : tsk_stup.o64P (.far)
                  80034094    00000004               : mem_defi.o64P (.far)
                  80034098    0000003c               : sys_stri.o64P (.far)
                  800340d4    00000004     bios3430.a64P : bcache_wait.o64P (.far)
                  800340d8    00000038     ce.a64P : Engine.o64P (.far)
                  80034110    00000020     bios.a64P : sys.o64P (.far)
                  80034130    0000001c     osal_bios.a64P : Thread_BIOS.o64P (.far)
                  8003414c    00000018                    : Memory_BIOS.o64P (.far)
                  80034164    00000004     bios3430.a64P : clk2430_data.o64P (.far)
                  80034168    00000014     ce.a64P : package_ti.sdo.ce.o64P (.far)
                  8003417c    00000004     gt.a64P : CBuf.o64P (.far)
                  80034180    00000014     ipc_bios.a64P : Processor_noOS.o64P (.far)
                  80034194    00000010     bios.a64P : exc.o64P (.far)
                  800341a4    00000010               : knl_tick.o64P (.far)
                  800341b4    00000010               : tsk_setp.o64P (.far)
                  800341c4    00000010               : tsk_yiel.o64P (.far)
                  800341d4    00000004     osal_bios.a64P : Queue_BIOS.o64P (.far)
                  800341d8    00000010     dskt2.a64P : dskt2_scratch.o64P (.far)
                  800341e8    00000010     osal_bios.a64P : Global_BIOS.o64P (.far)
                  800341f8    00000010                    : Lock_BIOS.o64P (.far)
                  80034208    0000000c     bios.a64P : utl_putc.o64P (.far)
                  80034214    0000000c     bios3430.a64P : bcache_table.o64P (.far)
                  80034220    0000000c     ipc_bios.a64P : Comm_BIOS.o64P (.far)
                  8003422c    0000000c     rts64plus.lib : exit.obj (.far)
                  80034238    00000008     Algorithm_BIOS.a64P : Algorithm_BIOS.o64P (.far)
                  80034240    00000008     XdmUtils.a64P : XdmUtils.o64P (.far)
                  80034248    00000008     bios.a64P : sem_crea.o64P (.far)
                  80034250    00000008     ce.a64P : Server.o64P (.far)
                  80034258    00000008             : visa.o64P (.far)
                  80034260    00000008     dskt2.a64P : dskt2crea.o64P (.far)
                  80034268    00000008     image.a64P : imgdec.o64P (.far)
                  80034270    00000008                : imgenc.o64P (.far)
                  80034278    00000008     main_BIOS.o64P (.far)
                  80034280    00000008     osal_bios.a64P : Sem_BIOS.o64P (.far)
                  80034288    00000008     rts64plus.lib : _lock.obj (.far)
                  80034290    00000008                   : divd.obj (.far)
                  80034298    00000004                   : fopen.obj (.far)

.DDR2$heap 
*          0    8003429c    00010000     UNINITIALIZED
                  8003429c    00010000     --HOLE--

.args      0    8004429c    00000004     
                  8004429c    00000004     --HOLE-- [fill = 0]

.bios      0    800442a0    00005da0     
                  800442a0    000005c0     bios.a64P : sys_prin.o64P (.bios)
                  80044860    00000520               : exc.o64P (.bios)
                  80044d80    000004e0               : hwi_disp_asm.o64P (.bios)
                  80045260    000004c0               : swi.o64P (.bios)
                  80045720    00000380               : prd.o64P (.bios)
                  80045aa0    00000340               : tsk_crea.o64P (.bios)
                  80045de0    000002a0               : malloc.o64P (.bios)
                  80046080    00000240               : knl_run.o64P (.bios)
                  800462c0    00000240               : mem_defi.o64P (.bios)
                  80046500    00000220               : mem_rede.o64P (.bios)
                  80046720    00000200               : sem_pend.o64P (.bios)
                  80046920    00000200     bios3430.a64P : clk2430.o64P (.bios)
                  80046b20    000001e0     bios.a64P : mem_allo.o64P (.bios:.near)
                  80046d00    000001e0               : exc_asm.o64P (.bios)
                  80046ee0    000001e0               : knl_tick.o64P (.bios)
                  800470c0    000001c0               : mem_free.o64P (.bios:.near)
                  80047280    000001c0               : sem_dopo.o64P (.bios)
                  80047440    000001c0               : tsk_dele.o64P (.bios)
                  80047600    000001c0               : tsk_setp.o64P (.bios)
                  800477c0    000001c0     bios3430.a64P : clk.o64P (.bios)
                  80047980    000001a0     bios.a64P : tsk_setu.o64P (.bios)
                  80047b20    00000180               : knl_swit.o64P (.bios)
                  80047ca0    00000140               : autoinit.o64P (.bios)
                  80047de0    00000140               : knl_read.o64P (.bios)
                  80047f20    00000140               : mem_stat.o64P (.bios)
                  80048060    00000140               : msgq_open.o64P (.bios)
                  800481a0    00000140               : tsk_exit.o64P (.bios)
                  800482e0    00000140     bios3430.a64P : bcache_init.o64P (.bios)
                  80048420    00000120     bios.a64P : gbl_cacheinit64P.o64P (.bios)
                  80048540    00000120               : knl_chec.o64P (.bios)
                  80048660    00000120               : tsk_stup.o64P (.bios)
                  80048780    00000100               : msgq_locate.o64P (.bios)
                  80048880    00000100               : msgq_stup.o64P (.bios)
                  80048980    00000100     bios3430.a64P : bcache_block.o64P (.bios)
                  80048a80    000000e0     bios.a64P : msgq_locatelocal.o64P (.bios)
                  80048b60    000000e0               : sem_post_asm.o64P (.bios)
                  80048c40    000000c0               : knl_exit.o64P (.bios)
                  80048d00    000000c0               : msgq_alloc.o64P (.bios)
                  80048dc0    000000c0               : tsk_yiel.o64P (.bios)
                  80048e80    000000a0               : knl_star.o64P (.bios)
                  80048f20    000000a0               : msgq_close.o64P (.bios)
                  80048fc0    000000a0               : msgq_get.o64P (.bios)
                  80049060    000000a0               : msgq_put.o64P (.bios)
                  80049100    000000a0               : sem_post.o64P (.bios)
                  800491a0    000000a0               : sys_exit.o64P (.bios)
                  80049240    000000a0               : tsk_stat.o64P (.bios)
                  800492e0    000000a0     log8.a64P : log_ts.o64P (.bios)
                  80049380    00000080     bios.a64P : atm.o64P (.bios)
                  80049400    00000080               : knl_ipos.o64P (.bios)
                  80049480    00000080               : knl_post.o64P (.bios)
                  80049500    00000080               : lck.o64P (.bios)
                  80049580    00000080               : obj_crea.o64P (.bios)
                  80049600    00000080               : sem_crea.o64P (.bios)
                  80049680    00000080               : tsk_disa.o64P (.bios)
                  80049700    00000080     bios3430.a64P : bcache_all.o64P (.bios)
                  80049780    00000080                   : bcache_wait.o64P (.bios)
                  80049800    00000080     log8.a64P : log5_ts.o64P (.bios)
                  80049880    00000060     bios.a64P : mem_vall.o64P (.bios:.near)
                  800498e0    00000060               : sys_erro.o64P (.bios:.near)
                  80049940    00000060               : fxn.o64P (.bios)
                  800499a0    00000060               : hwi_c.o64P (.bios)
                  80049a00    00000060               : msgq_release.o64P (.bios)
                  80049a60    00000060               : obj_dele.o64P (.bios)
                  80049ac0    00000060               : sem_pend_binary.o64P (.bios)
                  80049b20    00000060               : sem_pend_counting.o64P (.bios)
                  80049b80    00000060               : sts.o64P (.bios)
                  80049be0    00000060               : sys_abor.o64P (.bios)
                  80049c40    00000060               : trg.o64P (.bios)
                  80049ca0    00000060               : utl_putc.o64P (.bios)
                  80049d00    00000040               : c62_c.o64P (.bios)
                  80049d40    00000040               : mem_getBaseAddress.o64P (.bios)
                  80049d80    00000040               : msgq_free.o64P (.bios)
                  80049dc0    00000040               : msgq_getsrcqueue.o64P (.bios)
                  80049e00    00000040               : que_get.o64P (.bios)
                  80049e40    00000040               : utl_doab.o64P (.bios)
                  80049e80    00000020               : clk_countspms.o64P (.bios)
                  80049ea0    00000020               : fxn_c.o64P (.bios)
                  80049ec0    00000020               : gbl_vers.o64P (.bios)
                  80049ee0    00000020               : hook_setenv.o64P (.bios)
                  80049f00    00000020               : idl.o64P (.bios)
                  80049f20    00000020               : sem_dele.o64P (.bios)
                  80049f40    00000020               : sts_set.o64P (.bios)
                  80049f60    00000020               : swi_self.o64P (.bios)
                  80049f80    00000020               : sys_atex.o64P (.bios)
                  80049fa0    00000020               : sys_one.o64P (.bios)
                  80049fc0    00000020               : utl_doer.o64P (.bios)
                  80049fe0    00000020               : utl_halt.o64P (.bios)
                  8004a000    00000020     bios3430.a64P : clk2430_gethtime.o64P (.bios)
                  8004a020    00000020     log8.a64P : log_printf4.o64P (.bios)

.const     0    8004a040    00005b51     
                  8004a040    00001926     ce.a64P : Engine.o64P (.const)
                  8004b966    00000002     rts64plus.lib : fputs.obj (.const:.string)
                  8004b968    000010c0     app_local_x64P.o64P (.const:.string)
                  8004ca28    000007e0     ce.a64P : visa.o64P (.const)
                  8004d208    00000558     Algorithm_BIOS.a64P : Algorithm_BIOS.o64P (.const)
                  8004d760    00000455     XdmUtils.a64P : XdmUtils.o64P (.const)
                  8004dbb5    000003b1     osal_bios.a64P : Memory_BIOS.o64P (.const)
                  8004df66    00000002     --HOLE-- [fill = 0]
                  8004df68    0000032f     app.o64P (.const:.string)
                  8004e297    000002cf     image.a64P : imgdec.o64P (.const)
                  8004e566    000002cf                : imgenc.o64P (.const)
                  8004e835    00000253     osal_bios.a64P : Global_BIOS.o64P (.const)
                  8004ea88    0000024f     ce.a64P : Server.o64P (.const)
                  8004ecd7    00000001     --HOLE-- [fill = 0]
                  8004ecd8    000001f9     gt.a64P : gt.o64P (.const)
                  8004eed1    00000003     rts64plus.lib : assert.obj (.const:.string)
                  8004eed4    000001f0     bios.a64P : sys_stri.o64P (.const)
                  8004f0c4    000001ae     imgdec_copy.a64P : imgdec_copy.o64P (.const:.string)
                  8004f272    000001ae     imgenc_copy.a64P : imgenc_copy.o64P (.const:.string)
                  8004f420    00000193     bios.a64P : exc.o64P (.const)
                  8004f5b3    00000004               : mem_allo.o64P (.const)
                  8004f5b7    00000001     --HOLE-- [fill = 0]
                  8004f5b8    00000101     rts64plus.lib : ctype.obj (.const:__ctypes_)
                  8004f6b9    00000003     --HOLE-- [fill = 0]
                  8004f6bc    000000a9     main_BIOS.o64P (.const:.string)
                  8004f765    00000082     dskt2.a64P : dskt2_scratch.o64P (.const)
                  8004f7e7    0000007a     osal_bios.a64P : Thread_BIOS.o64P (.const)
                  8004f861    00000078                    : Sem_BIOS.o64P (.const)
                  8004f8d9    00000067     ce.a64P : package_ti.sdo.ce.o64P (.const)
                  8004f940    0000004e     bios.a64P : pool_init.o64P (.const)
                  8004f98e    0000004e               : tsk_stup.o64P (.const)
                  8004f9dc    00000032               : mem_rede.o64P (.const)
                  8004fa0e    00000032     ipc_bios.a64P : Comm_BIOS.o64P (.const)
                  8004fa40    0000002c     bios.a64P : msgq_init.o64P (.const)
                  8004fa6c    00000024               : msgq_stup.o64P (.const)
                  8004fa90    00000023     rts64plus.lib : _printfi.obj (.const:.string)
                  8004fab3    00000023     bios.a64P : utl_doab.o64P (.const)
                  8004fad6    00000022               : utl_doer.o64P (.const)
                  8004faf8    00000018     dskt2.a64P : dskt2_scratch.o64P (.const:_$P$T0$2)
                  8004fb10    00000018     bios.a64P : msgq.o64P (.const)
                  8004fb28    00000012     osal_bios.a64P : GT_config_BIOS.o64P (.const)
                  8004fb3a    00000004     bios.a64P : mem_free.o64P (.const)
                  8004fb3e    00000002     --HOLE-- [fill = 0]
                  8004fb40    00000011               : sys_prin.o64P (.const:_digtohex)
                  8004fb51    00000003     --HOLE-- [fill = 0]
                  8004fb54    00000010               : staticpool_vt.o64P (.const)
                  8004fb64    00000001               : sem_crea.o64P (.const)
                  8004fb65    00000003     --HOLE-- [fill = 0]
                  8004fb68    0000000c     ce.a64P : Engine.o64P (.const:_$P$T0$2)
                  8004fb74    0000000c     bios.a64P : staticpool_open.o64P (.const)
                  8004fb80    00000009     ipc_bios.a64P : Processor_noOS.o64P (.const)
                  8004fb89    00000007     bios.a64P : sys_prin.o64P (.const)
                  8004fb90    00000001               : tsk.o64P (.const)

.printf    0    8004fb91    0000001a     COPY SECTION
                  8004fb91    0000001a     app_local_x64Pcfg.o64P (.printf)

.mem       0    8004fb94    00000004     UNINITIALIZED
                  8004fb94    00000004     app_local_x64Pcfg.o64P (.mem)

.cinit     0    8004fb98    000017ec     
                  8004fb98    0000055c     app_local_x64P.o64P (.cinit)
                  800500f4    00000004     --HOLE-- [fill = 0]
                  800500f8    00000354     app_local_x64Pcfg.o64P (.cinit)
                  8005044c    00000004     --HOLE-- [fill = 0]
                  80050450    0000026c     bios.a64P : biosdata.o64P (.cinit)
                  800506bc    00000004     --HOLE-- [fill = 0]
                  800506c0    000001a4               : knl.o64P (.cinit)
                  80050864    00000004     --HOLE-- [fill = 0]
                  80050868    000000b0               : swi.o64P (.cinit)
                  80050918    0000009c     ce.a64P : Engine.o64P (.cinit)
                  800509b4    00000004     --HOLE-- [fill = 0]
                  800509b8    0000009c     dskt2.a64P : dskt2_scratch.o64P (.cinit)
                  80050a54    00000004     --HOLE-- [fill = 0]
                  80050a58    0000007c     gt.a64P : gt.o64P (.cinit)
                  80050ad4    00000004     --HOLE-- [fill = 0]
                  80050ad8    0000007c     utils.a64P : Load.o64P (.cinit)
                  80050b54    00000004     --HOLE-- [fill = 0]
                  80050b58    00000078     imgdec_copy.a64P : imgdec_copy.o64P (.cinit)
                  80050bd0    00000078     imgenc_copy.a64P : imgenc_copy.o64P (.cinit)
                  80050c48    00000070     bios.a64P : tsk.o64P (.cinit)
                  80050cb8    00000060               : tsk_stup.o64P (.cinit)
                  80050d18    0000005c     rts64plus.lib : defs.obj (.cinit)
                  80050d74    00000004     --HOLE-- [fill = 0]
                  80050d78    0000005c                   : lowlev.obj (.cinit)
                  80050dd4    00000004     --HOLE-- [fill = 0]
                  80050dd8    0000004c     app.o64P (.cinit)
                  80050e24    00000004     --HOLE-- [fill = 0]
                  80050e28    0000004a     osal_bios.a64P : Global_BIOS.o64P (.cinit)
                  80050e72    00000006     --HOLE-- [fill = 0]
                  80050e78    00000044     bios.a64P : sys_stri.o64P (.cinit)
                  80050ebc    00000004     --HOLE-- [fill = 0]
                  80050ec0    0000003c               : exc.o64P (.cinit)
                  80050efc    00000004     --HOLE-- [fill = 0]
                  80050f00    00000038     osal_bios.a64P : Thread_BIOS.o64P (.cinit)
                  80050f38    00000034     bios.a64P : hwi.o64P (.cinit)
                  80050f6c    00000004     --HOLE-- [fill = 0]
                  80050f70    00000034     ce.a64P : package_ti.sdo.ce.o64P (.cinit)
                  80050fa4    00000004     --HOLE-- [fill = 0]
                  80050fa8    0000002c     bios.a64P : utl_putc.o64P (.cinit)
                  80050fd4    00000004     --HOLE-- [fill = 0]
                  80050fd8    0000002c     osal_bios.a64P : GT_config_BIOS.o64P (.cinit)
                  80051004    00000004     --HOLE-- [fill = 0]
                  80051008    0000002c     rts64plus.lib : exit.obj (.cinit)
                  80051034    00000004     --HOLE-- [fill = 0]
                  80051038    0000002a     osal_bios.a64P : Lock_BIOS.o64P (.cinit)
                  80051062    00000006     --HOLE-- [fill = 0]
                  80051068    00000024     bios.a64P : obj_init.o64P (.cinit)
                  8005108c    00000004     --HOLE-- [fill = 0]
                  80051090    00000024     ipc_bios.a64P : Processor_noOS.o64P (.cinit)
                  800510b4    00000004     --HOLE-- [fill = 0]
                  800510b8    00000022     osal_bios.a64P : Memory_BIOS.o64P (.cinit)
                  800510da    00000006     --HOLE-- [fill = 0]
                  800510e0    00000020                    : Sem_BIOS.o64P (.cinit)
                  80051100    0000001c     bios.a64P : exc_asm.o64P (.cinit)
                  8005111c    00000004     --HOLE-- [fill = 0]
                  80051120    0000001c               : mem_defi.o64P (.cinit)
                  8005113c    00000004     --HOLE-- [fill = 0]
                  80051140    0000001c               : sys.o64P (.cinit)
                  8005115c    00000004     --HOLE-- [fill = 0]
                  80051160    0000001c     main_BIOS.o64P (.cinit)
                  8005117c    00000004     --HOLE-- [fill = 0]
                  80051180    0000001c     rts64plus.lib : _lock.obj (.cinit)
                  8005119c    00000004     --HOLE-- [fill = 0]
                  800511a0    0000001a     ce.a64P : Server.o64P (.cinit)
                  800511ba    00000006     --HOLE-- [fill = 0]
                  800511c0    0000001a     image.a64P : imgdec.o64P (.cinit)
                  800511da    00000006     --HOLE-- [fill = 0]
                  800511e0    0000001a                : imgenc.o64P (.cinit)
                  800511fa    00000006     --HOLE-- [fill = 0]
                  80051200    00000018     bios.a64P : knl_tick.o64P (.cinit)
                  80051218    00000018               : tsk_setp.o64P (.cinit)
                  80051230    00000018               : tsk_yiel.o64P (.cinit)
                  80051248    00000014     bios3430.a64P : bcache_table.o64P (.cinit)
                  8005125c    00000004     --HOLE-- [fill = 0]
                  80051260    00000010     bios.a64P : sem_crea.o64P (.cinit)
                  80051270    00000010     ce.a64P : visa.o64P (.cinit)
                  80051280    00000010     rts64plus.lib : divd.obj (.cinit)
                  80051290    0000000e     dskt2.a64P : dskt2crea.o64P (.cinit)
                  8005129e    00000002     --HOLE-- [fill = 0]
                  800512a0    0000000c     bios.a64P : knl_star.o64P (.cinit)
                  800512ac    00000004     --HOLE-- [fill = 0]
                  800512b0    0000000c               : knl_swit.o64P (.cinit)
                  800512bc    00000004     --HOLE-- [fill = 0]
                  800512c0    0000000c               : msgq.o64P (.cinit)
                  800512cc    00000004     --HOLE-- [fill = 0]
                  800512d0    0000000c               : pool.o64P (.cinit)
                  800512dc    00000004     --HOLE-- [fill = 0]
                  800512e0    0000000c               : tsk_disa.o64P (.cinit)
                  800512ec    00000004     --HOLE-- [fill = 0]
                  800512f0    0000000c     bios3430.a64P : bcache_wait.o64P (.cinit)
                  800512fc    00000004     --HOLE-- [fill = 0]
                  80051300    0000000c     ipc_bios.a64P : Comm_BIOS.o64P (.cinit)
                  8005130c    00000004     --HOLE-- [fill = 0]
                  80051310    0000000c     osal_bios.a64P : Trace.o64P (.cinit)
                  8005131c    00000004     --HOLE-- [fill = 0]
                  80051320    0000000c     rts64plus.lib : fopen.obj (.cinit)
                  8005132c    00000004     --HOLE-- [fill = 0]
                  80051330    0000000a     Algorithm_BIOS.a64P : Algorithm_BIOS.o64P (.cinit)
                  8005133a    00000006     --HOLE-- [fill = 0]
                  80051340    0000000a     XdmUtils.a64P : XdmUtils.o64P (.cinit)
                  8005134a    00000006     --HOLE-- [fill = 0]
                  80051350    0000000a     bios.a64P : msgq_init.o64P (.cinit)
                  8005135a    00000006     --HOLE-- [fill = 0]
                  80051360    0000000a               : msgq_stup.o64P (.cinit)
                  8005136a    00000006     --HOLE-- [fill = 0]
                  80051370    0000000a               : pool_init.o64P (.cinit)
                  8005137a    00000006     --HOLE-- [fill = 0]
                  80051380    00000004     (.pad.cinit) [fill = 0]

.sts       0    80051384    00000010     
                  80051384    00000010     app_local_x64Pcfg.o64P (.sts)

.trcdata   0    80051394    0000000c     
                  80051394    0000000c     bios.a64P : trc.o64P (.trcdata)

.sysinit   0    800513a0    00000760     
                  800513a0    00000320     app_local_x64Pcfg.o64P (.sysinit)
                  800516c0    00000140     bios.a64P : msgq_init.o64P (.sysinit)
                  80051800    00000120               : pool_init.o64P (.sysinit)
                  80051920    000000c0               : boot.o64P (.sysinit)
                  800519e0    000000a0               : mem_init.o64P (.sysinit)
                  80051a80    00000060               : tsk_init.o64P (.sysinit)
                  80051ae0    00000020               : obj_init.o64P (.sysinit)

.bss       0    80051b00    0000046c     UNINITIALIZED
                  80051b00    00000100     bios.a64P : hwi_disp_asm.o64P (.bss)
                  80051c00    000000cc               : biosdata.o64P (.bss)
                  80051ccc    0000009c               : swi.o64P (.bss)
                  80051d68    00000048               : knl.o64P (.bss)
                  80051db0    00000030     app_local_x64P.o64P (.bss)
                  80051de0    0000002c     dskt2.a64P : dskt2_scratch.o64P (.bss)
                  80051e0c    00000020     app.o64P (.bss)
                  80051e2c    00000020     app_local_x64Pcfg.o64P (.bss)
                  80051e4c    00000004     bios.a64P : clk_data2.o64P (.bss)
                  80051e50    00000020               : exc_asm.o64P (.bss)
                  80051e70    00000020     ce.a64P : Engine.o64P (.bss)
                  80051e90    00000020     utils.a64P : Load.o64P (.bss)
                  80051eb0    00000018     bios.a64P : hwi.o64P (.bss)
                  80051ec8    00000018     gt.a64P : gt.o64P (.bss)
                  80051ee0    00000010     bios.a64P : exc.o64P (.bss)
                  80051ef0    0000000c               : tsk.o64P (.bss)
                  80051efc    0000000c     osal_bios.a64P : GT_config_BIOS.o64P (.bss)
                  80051f08    0000000c                    : Global_BIOS.o64P (.bss)
                  80051f14    00000008     bios.a64P : clk_data.o64P (.bss)
                  80051f1c    00000008               : sys.o64P (.bss)
                  80051f24    00000008     ce.a64P : package_ti.sdo.ce.o64P (.bss)
                  80051f2c    00000006     osal_bios.a64P : Lock_BIOS.o64P (.bss)
                  80051f32    00000002     Algorithm_BIOS.a64P : Algorithm_BIOS.o64P (.bss)
                  80051f34    00000004     bios.a64P : knl_star.o64P (.bss)
                  80051f38    00000004               : mem_asm.o64P (.bss)
                  80051f3c    00000004               : mem_defi.o64P (.bss)
                  80051f40    00000004               : msgq.o64P (.bss)
                  80051f44    00000004               : pool.o64P (.bss)
                  80051f48    00000004               : tsk_disa.o64P (.bss)
                  80051f4c    00000004     ce.a64P : Server.o64P (.bss)
                  80051f50    00000004     main_BIOS.o64P (.bss)
                  80051f54    00000004     osal_bios.a64P : Thread_BIOS.o64P (.bss)
                  80051f58    00000004                    : Trace.o64P (.bss)
                  80051f5c    00000002     XdmUtils.a64P : XdmUtils.o64P (.bss)
                  80051f5e    00000002     bios.a64P : msgq_init.o64P (.bss)
                  80051f60    00000002               : msgq_stup.o64P (.bss)
                  80051f62    00000002               : pool_init.o64P (.bss)
                  80051f64    00000002     image.a64P : imgdec.o64P (.bss)
                  80051f66    00000002                : imgenc.o64P (.bss)
                  80051f68    00000002     osal_bios.a64P : Memory_BIOS.o64P (.bss)
                  80051f6a    00000002                    : Sem_BIOS.o64P (.bss)

.TSK_idle$stk 
*          0    80051f70    00000400     UNINITIALIZED
                  80051f70    00000400     app_local_x64Pcfg.o64P (.TSK_idle$stk)

.stack     0    80052370    00000400     UNINITIALIZED
                  80052370    00000400     --HOLE--

.switch    0    80052770    0000008c     
                  80052770    00000040     ce.a64P : Server.o64P (.switch)
                  800527b0    0000003c     dskt2.a64P : dskt2_scratch.o64P (.switch)
                  800527ec    00000010     gt.a64P : gt.o64P (.switch)

.ti_sdo_ce_osal_LOG_Buffer$buf 
*          0    80052800    00000400     UNINITIALIZED
                  80052800    00000400     app_local_x64Pcfg.o64P (.ti_sdo_ce_osal_LOG_Buffer$buf)

.hwi_vec   0    80052c00    00000200     
                  80052c00    00000200     app_local_x64Pcfg.o64P (.hwi_vec)

.trace     0    80052e00    00000200     
                  80052e00    00000200     --HOLE-- [fill = 00000000]

.cio       0    80053000    00000120     UNINITIALIZED
                  80053000    00000120     rts64plus.lib : trgmsg.obj (.cio)

.tsk       0    80053120    00000060     UNINITIALIZED
                  80053120    00000060     app_local_x64Pcfg.o64P (.tsk)

.gblinit   0    80053180    00000034     
                  80053180    00000034     app_local_x64Pcfg.o64P (.gblinit)

.log       0    800531b4    00000030     
                  800531b4    00000030     app_local_x64Pcfg.o64P (.log)

.sys       0    800531e4    00000010     UNINITIALIZED
                  800531e4    00000010     app_local_x64Pcfg.o64P (.sys)

.clk       0    800531f4    00000008     UNINITIALIZED
                  800531f4    00000008     app_local_x64Pcfg.o64P (.clk)

.LOG_system$buf 
*          0    80053200    00000100     UNINITIALIZED
                  80053200    00000100     app_local_x64Pcfg.o64P (.LOG_system$buf)

.swi       0    80053300    0000002c     UNINITIALIZED
                  80053300    0000002c     app_local_x64Pcfg.o64P (.swi)

.idl       0    8005332c    00000008     UNINITIALIZED
                  8005332c    00000008     app_local_x64Pcfg.o64P (.idl)

.idlcal    0    80053334    00000008     UNINITIALIZED
                  80053334    00000008     app_local_x64Pcfg.o64P (.idlcal)


FAR CALL TRAMPOLINES

callee name               trampoline name
   callee addr  tramp addr   call addr  call info
--------------  -----------  ---------  ----------------
$.bios:bios.a64P<mem_stat.o64P>$0x0  $Tramp$S$$_MEM_stat
   80047f20     8001a680     80008a84   osal_bios.a64P : Memory_BIOS.o64P (.text)
                             80008aa4                  : Memory_BIOS.o64P (.text)
                             8000e8c0   dskt2.a64P : dskt2_scratch.o64P (.text:__DSKT2_initializeAndUseSharedScratch)
$.bios:bios.a64P<mem_getBaseAddress.o64P>$0x0  $Tramp$S$$_MEM_getBaseAddress
   80049d40     8001a6a0     80008ad0   osal_bios.a64P : Memory_BIOS.o64P (.text)
$.bios:.near:bios.a64P<mem_free.o64P>$0x0  $Tramp$S$$_MEM_free
   800470c0     8001a6c0     80008b70   osal_bios.a64P : Memory_BIOS.o64P (.text)
                             80008b94                  : Memory_BIOS.o64P (.text)
                             80009160                  : Memory_BIOS.o64P (.text)
                             800092c0                  : Memory_BIOS.o64P (.text)
                             800092e0                  : Memory_BIOS.o64P (.text)
                             8000ed5c   dskt2.a64P : dskt2_scratch.o64P (.text:__DSKT2_initializeAndUseSharedScratch)
                             8000ee30              : dskt2_scratch.o64P (.text:__DSKT2_initializeAndUseSharedScratch)
                             80011bf4              : dskt2crea.o64P (.text:_DSKT2_createAlg3)
                             80011c68              : dskt2crea.o64P (.text:_DSKT2_createAlg3)
                             800147f4   osal_bios.a64P : GT_config_BIOS.o64P (.text)
                             80016044   dskt2.a64P : dskt2free.o64P (.text:_DSKT2_freeAlg)
                             800167d4              : dskt2_scratch.o64P (.text:__DSKT2_exitScratch)
                             80017050              : dskt2_scratch.o64P (.text:__DSKT2_dequeueMemTab)
                             80017bd0              : dskt2_scratch.o64P (.text:__DSKT2_freeAllocatedMemory)
$.bios:.near:bios.a64P<mem_allo.o64P>$0x0  $Tramp$S$$_MEM_alloc
   80046b20     8001a6e0     80008c6c   osal_bios.a64P : Memory_BIOS.o64P (.text)
                             80008c90                  : Memory_BIOS.o64P (.text)
                             800093b4                  : Memory_BIOS.o64P (.text)
                             800093d0                  : Memory_BIOS.o64P (.text)
                             80009830                  : Memory_BIOS.o64P (.text)
$.bios:bios.a64P<mem_rede.o64P>$0x0  $Tramp$S$$_MEM_redefine
   80046500     8001a700     80008d80   osal_bios.a64P : Memory_BIOS.o64P (.text)
$.bios:bios3430.a64P<bcache_all.o64P>$0x4c  $Tramp$S$$_BCACHE_wbInvAll
   8004974c     8001a720     800094a4   osal_bios.a64P : Memory_BIOS.o64P (.text)
                             800094b0                  : Memory_BIOS.o64P (.text)
$.bios:bios3430.a64P<bcache_block.o64P>$0xcc  $Tramp$S$$_BCACHE_wbInv
   80048a4c     8001a740     80009560   osal_bios.a64P : Memory_BIOS.o64P (.text)
                             80009580                  : Memory_BIOS.o64P (.text)
$.bios:bios3430.a64P<bcache_block.o64P>$0xe0  $Tramp$S$$_BCACHE_wb
   80048a60     8001a760     8000963c   osal_bios.a64P : Memory_BIOS.o64P (.text)
                             80009658                  : Memory_BIOS.o64P (.text)
$.bios:bios3430.a64P<bcache_block.o64P>$0xf0  $Tramp$S$$_BCACHE_inv
   80048a70     8001a780     8000971c   osal_bios.a64P : Memory_BIOS.o64P (.text)
                             80009738                  : Memory_BIOS.o64P (.text)
$.bios:bios.a64P<sys_atex.o64P>$0x0  $Tramp$S$$_SYS_atexit
   80049f80     8001a7a0     8000e6c0   osal_bios.a64P : Global_BIOS.o64P (.text)
$.bios:bios.a64P<sys_abor.o64P>$0x0  $Tramp$S$$_SYS_abort
   80049be0     8001a7c0     8000e738   osal_bios.a64P : Global_BIOS.o64P (.text)
                             80015f18   main_BIOS.o64P (.text)
                             80018408   bios.a64P : tsk_stup.o64P (.text)
                             80018424             : tsk_stup.o64P (.text)
                             80019f88   dskt2.a64P : dskt2_scratch.o64P (.text:__DSKT2_throwMPUMemException)
$.bios:.near:bios.a64P<mem_vall.o64P>$0x0  $Tramp$S$$_MEM_valloc
   80049880     8001a7e0     8000e778   dskt2.a64P : dskt2_scratch.o64P (.text:__DSKT2_initializeAndUseSharedScratch)
                             8000e900              : dskt2_scratch.o64P (.text:__DSKT2_initializeAndUseSharedScratch)
                             80011b24              : dskt2crea.o64P (.text:_DSKT2_createAlg3)
                             80011b3c              : dskt2crea.o64P (.text:_DSKT2_createAlg3)
                             80012c2c              : dskt2_scratch.o64P (.text:__DSKT2_init)
                             80012c5c              : dskt2_scratch.o64P (.text:__DSKT2_init)
                             80012c70              : dskt2_scratch.o64P (.text:__DSKT2_init)
                             80012ca4              : dskt2_scratch.o64P (.text:__DSKT2_init)
                             80012cb8              : dskt2_scratch.o64P (.text:__DSKT2_init)
                             80012cf8              : dskt2_scratch.o64P (.text:__DSKT2_init)
                             80012d28              : dskt2_scratch.o64P (.text:__DSKT2_init)
                             80014808   osal_bios.a64P : GT_config_BIOS.o64P (.text)
                             80016f34   dskt2.a64P : dskt2_scratch.o64P (.text:__DSKT2_allocateInInternal)
                             8001867c              : dskt2_scratch.o64P (.text:__DSKT2_allocateInDesignatedSpace)
                             800186f0              : dskt2_scratch.o64P (.text:__DSKT2_enqueueMemTab)
$.bios:bios.a64P<tsk_yiel.o64P>$0x40  $Tramp$S$$_TSK_yield
   80048e00     8001a800     8000ee90   osal_bios.a64P : Thread_BIOS.o64P (.text)
                             8000eeac                  : Thread_BIOS.o64P (.text)
$.bios:bios.a64P<tsk_stat.o64P>$0x0  $Tramp$S$$_TSK_stat
   80049240     8001a820     8000ef04   osal_bios.a64P : Thread_BIOS.o64P (.text)
                             8000ef20                  : Thread_BIOS.o64P (.text)
$.bios:bios.a64P<tsk_setp.o64P>$0x130  $Tramp$S$$_TSK_setpri
   80047730     8001a840     8000ef90   osal_bios.a64P : Thread_BIOS.o64P (.text)
                             8000efac                  : Thread_BIOS.o64P (.text)
$.bios:bios.a64P<tsk_dele.o64P>$0x0  $Tramp$S$$_TSK_delete
   80047440     8001a860     8000f2b0   osal_bios.a64P : Thread_BIOS.o64P (.text)
                             8000f2cc                  : Thread_BIOS.o64P (.text)
$.bios:bios.a64P<tsk_crea.o64P>$0x0  $Tramp$S$$_TSK_create
   80045aa0     8001a880     8000f450   osal_bios.a64P : Thread_BIOS.o64P (.text)
                             80015ed0   main_BIOS.o64P (.text)
                             80015ee4   main_BIOS.o64P (.text)
$.bios:bios.a64P<sem_pend_counting.o64P>$0x0  $Tramp$S$$_SEM_pend
   80049b20     8001a8a0     8001380c   osal_bios.a64P : Sem_BIOS.o64P (.text)
                             800147e0                  : GT_config_BIOS.o64P (.text)
                             80014dd4                  : Lock_BIOS.o64P (.text)
                             80019d4c   dskt2.a64P : dskt2_lock.o64P (.text:_DSKT2_acquireLock)
$.bios:bios.a64P<sem_post_asm.o64P>$0x0  $Tramp$S$$_SEM_post
   80048b60     8001a8c0     80013800   osal_bios.a64P : Sem_BIOS.o64P (.text)
                             800147c4                  : GT_config_BIOS.o64P (.text)
                             80014c80                  : Lock_BIOS.o64P (.text)
                             80019e04   dskt2.a64P : dskt2_lock.o64P (.text:_DSKT2_releaseLock)
$.bios:bios.a64P<sem_dele.o64P>$0x0  $Tramp$S$$_SEM_delete
   80049f20     8001a8e0     800138c4   osal_bios.a64P : Sem_BIOS.o64P (.text)
                             80014cc4                  : Lock_BIOS.o64P (.text)
$.bios:bios.a64P<sem_crea.o64P>$0x0  $Tramp$S$$_SEM_create
   80049600     8001a900     80013938   osal_bios.a64P : Sem_BIOS.o64P (.text)
                             8001394c                  : Sem_BIOS.o64P (.text)
                             80014884                  : GT_config_BIOS.o64P (.text)
                             80014d0c                  : Lock_BIOS.o64P (.text)
$.bios:bios.a64P<msgq_free.o64P>$0x0  $Tramp$S$$_MSGQ_free
   80049d80     8001a920     800140f0   ipc_bios.a64P : Comm_BIOS.o64P (.text)
$.bios:bios.a64P<msgq_locate.o64P>$0x0  $Tramp$S$$_MSGQ_locate
   80048780     8001a940     800140b8   ipc_bios.a64P : Comm_BIOS.o64P (.text)
$.bios:bios.a64P<msgq_put.o64P>$0x0  $Tramp$S$$_MSGQ_put
   80049060     8001a960     800140b0   ipc_bios.a64P : Comm_BIOS.o64P (.text)
$.bios:bios.a64P<msgq_release.o64P>$0x0  $Tramp$S$$_MSGQ_release
   80049a00     8001a980     800140a8   ipc_bios.a64P : Comm_BIOS.o64P (.text)
$.bios:bios.a64P<msgq_getsrcqueue.o64P>$0x0  $Tramp$S$$_MSGQ_getSrcQueue
   80049dc0     8001a9a0     800140d4   ipc_bios.a64P : Comm_BIOS.o64P (.text)
$.bios:bios.a64P<msgq_get.o64P>$0x0  $Tramp$S$$_MSGQ_get
   80048fc0     8001a9c0     800140e4   ipc_bios.a64P : Comm_BIOS.o64P (.text)
$.bios:bios.a64P<msgq_close.o64P>$0x0  $Tramp$S$$_MSGQ_close
   80048f20     8001a9e0     80014118   ipc_bios.a64P : Comm_BIOS.o64P (.text)
$.bios:bios.a64P<msgq_open.o64P>$0x0  $Tramp$S$$_MSGQ_open
   80048060     8001aa00     80014224   ipc_bios.a64P : Comm_BIOS.o64P (.text)
                             80014240                 : Comm_BIOS.o64P (.text)
$.bios:bios.a64P<msgq_alloc.o64P>$0x0  $Tramp$S$$_MSGQ_alloc
   80048d00     8001aa20     800142b0   ipc_bios.a64P : Comm_BIOS.o64P (.text)
$.bios:bios.a64P<swi_self.o64P>$0x0  $Tramp$S$$_SWI_self
   80049f60     8001aa40     80014728   osal_bios.a64P : GT_config_BIOS.o64P (.text)
$.bios:bios.a64P<sys_prin.o64P>$0x534  $Tramp$S$$_SYS_vprintf
   800447d4     8001aa60     80014768   osal_bios.a64P : GT_config_BIOS.o64P (.text)
                             80014798                  : GT_config_BIOS.o64P (.text)
$.bios:bios.a64P<sys_prin.o64P>$0x570  $Tramp$S$$_SYS_printf
   80044810     8001aa80     80014760   osal_bios.a64P : GT_config_BIOS.o64P (.text)
                             80019f70   dskt2.a64P : dskt2_scratch.o64P (.text:__DSKT2_throwMPUMemException)
$.bios:bios.a64P<clk_countspms.o64P>$0x0  $Tramp$S$$_CLK_countspms
   80049e80     8001aaa0     800148d0   utils.a64P : Load.o64P (.text)
$.bios:bios3430.a64P<clk2430_gethtime.o64P>$0x0  $Tramp$S$$_CLK_gethtime
   8004a000     8001aac0     80014920   utils.a64P : Load.o64P (.text)
$.bios:bios.a64P<malloc.o64P>$0x0  $Tramp$S$$_free
   80045de0     8001aae0     8001550c   rts64plus.lib : setvbuf.obj (.text:_setvbuf)
                             80016568                 : fclose.obj (.text:_fclose)
$.bios:bios.a64P<malloc.o64P>$0x28  $Tramp$S$$_malloc
   80045e08     8001ab00     80015590   rts64plus.lib : setvbuf.obj (.text:_setvbuf)
$.bios:bios.a64P<tsk_disa.o64P>$0x24  $Tramp$S$$_TSK_disable
   800496a4     8001ab20     80015f84   dskt2.a64P : dskt2free.o64P (.text:_DSKT2_freeAlg)
                             80016c28              : dskt2_scratch.o64P (.text:_DSKT2_getMemRecs)
                             80016fac              : dskt2_scratch.o64P (.text:__DSKT2_dequeueMemTab)
                             80018714              : dskt2_scratch.o64P (.text:__DSKT2_enqueueMemTab)
                             80018f08              : dskt2_scratch.o64P (.text:_DSKT2_getNumMemRecs)
                             80019ee8              : dskt2_scratch.o64P (.text:__DSKT2_decrScratchReferenceCount)
                             80019f28              : dskt2_scratch.o64P (.text:__DSKT2_incrScratchReferenceCount)
$.bios:bios.a64P<tsk_disa.o64P>$0x0  $Tramp$S$$_TSK_enable
   80049680     8001ab40     80015fd8   dskt2.a64P : dskt2free.o64P (.text:_DSKT2_freeAlg)
                             80016c7c              : dskt2_scratch.o64P (.text:_DSKT2_getMemRecs)
                             80016cc8              : dskt2_scratch.o64P (.text:_DSKT2_getMemRecs)
                             80016ff8              : dskt2_scratch.o64P (.text:__DSKT2_dequeueMemTab)
                             80017048              : dskt2_scratch.o64P (.text:__DSKT2_dequeueMemTab)
                             80018740              : dskt2_scratch.o64P (.text:__DSKT2_enqueueMemTab)
                             80018f48              : dskt2_scratch.o64P (.text:_DSKT2_getNumMemRecs)
                             80018f50              : dskt2_scratch.o64P (.text:_DSKT2_getNumMemRecs)
                             80019f00              : dskt2_scratch.o64P (.text:__DSKT2_decrScratchReferenceCount)
                             80019f40              : dskt2_scratch.o64P (.text:__DSKT2_incrScratchReferenceCount)
$.bios:bios.a64P<que_get.o64P>$0x28  $Tramp$S$$_QUE_put
   80049e28     8001ab60     80017b20   bios.a64P : staticpool_open.o64P (.text:_STATICPOOL_open)
                             80019c40   osal_bios.a64P : Queue_BIOS.o64P (.text)
                             8001a480   bios.a64P : staticpool_free.o64P (.text:_STATICPOOL_free)
$.bios:bios.a64P<lck.o64P>$0x0  $Tramp$S$$_LCK_post
   80049500     8001ab80     800183a0   bios.a64P : tsk_stup.o64P (.text)
$.bios:bios.a64P<lck.o64P>$0x20  $Tramp$S$$_LCK_pend
   80049520     8001aba0     80018404   bios.a64P : tsk_stup.o64P (.text)
$.bios:bios.a64P<que_get.o64P>$0x0  $Tramp$S$$_QUE_get
   80049e00     8001abc0     80018fb0   bios.a64P : staticpool_alloc.o64P (.text:_STATICPOOL_alloc)
                             80019c4c   osal_bios.a64P : Queue_BIOS.o64P (.text)
$.bios:log8.a64P<log_printf4.o64P>$0x0  $Tramp$S$$_LOG_printf4
   8004a020     8001abe0     80019830   osal_bios.a64P : Log_BIOS.o64P (.text)
$.bios:log8.a64P<log_ts.o64P>$0x0  $Tramp$S$$_LOG_event
   800492e0     8001ac00     80019868   osal_bios.a64P : Log_BIOS.o64P (.text)
$.bios:bios.a64P<hwi_c.o64P>$0x0  $Tramp$S$$_HWI_disable
   800499a0     8001ac20     80019c60   osal_bios.a64P : Queue_BIOS.o64P (.text)
$.bios:bios.a64P<hwi_c.o64P>$0x2c  $Tramp$S$$_HWI_restore
   800499cc     8001ac40     80019c84   osal_bios.a64P : Queue_BIOS.o64P (.text)


GLOBAL SYMBOLS: SORTED ALPHABETICALLY BY Name 

address    name
--------   ----
80051b00   $bss
80051b00   .bss
80000000   .data
80000000   .text
800513a0   BIOS_init
80051608   BIOS_start
00000000   BUF$
00000001   BUF_ENABLED
8001a5c0   C$$EXIT
800197e0   C$$IO$$
ffffffff   CACHE_L1D
ffffffff   CACHE_L2
00000001   CLK$
800531f4   CLK_A_TABBEG
00000001   CLK_CALDIV
00000001   CLK_CALMULT
00050910   CLK_COUNTSPMS
00000005   CLK_COUNTSPMSHIGH
80051c28   CLK_D_idletime
80051c24   CLK_D_isrhook
80051c20   CLK_D_tabbeg
80051c1c   CLK_D_timefxn
00000001   CLK_ENABLEHTIME
800477c0   CLK_F_getltime
800477d0   CLK_F_isr
80047920   CLK_F_itime
80044d80   CLK_HOOKFXN
00000001   CLK_HTIMEDIV
00000001   CLK_HTIMEMULT
00050910   CLK_HTIMEPERLTIME
00004b00   CLK_INPUTCLK
00004000   CLK_INTBIT
00000001   CLK_LTIMEDIV
00050910   CLK_LTIMEMULT
000003e8   CLK_MICROSECS
00004b00   CLK_PRD
00000000   CLK_PRDHIGH
49038000   CLK_REGS
00000000   CLK_RESETTIMER
80051c18   CLK_R_time
00000020   CLK_TCR
00000000   CLK_TDDR
00000000   CLK_TDDRHIGH
8004a000   CLK_TIMEFXN
00000000   CLK_TIMERNUM
00000005   CLK_TIMMODE
00000001   CLK_USETIMER
800531f8   CLK_null
80051e44   DDR2
8003429c   DDR2$B
00010000   DDR2$L
00000000   DEV$
00000000   DGN$
00000000   DHL$
00000000   DHL_gChannelsAvailable
00000000   DIO$
00000000   DIO_NUMSWIBASE
00000000   DIO_NUMTSKBASE
00000000   DIO_STATIC
00000000   DPI$
00000000   ECM$
00000000   ECM_ENABLE
ffffffff   ECM_EVTMASK0
ffffffff   ECM_EVTMASK1
ffffffff   ECM_EVTMASK2
ffffffff   ECM_EVTMASK3
0000000a   EVENT10
00000064   EVENT100
00000065   EVENT101
00000066   EVENT102
00000067   EVENT103
00000068   EVENT104
00000069   EVENT105
0000006a   EVENT106
0000006b   EVENT107
0000006c   EVENT108
0000006d   EVENT109
0000000b   EVENT11
0000006e   EVENT110
0000006f   EVENT111
00000070   EVENT112
00000071   EVENT113
00000072   EVENT114
00000073   EVENT115
00000074   EVENT116
00000075   EVENT117
00000076   EVENT118
00000077   EVENT119
0000000c   EVENT12
00000078   EVENT120
00000079   EVENT121
0000007a   EVENT122
0000007b   EVENT123
0000007c   EVENT124
0000007d   EVENT125
0000007e   EVENT126
0000007f   EVENT127
0000000d   EVENT13
0000000e   EVENT14
0000000f   EVENT15
00000010   EVENT16
00000011   EVENT17
00000012   EVENT18
00000013   EVENT19
00000014   EVENT20
00000015   EVENT21
00000016   EVENT22
00000017   EVENT23
00000018   EVENT24
00000019   EVENT25
0000001a   EVENT26
0000001b   EVENT27
0000001c   EVENT28
0000001d   EVENT29
0000001e   EVENT30
0000001f   EVENT31
00000020   EVENT32
00000021   EVENT33
00000022   EVENT34
00000023   EVENT35
00000024   EVENT36
00000025   EVENT37
00000026   EVENT38
00000027   EVENT39
00000004   EVENT4
00000028   EVENT40
00000029   EVENT41
0000002a   EVENT42
0000002b   EVENT43
0000002c   EVENT44
0000002d   EVENT45
0000002e   EVENT46
0000002f   EVENT47
00000030   EVENT48
00000031   EVENT49
00000005   EVENT5
00000032   EVENT50
00000033   EVENT51
00000034   EVENT52
00000035   EVENT53
00000036   EVENT54
00000037   EVENT55
00000038   EVENT56
00000039   EVENT57
0000003a   EVENT58
0000003b   EVENT59
00000006   EVENT6
0000003c   EVENT60
0000003d   EVENT61
0000003e   EVENT62
0000003f   EVENT63
00000040   EVENT64
00000041   EVENT65
00000042   EVENT66
00000043   EVENT67
00000044   EVENT68
00000045   EVENT69
00000007   EVENT7
00000046   EVENT70
00000047   EVENT71
00000048   EVENT72
00000049   EVENT73
0000004a   EVENT74
0000004b   EVENT75
0000004c   EVENT76
0000004d   EVENT77
0000004e   EVENT78
0000004f   EVENT79
00000008   EVENT8
00000050   EVENT80
00000051   EVENT81
00000052   EVENT82
00000053   EVENT83
00000054   EVENT84
00000055   EVENT85
00000056   EVENT86
00000057   EVENT87
00000058   EVENT88
00000059   EVENT89
00000009   EVENT9
0000005a   EVENT90
0000005b   EVENT91
0000005c   EVENT92
0000005d   EVENT93
0000005e   EVENT94
0000005f   EVENT95
00000060   EVENT96
00000061   EVENT97
00000062   EVENT98
00000063   EVENT99
80049940   FXN_F_nop
80049944   FXN_F_run
80049980   FXN_F_zero
00000001   GBL$
00005205   GBL_A_VERSION
00000000   GBL_BCACHEREADADDR0
00000000   GBL_BCACHEREADADDR1
00000000   GBL_BCACHEREADADDR2
00000000   GBL_BIGENDIAN
00000000   GBL_CACHE
00000000   GBL_CALLCSLCFGINIT
00004e20   GBL_CLKIN
00000d66   GBL_CLKTYPE
00001963   GBL_DSPSUBTYPE
0000003e   GBL_DSPTYPE
00000000   GBL_ENABLEINST
00000000   GBL_ENABLE_SK
00000042   GBL_FOOTPRINT
00050910   GBL_FREQ
00000000   GBL_GEMTRUECOMPEN
00000007   GBL_L1DMODE
00000000   GBL_L1PMODE
00000001   GBL_L2CONFIGURE
00000000   GBL_L2MAR0_31
0000ffff   GBL_L2MAR128_159
00000000   GBL_L2MAR160_191
00000000   GBL_L2MAR192_223
00000000   GBL_L2MAR224_255
00000000   GBL_L2MAR32_63
00000000   GBL_L2MAR64_95
00000000   GBL_L2MAR96_127
00000002   GBL_L2MODE
00000000   GBL_NULL
00000000   GBL_PROCID
00000000   GBL_ROM
00000000   GBL_SUPPORTCSL
0000dbef   GBL_TRCMASKVALUE
00000000   GBL_USERINIT
80049ea0   GBL_USERINITFXN
00000001   GBL_boot
8005139c   GBL_initdone
80052370   GBL_stackbeg
8005276f   GBL_stackend
00000000   GIO$
80049ea0   GIO_CREATEFXN
80049ea0   GIO_DELETEFXN
80049ea0   GIO_PENDFXN
80049ea0   GIO_POSTFXN
00000000   HOOK$
00000000   HOOK_KNLID
00000000   HST$
80000000   HST_A_TABBEG
80000000   HST_A_TABEND
00000000   HST_DSM
80051e44   HST_DSMBUFSEG
00000400   HST_DSMMEMSIZE
80051c94   HST_D_chanmask
80051c98   HST_D_tabbeg
80051c9c   HST_D_tabend
00000100   HST_MAXFRAMEALLOWED
00000000   HST_MAXFRAMESET
00000001   HST_NONE
00000000   HST_RTDX
00000001   HWI$
80052c00   HWI_A_VECS
00004000   HWI_CFGDISPATCHED
80051ec0   HWI_D_bss
80051ec4   HWI_D_ccmask
80051eb0   HWI_D_spsave
00000001   HWI_ENABLE_EXC
80044d80   HWI_F_dispatch
00000000   HWI_GENERATE_RESET_VEC
0000000a   HWI_INT10
00000000   HWI_INT10$hwi
0000000b   HWI_INT11
00000000   HWI_INT11$hwi
0000000c   HWI_INT12
00000000   HWI_INT12$hwi
0000000d   HWI_INT13
00000000   HWI_INT13$hwi
0000000e   HWI_INT14
00000000   HWI_INT14$hwi
0000000f   HWI_INT15
00000000   HWI_INT15$hwi
00000004   HWI_INT4
00000000   HWI_INT4$hwi
00000005   HWI_INT5
00000000   HWI_INT5$hwi
00000006   HWI_INT6
00000000   HWI_INT6$hwi
00000007   HWI_INT7
00000000   HWI_INT7$hwi
00000008   HWI_INT8
00000000   HWI_INT8$hwi
00000009   HWI_INT9
00000000   HWI_INT9$hwi
07060504   HWI_INTRMUX1
0a0a0908   HWI_INTRMUX2
34330d0b   HWI_INTRMUX3
00000001   HWI_NMI
00000000   HWI_NMI$hwi
00000000   HWI_POLARITYMASK
00000002   HWI_RESERVED0
00000000   HWI_RESERVED0$hwi
00000003   HWI_RESERVED1
00000000   HWI_RESERVED1$hwi
00000000   HWI_RESET
00000000   HWI_RESET$hwi
00000000   HWI_ZEROTAB
00000001   IDL$
80053334   IDL_A_CALBEG
8005332c   IDL_A_TABBEG
00000000   IDL_CALIBRERROR
00000000   IDL_CALIBRFXN
80051c08   IDL_D_calbeg
80051c04   IDL_D_calibrate
80051c00   IDL_D_tabbeg
80053330   IDL_END
80053338   IDL_END$
80049f00   IDL_F_loop
00000000   IDL_USECLKIDLTIME
ffffffff   IRAM
00000001   ISRC$
80047c78   KNL_glue
80053300   KNL_swi
00000001   KNL_swi$dorta
00000000   KNL_swi$ord
00000000   KNL_swi$pri
80051388   KNL_swi$sts
8004fba1   KNL_swi$sts$avgfmt
00000002   KNL_swi$sts$filter
00000001   KNL_swi$sts$filtmaxmult
00000001   KNL_swi$sts$filtsummult
8004fb91   KNL_swi$sts$maxfmt
80051384   KNL_swi$sts$stsobj
8004fb99   KNL_swi$sts$sumfmt
00000000   KNL_swi$sts$unittype
00000000   KNL_swi$swi
80051e48   L1DSRAM
10f04000   L1DSRAM$B
0000c000   L1DSRAM$L
ffffffff   L1PSRAM
00000001   LCK$
00000001   LOG$
800531b4   LOG_A_TABBEG
800531e4   LOG_A_TABEND
00000002   LOG_A_TABLEN
80051c0c   LOG_D_system
00000001   LOG_ENABLED
800492e0   LOG_F_event
800531b4   LOG_system
80053200   LOG_system$buf
00000000   LOG_system$datatype
00000000   LOG_system$log
00000040   LOG_system$size
8005332c   Load_cpuloadIdlObj
80053334   Load_cpuloadIdlObj$
00000000   MBX$
00000001   MEM$
80051e44   MEM_MALLOCSEG
00000000   MEM_NULL
80051e44   MEM_SEGZERO
00000000   MEM_USEMPC
00000002   MEM_gNumHeap
00000001   MSGQ$
00000001   MSGQ_USEMSGQ
00000000   OBJ$
00000000   PIP$
80000000   PIP_A_TABBEG
80000000   PIP_A_TABEND
00000000   PIP_A_TABLEN
80051c10   PIP_D_tabbeg
80051c14   PIP_D_tablen
00000064   PIP_OBJSIZE
00000000   PIP_gNextId
00000000   PIP_gNumEmbed
00000001   POOL$
00000001   POOL_USEPOOL
00000001   PRD$
80000000   PRD_A_TABBEG
80000000   PRD_A_TABEND
00000000   PRD_A_TABLEN
80051c50   PRD_D_cur
80051c54   PRD_D_elapsed
80051c58   PRD_D_prevtim
80051c5c   PRD_D_scalar
80051c60   PRD_D_swihandle
80051c64   PRD_D_tabbeg
80051c68   PRD_D_tablen
80051c6c   PRD_D_thook
80051c4c   PRD_D_tick
80045720   PRD_F_swi
800459a4   PRD_F_tick
00000001   PRD_SCALAR
00000000   PRD_SWIHANDLE
800470ac   PRD_THOOKFXN
800531f4   PRD_clock
00000001   PWRM$
00000000   PWRM_PWRM_CAPSMASK
0000000a   PWRM_PWRM_CLKTICKSPERSLOT
00000000   PWRM_PWRM_ENABLE
00000000   PWRM_PWRM_LOADENABLE
00000001   PWRM_PWRM_NUMSLOTS
00000000   PWRM_PWRM_RESOURCETRACKING
00000000   PWRM_PWRM_SCALING
80049ea0   PWRM_PWRM_SHAREDRESOURCEFXN
80049ea0   PWRM_PWRM_SLOTHOOKFXN
00000000   PWRM_PWRM_TIMERIDNUM
00000000   PWRM_PWRM_TIMERINTRMASK
00000000   PWRM_PWRM_TIMERWUGENMASK
00000000   PWRM_PWRM_USERRESOURCES
00000000   PWRM_PWRM_USETIMER
00000001   QUE$
80051c70   RTA_D_fromHost
80051c78   RTA_D_logval
80051c88   RTA_D_stsval
80051c74   RTA_D_toHost
00000000   RTDX$
00000408   RTDX_BUFMEMSIZE
80051e44   RTDX_DATAMEMSEG
00000000   RTDX_MODE
00000000   RTDX_USERTDX
00000000   RTDX_USERTEXECUTION
00000000   SEM$
00000000   SIO$
00000000   STS$
80051384   STS_A_TABBEG
80051394   STS_A_TABEND
80049bac   STS_F_add
80049b80   STS_F_delta
80049bc8   STS_F_reset
00000001   SWI$
80053300   SWI_A_TABBEG
8005332c   SWI_A_TABEND
00000001   SWI_A_TABLEN
80051ce4   SWI_D_curfxn
80051cd4   SWI_D_curmask
80051ce0   SWI_D_curmbox
80051cd8   SWI_D_curset
80051cd0   SWI_D_execaddr
80051cec   SWI_D_inswi
80051cdc   SWI_D_lock
80051ce8   SWI_D_rdybeg
80051cf0   SWI_D_rdytab
80051ccc   SWI_D_runaddr
00000000   SWI_EHOOKFXN
80045444   SWI_EXECFXN
80045260   SWI_F_enable
80045444   SWI_F_exec
8004546c   SWI_F_iexec
800452d0   SWI_F_post
800454ec   SWI_F_run
00000000   SWI_IHOOKFXN
800454ec   SWI_RUNFXN
00000001   SYS$
800531e4   SYS$config
80049e40   SYS_ABORTFXN
80049fc0   SYS_ERRORFXN
80049fe0   SYS_EXITFXN
80049ca0   SYS_PUTCFXN
80051398   TRC_R_mask
80051394   TRC_cinit
00000001   TSK$
00000000   TSK_NUM_HOOKS
00000001   TSK_PRIORITY
00000000   TSK_READYFXN
80051e44   TSK_STACKSEG
00000400   TSK_STACKSIZE
00000000   TSK_SWITCHFXN
80049ea0   TSK_VCREATEFXN
80049ea0   TSK_VDELETEFXN
80049ea0   TSK_VEXITFXN
8005312c   TSK_idle
00000000   TSK_idle$ord
00000000   TSK_idle$pri
80051f70   TSK_idle$stack
80052308   TSK_idle$stkptr
00000000   TSK_idle$tsk
00000000   UDEV$
80049380   _ATM_andi
80049380   _ATM_andu
80049390   _ATM_cleari
80049390   _ATM_clearu
800493a0   _ATM_deci
800493a0   _ATM_decu
800493b0   _ATM_inci
800493b0   _ATM_incu
800493c4   _ATM_ori
800493c4   _ATM_oru
800493d4   _ATM_seti
800493d4   _ATM_setu
8000afac   _Algorithm_acquireLock
8000aea8   _Algorithm_activate
8000add8   _Algorithm_addGroup
8000aa20   _Algorithm_create
8000a914   _Algorithm_deactivate
8000a750   _Algorithm_delete
8000a714   _Algorithm_exit
8000a70c   _Algorithm_getAlgHandle
8000a704   _Algorithm_getMemRecs
8000a6fc   _Algorithm_getNumRecs
8000a6a0   _Algorithm_init
8000a5a4   _Algorithm_releaseLock
8000a4e0   _Algorithm_removeGroup
80048374   _BCACHE_bootInit
800483f4   _BCACHE_getMar
800483a4   _BCACHE_getSize
80048a70   _BCACHE_inv
80049770   _BCACHE_invL1pAll
80048374   _BCACHE_setCacheToSram
80048324   _BCACHE_setMar
800482e0   _BCACHE_setSize
80049780   _BCACHE_wait
80048a60   _BCACHE_wb
80049760   _BCACHE_wbAll
80048a4c   _BCACHE_wbInv
8004974c   _BCACHE_wbInvAll
800513a0   _BIOS_init
80051608   _BIOS_start
80049d2c   _C62_clearIFR
80049d00   _C62_disableIER
80049d18   _C62_enableIER
8001a2e0   _C64P_getltime
8001a2f4   _C64P_getltime8
80049d2c   _C64_clearIFR
80049d00   _C64_disableIER
80049d18   _C64_enableIER
ffffffff   _CACHE_L1D
ffffffff   _CACHE_L2
8003417c   _CBuf_ATTRS
80019880   _CBuf_create
80019ca0   _CBuf_putc
80019ce0   _CBuf_puts
800198e0   _CERuntime_init
00050910   _CLK_COUNTSPMS
80051f14   _CLK_DFLTMICROSECS
80051c48   _CLK_D_countspms
80051c3c   _CLK_D_dirty
80051f18   _CLK_D_microseconds
[...]
8000a714   _Algorithm_exit
8000a750   _Algorithm_delete
8000a914   _Algorithm_deactivate
8000aa20   _Algorithm_create
8000add8   _Algorithm_addGroup
8000aea8   _Algorithm_activate
8000afac   _Algorithm_acquireLock
8000b0c0   __GT_trace
8000bc20   _XdmUtils_validateVideoBufDesc
8000bec4   _XdmUtils_validateVideo1BufDesc
8000c16c   _XdmUtils_validateSparseBufDesc1
8000c358   _XdmUtils_validateSparseBufDesc
8000c538   _XdmUtils_validateExtendedStruct
8000c6c0   _XdmUtils_init
8000c700   _IMGENC_process
8000c9f0   _IMGENC_delete
8000cab8   _IMGENC_create
8000cbf8   _IMGENC_control
8000cf80   _IMGDEC_process
8000d270   _IMGDEC_delete
8000d338   _IMGDEC_create
8000d478   _IMGDEC_control
8000d7e0   __divd
8000dfc0   _Global_setSpecialTrace
8000e350   _Global_init
8000e3e8   _Global_getenv
8000e3ec   _Global_getProcessId
8000e3f0   _Global_getCpuLoad
8000e4d4   _Global_exit
8000e60c   _Global_atexit
8000e704   _Global_abort
8000ee60   _Thread_yield
8000eec4   _Thread_stat
8000ef50   _Thread_setpri
8000efd0   _Thread_self
8000f02c   _Thread_join
8000f030   _Thread_init
8000f084   _Thread_getpri
8000f100   _Thread_getname
8000f184   _Thread_getenv
8000f208   _Thread_exit
8000f270   _Thread_delete
8000f2ec   _Thread_create
8000f4a0   _IMGENCCOPY_TI_process
8000f6ac   _IMGENCCOPY_TI_initObj
8000f708   _IMGENCCOPY_TI_alloc
8000f7f4   _IMGENCCOPY_TI_free
8000f880   _IMGENCCOPY_TI_control
8000fa40   _IMGDECCOPY_TI_process
8000fc04   _IMGDECCOPY_TI_initObj
8000fc60   _IMGDECCOPY_TI_alloc
8000fd48   _IMGDECCOPY_TI_free
8000fdcc   _IMGDECCOPY_TI_control
80010860   _fwrite
80010cc0   __DSKT2_assignInstanceMemory
800110a0   __printfi
80011440   __GT_set
80011aa0   _DSKT2_createAlg3
800120a0   _fputs
80012960   _fread
80012c00   __DSKT2_init
80013100   __divull
80013360   __mpyd
800135c0   __addd
80013800   _Sem_post
80013808   _Sem_pend
80013824   _Sem_init
80013858   _Sem_getCount
80013860   _Sem_delete
800138f4   _Sem_create
80013a40   __frcaddd
800140a0   _Comm_setSrcQueue
800140a8   _Comm_release
800140b0   _Comm_put
800140b8   _Comm_locate
800140d0   _Comm_init
800140d4   _Comm_getSrcQueue
800140e0   _Comm_getMsgSize
800140e4   _Comm_get
800140f0   _Comm_free
800140f8   _Comm_exit
80014100   _Comm_delete
80014150   _Comm_create
800142b0   _Comm_alloc
800142c0   __frcmpyd_div
800146c0   _GTConfig_tskId
80014744   _GTConfig_sysPrintfError
8001478c   _GTConfig_sysPrintf
800147c0   _GTConfig_semPost
800147d4   _GTConfig_semPend
800147ec   _GTConfig_getTime
800147f4   _GTConfig_biosMemFree
80014808   _GTConfig_biosMemAlloc
80014820   _GTConfig_biosInit
800148c0   _Load_setWindow
800148c8   _Load_setPeriod
800148f4   _Load_reset
80014908   _Load_init
80014910   _Load_idlefxn
80014a58   _Load_getcpuload
80014a70   _Load_getWindow
80014a78   _Load_getMinLoop
80014a88   _Load_getMaxLoop
80014c60   _Lock_release
80014ca0   _Lock_delete
80014cf4   _Lock_create
80014d70   _Lock_init
80014db0   _Lock_acquire
80014e20   _HOSTrename
80014fc0   __divul
800154a0   _setvbuf
800157c0   _open
80015920   _DSKT2_activateAlg
80015a60   __buff_read
80015ba0   _fputc
80015ba0   _putc
80015e20   _main
80015f60   _DSKT2_freeAlg
80016080   __DSKT2_getScratchRequestInfo
800161a0   __frcmpyd
80016500   _fclose
80016620   _HOSTlseek
80016a20   __wrt_ok
80016b20   _fflush
80016c20   _DSKT2_getMemRecs
80016d00   _DSKT2_initLocks
80016de0   _HOSTopen
80016fa0   __DSKT2_dequeueMemTab
80017080   __DSKT2_spaceToSeg
80017160   __cmpd
80017320   _atoi
80017400   _close
800174e0   _exit
800175c0   _memset
80017780   _Trace_vprint
800177f4   _Trace_putc
80017818   _Trace_print
80017844   _Trace_init
80017848   _Trace_getTrace
80017850   _Trace_bind
80017860   _HOSTread
80017920   _HOSTunlink
800179e0   _HOSTwrite
80017aa0   __STATICPOOL_open
80017ce0   __cleanup
80017da0   __divu
80017e60   __doflush
80017fe0   _fseek
800180a0   _lseek
80018160   _ltoa
80018220   _read
800182e0   _write
80018460   _DSKT2_deactivateAlg
80018500   _HOSTclose
800186e0   __DSKT2_enqueueMemTab
80018780   __DSKT2_freeInstanceMemory
80018820   __divli
80018a00   __fixdli
80018b40   __rd_ok
80018be0   __remu
80018d20   _memcpy
80018dc0   _printf
80018f00   _DSKT2_getNumMemRecs
80018f80   __STATICPOOL_alloc
80019000   __DSKT2_Permute_iterateNext
80019080   __DSKT2_Permute_setInitialState
80019100   __GT_create
80019180   __fixdi
80019200   __fltlid
80019280   __llshl
80019380   __renormd
80019580   _fprintf
80019600   _strstr
80019680   _unlink
80019700   _vsnprintf
80019780   _writemsg
800197e0   C$$IO$$
80019800   _Log_printf
80019858   _Log_init
80019860   _Log_event
80019880   _CBuf_create
800198e0   _CERuntime_init
800198e0   _ti_sdo_ce_CERuntime_init__F
80019940   _DSKT2_createAlgExt
800199a0   __DSKT2_useSharedScratch
80019a00   __llshru
80019a60   __subcull
80019ac0   _fopen
80019b20   _memccpy
80019b80   _readmsg
80019be0   _sprintf
80019c40   _Queue_put
80019c48   _Queue_init
80019c4c   _Queue_get
80019c54   _Queue_extract
80019c94   _Queue_exit
80019ca0   _CBuf_putc
80019ce0   _CBuf_puts
80019d20   _DSKT2_acquireLock
80019d60   _DSKT2_createAlg
80019da0   _DSKT2_getContext
80019de0   _DSKT2_releaseLock
80019e20   _DSKT2_setContext
80019e60   _GT_curTime
80019ea0   _GT_init
80019f60   __DSKT2_throwMPUMemException
80019fe0   ___isinf
8001a0a0   __abort_msg
8001a0e0   __negd
8001a160   __remli
8001a1a0   __subd
8001a220   _ti_sdo_ce_osal_bios_init
8001a260   _SemMP_post
8001a268   _SemMP_pend
8001a270   _SemMP_init
8001a274   _SemMP_getRefCount
8001a278   _SemMP_getCount
8001a284   _SemMP_delete
8001a294   _SemMP_create
8001a2a0   _Global_getLoad
8001a2e0   _C64P_getltime
8001a2f4   _C64P_getltime8
8001a320   _DMAN3_CE_exit
8001a340   _DMAN3_CE_init
8001a360   _DMAN3_grantDmaChannels
8001a380   _DMAN3_releaseDmaChannels
8001a3a0   _GT_getModNameFlags
8001a3c0   _RMAN_activateAllResources
8001a3e0   _RMAN_assignResources
8001a400   _RMAN_deactivateAllResources
8001a420   _RMAN_exit
8001a440   _RMAN_freeResources
8001a460   _RMAN_init
8001a480   __STATICPOOL_free
8001a4a0   __negll
8001a4c0   __nop
8001a580   __register_lock
8001a5a0   __register_unlock
8001a5c0   C$$EXIT
8001a5c0   _abort
8001a600   _remove
8001a640   _Processor_wait
8001a648   _Processor_init
8001a64c   _Processor_delete
8001a650   _Processor_create
8001a660   _LockMP_release
8001a664   _LockMP_init
8001a668   _LockMP_getRefCount
8001a66c   _LockMP_getCount
8001a670   _LockMP_delete
8001a674   _LockMP_create
8001a678   _LockMP_acquire
8001ac60   _Global_buildInfo
8001ac60   ___etext__
8001ac60   etext
8001adec   _Engine_config
8001adf4   _ti_sdo_ce_examples_codecs_imgdec_copy_IMGDEC_COPY_codecClassConfig
8001ae34   _ti_sdo_ce_examples_codecs_imgenc_copy_IMGENC_COPY_codecClassConfig
8001ae78   __DSKT2_DARAM_SCRATCH_SIZES
8001aec8   __DSKT2_SARAM_SCRATCH_SIZES
8001af18   __ti_sdo_utils_trace_GT_params
8001af40   _GT
8001b660   _MSGQ_config
8002b6a0   _POOL_config
8002b6a8   __ALG_groupUsed
8002b6f8   __ALG_sems
8002b748   __ALG_groupRefCount
8002b798   __Algorithm_lockOwner
8002b7e8   _ti_sdo_ce_dvtLog
8002b7f0   _Memory_heapNames
8002b7f8   _Memory_heapBases
8002b800   _Memory_heapSizes
8002b808   _Global_traceBuffer
80033ad8   __ftable
80033bc8   __tmpnams
80033c68   __ft_end
80033c6c   _CLK_gptimer_enablemask
80033c70   _KNL_queues
80033d10   _KNL_dummy
80033ee4   _TSK_ATTRS
80033f00   _TSK_config
80033f20   _TSK_timerSem
80033f40   _IMGDECCOPY_TI_IMGDECCOPY
80033f6c   _IMGDECCOPY_TI_IALG
80033f98   _IMGENCCOPY_TI_IMGENCCOPY
80033fc4   _IMGENCCOPY_TI_IALG
80033ff0   _OBJ_table
80034028   _OBJ_segtab
80034044   __TSK_mutex
8003406c   __MEM_mutex
80034094   _MEM_ATTRS
80034098   _SYS_errors
800340d4   __BCACHE_emifAddr
800340d8   _Engine_ALGCREATEATTRS
80034110   _SYS_exitStack
80034130   _Thread_ATTRS
80034154   _Memory_DEFAULTPARAMS
80034164   _CLK_inputClock
80034168   _ti_sdo_ce__dummy__
80034170   _ti_sdo_ce__versionNumArray
8003417c   _CBuf_ATTRS
80034188   _Processor_ATTRS
80034194   _EXC_status
800341d4   _Queue_ATTRS
800341d8   __DSKT2_scratchDescTbl
800341e0   _ti_sdo_fc_dskt2_GTMask
80034204   _Lock_ATTRS
80034214   __BCACHE_readTable
80034220   _Comm_ATTRS
8003422c   __cleanup_ptr
80034230   __dtors_ptr
80034234   ___TI_enable_exit_profile_output
80034248   _SEM_ATTRS
80034260   _DSKT2_ALGATTRS
80034268   _ti_sdo_ce_image_IMGDEC_curTrace
80034270   _ti_sdo_ce_image_IMGENC_curTrace
80034278   _curMask
80034288   __lock
8003428c   __unlock
8003429c   DDR2$B
8003429c   _DDR2_base
800443a0   _SYS_vsprintf
800447d4   _SYS_vprintf
800447e4   _SYS_sprintf
80044810   _SYS_printf
80044860   _EXC_nmi
80044894   _EXC_internal
80044b40   _EXC_init
80044b80   _EXC_getLastStatus
80044ba0   _EXC_external
80044bd4   _EXC_exceptionHandler
80044d50   _EXC_clearLastStatus
80044d80   CLK_HOOKFXN
80044d80   HWI_F_dispatch
80044d80   _HWI_F_dispatch
80044d80   __HWI_lat1beg
80044f08   __HWI_lat1end
80044f08   __HWI_lat2beg
80045070   __HWI_lat2end2
800450a0   __HWI_lat3end2
800450e4   __HWI_lat2end1
80045100   __HWI_lat3beg
80045260   SWI_F_enable
80045260   __SWI_lat3beg
800452cc   __SWI_lat3end
800452d0   SWI_F_post
800452d0   _SWI_post
800453d8   __SWI_lat1beg
80045444   SWI_EXECFXN
80045444   SWI_F_exec
8004546c   SWI_F_iexec
80045484   __SWI_lat1end
80045488   __SWI_lat2beg
800454e8   __SWI_lat2end
800454ec   SWI_F_run
800454ec   SWI_RUNFXN
80045720   PRD_F_swi
800459a4   PRD_F_tick
80045aa0   _TSK_create
80045de0   _free
80045e08   _malloc
80045e6c   _realloc
80045f38   _memalign
80046018   _calloc
80046080   _KNL_run
800462c0   _MEM_define
80046500   _MEM_redefine
80046720   _SEM_pendEnterKnl
80046920   _CLK_stop
80046984   _CLK_start
80046b20   _MEM_alloc
80046d00   _EXC_dispatch
80046ec4   _EXC_setReturnPtr
800470ac   PRD_THOOKFXN
800470ac   _KNL_tick
800470c0   _MEM_free
80047280   __SEM_dopost
80047440   _TSK_delete
80047730   _TSK_setpri
800477c0   CLK_F_getltime
800477d0   CLK_F_isr
80047920   CLK_F_itime
80047920   _CLK_F_itime
80047920   _CLK_itime
8004793c   __CLK_lat1beg
80047960   __CLK_lat1end
80047980   _TSK_setup
80047b20   _KNL_saveIsrFrame
80047bcc   _KNL_switch
80047c78   KNL_glue
80047ca0   __auto_init
80047de0   _KNL_ready
80047f20   _MEM_stat
80048060   _MSGQ_open
800481a0   _TSK_exit
800482e0   _BCACHE_setSize
80048324   _BCACHE_setMar
80048374   _BCACHE_bootInit
80048374   _BCACHE_setCacheToSram
800483a4   _BCACHE_getSize
800483f4   _BCACHE_getMar
80048484   _GBL_cacheInit64P
80048540   _KNL_check
8004858c   __KNL_lat1beg
80048608   _KNL_idle
80048608   __KNL_lat1end
80048630   _KNL_max
80048704   _TSK_startup
80048780   _MSGQ_locate
80048880   _MSGQ_startup
80048a4c   _BCACHE_wbInv
80048a60   _BCACHE_wb
80048a70   _BCACHE_inv
80048a80   _MSGQ_locateLocal
80048b60   _SEM_post
80048b60   _SEM_postBinary
80048c40   _KNL_exit
80048c80   _KNL_enter
80048d00   _MSGQ_alloc
80048e00   _TSK_yield
80048e80   _KNL_start
80048f20   _MSGQ_close
80048fc0   _MSGQ_get
80049060   _MSGQ_put
80049100   _SEM_postEnterKnl
800491a0   _SYS_exit
80049240   _TSK_stat
800492e0   LOG_F_event
800492e0   _LOG_event
800492e0   __LOG_lat1beg
80049380   _ATM_andi
80049380   _ATM_andu
80049390   _ATM_cleari
80049390   _ATM_clearu
800493a0   _ATM_deci
800493a0   _ATM_decu
800493b0   _ATM_inci
800493b0   _ATM_incu
800493c4   _ATM_ori
800493c4   _ATM_oru
800493d4   _ATM_seti
800493d4   _ATM_setu
80049400   _KNL_ipost
80049480   _KNL_post
80049500   _LCK_post
80049520   _LCK_pend
80049580   _OBJ_create
80049600   _SEM_create
80049680   _TSK_enable
800496a4   _TSK_disable
8004974c   _BCACHE_wbInvAll
80049760   _BCACHE_wbAll
80049770   _BCACHE_invL1pAll
80049780   _BCACHE_wait
80049800   _LOG_event5
80049880   _MEM_valloc
800498e0   _SYS_error
80049940   FXN_F_nop
80049944   FXN_F_run
80049944   _FXN_F_run
80049980   FXN_F_zero
80049980   _FXN_F_zero
800499a0   _HWI_disable
800499b8   _HWI_enable
800499cc   _HWI_restore
80049a00   _MSGQ_release
80049a60   _OBJ_delete
80049ac0   _SEM_pendBinary
80049b20   _SEM_pend
80049b80   STS_F_delta
80049b80   _STS_delta
80049bac   STS_F_add
80049bac   _STS_add
80049bc8   STS_F_reset
80049bc8   _STS_reset
80049be0   _SYS_abort
80049c40   _TRG_stkused
80049ca0   SYS_PUTCFXN
80049ca0   _UTL_doPutc
80049d00   _C62_disableIER
80049d00   _C64_disableIER
80049d18   _C62_enableIER
80049d18   _C64_enableIER
80049d2c   _C62_clearIFR
80049d2c   _C64_clearIFR
80049d40   _MEM_getBaseAddress
80049d80   _MSGQ_free
80049dc0   _MSGQ_getSrcQueue
80049e00   _QUE_get
80049e00   __QUE_lat1beg
80049e20   __QUE_lat1end
80049e28   _QUE_put
80049e28   __QUE_lat2beg
80049e34   __QUE_lat2end
80049e40   SYS_ABORTFXN
80049e40   _UTL_doAbort
80049e80   _CLK_countspms
80049ea0   GBL_USERINITFXN
80049ea0   GIO_CREATEFXN
80049ea0   GIO_DELETEFXN
80049ea0   GIO_PENDFXN
80049ea0   GIO_POSTFXN
80049ea0   PWRM_PWRM_SHAREDRESOURCEFXN
80049ea0   PWRM_PWRM_SLOTHOOKFXN
80049ea0   TSK_VCREATEFXN
80049ea0   TSK_VDELETEFXN
80049ea0   TSK_VEXITFXN
80049ea0   _FXN_F_nop
80049ec0   _GBL_getVersion
80049ee0   _HOOK_setenv
80049f00   IDL_F_loop
80049f00   _IDL_loop
80049f20   _SEM_delete
80049f40   _STS_set
80049f60   _SWI_self
80049f80   _SYS_atexit
80049fa0   _SYS_zero
80049fa8   _SYS_one
80049fc0   SYS_ERRORFXN
80049fc0   _UTL_doError
80049fe0   SYS_EXITFXN
80049fe0   _UTL_halt
8004a000   CLK_TIMEFXN
8004a000   _CLK_gethtime
8004a020   _LOG_printf4
8004f5b8   __ctypes_
8004fb10   _MSGQ_ATTRS
8004fb1c   _MSGQ_LOCATEATTRS
8004fb20   _MSGQ_LOCATEASYNCATTRS
8004fb54   _STATICPOOL_FXNS
8004fb91   KNL_swi$sts$maxfmt
8004fb98   ___cinit__
8004fb98   cinit
8004fb99   KNL_swi$sts$sumfmt
8004fba1   KNL_swi$sts$avgfmt
80051384   KNL_swi$sts$stsobj
80051384   STS_A_TABBEG
80051384   _STS_A_TABBEG
80051388   KNL_swi$sts
80051394   STS_A_TABEND
80051394   TRC_cinit
80051394   _STS_A_TABEND
80051398   TRC_R_mask
80051398   _TRC_R_mask
8005139c   GBL_initdone
800513a0   BIOS_init
800513a0   _BIOS_init
80051608   BIOS_start
80051608   _BIOS_start
800516c0   _MSGQ_init
80051800   _POOL_init
80051920   _c_int00
800519e0   _MEM_init
80051a80   _TSK_init
80051ae0   _OBJ_init
80051b00   $bss
80051b00   .bss
80051b00   _HWI_dispatchTab
80051b00   ___bss__
80051c00   IDL_D_tabbeg
80051c04   IDL_D_calibrate
80051c08   IDL_D_calbeg
80051c0c   LOG_D_system
80051c0c   _LOG_D_system
80051c10   PIP_D_tabbeg
80051c14   PIP_D_tablen
80051c18   CLK_R_time
80051c1c   CLK_D_timefxn
80051c20   CLK_D_tabbeg
80051c24   CLK_D_isrhook
80051c28   CLK_D_idletime
80051c2c   _CLK_htimeDiv
80051c30   _CLK_htimeMult
80051c34   _CLK_ltimeDiv
80051c38   _CLK_ltimeMult
80051c3c   _CLK_D_dirty
80051c40   _CLK_D_prd
80051c44   _CLK_D_tddr
80051c48   _CLK_D_countspms
80051c4c   PRD_D_tick
80051c4c   _PRD_D_tick
80051c50   PRD_D_cur
80051c54   PRD_D_elapsed
80051c58   PRD_D_prevtim
80051c5c   PRD_D_scalar
80051c60   PRD_D_swihandle
80051c64   PRD_D_tabbeg
80051c68   PRD_D_tablen
80051c6c   PRD_D_thook
80051c70   RTA_D_fromHost
80051c74   RTA_D_toHost
80051c78   RTA_D_logval
80051c88   RTA_D_stsval
80051c94   HST_D_chanmask
80051c98   HST_D_tabbeg
80051c9c   HST_D_tabend
80051ca0   _GBL_procId
80051ca4   _GBL_clkIn
80051ca8   _GBL_freq
80051cac   _MEM_D_NUMSEGMENTS
80051cb0   _MEM_D_memtab
80051cb4   _MEM_D_freelist
80051cb8   _MEM_D_lockaddr
80051cbc   _MEM_D_unlockaddr
80051cc0   _SYS
80051cc4   __HOOK_knlId
80051cc8   __HOOK_NUMHOOKS
80051ccc   SWI_D_runaddr
80051ccc   _SWI_D_runaddr
80051ccc   _SWI_data
80051cd0   SWI_D_execaddr
80051cd0   _SWI_D_execaddr
80051cd4   SWI_D_curmask
80051cd4   _SWI_D_curmask
80051cd8   SWI_D_curset
80051cd8   _SWI_D_curset
80051cdc   SWI_D_lock
80051cdc   _SWI_D_lock
80051ce0   SWI_D_curmbox
80051ce4   SWI_D_curfxn
80051ce4   _SWI_D_curfxn
80051ce8   SWI_D_rdybeg
80051ce8   _SWI_D_rdybeg
80051cec   SWI_D_inswi
80051cec   _SWI_D_inswi
80051cf0   SWI_D_rdytab
80051d68   _KNL_wFlag
80051d6c   _KNL_wList
80051d70   _KNL_alarm
80051d74   _KNL_setpri
80051d78   _KNL_inactive
80051d7c   _KNL_priority
80051d80   _KNL_set
80051d84   _KNL_curtask
80051d88   _KNL_prevtask
80051d8c   _KNL_curtime
80051d90   _KNL_swiptr
80051d94   _KNL_curqueue
80051d98   _KNL_maxqueue
80051d9c   _KNL_tswitchfxn
80051da0   _KNL_tcreatefxn
80051da4   _KNL_tdeletefxn
80051da8   _KNL_treadyfxn
80051dac   _KNL_idlefxn
80051db0   _Memory_skipVirtualAddressTranslation
80051db2   _ti_sdo_ce_Engine_noCommName
80051db4   _Global_useLinkArbiter
80051db8   _VISA_checked
80051dbc   _DSKT2_cacheWBInvFxn
80051dc0   __DSKT2_ALLOW_EXTERNAL_SCRATCH
80051dc4   _ti_sdo_fc_multiProcess
80051dc8   _ti_sdo_ce_alg_ALG_useHeap
80051dcc   _ti_sdo_ce_alg_ALG_useCache
80051dd0   _ti_sdo_ce_alg_ALG_maxGroups
80051dd4   _ti_sdo_ce_alg_ipcKey
80051dd8   _Memory_numHeaps
80051ddc   _Global_traceBufferSize
80051de0   __DSKT2_memTabList
80051de4   __DSKT2_activeAlg
80051de8   __DSKT2_lastActiveAlg
80051dec   __DSKT2_scratchShareRefCount
80051df0   __DSKT2_heapId
80051df4   __DSKT2_createCallbackFxn
80051df8   __DSKT2_algReferenceCount
80051dfc   __DSKT2_NumYielded
80051e00   __DSKT2_yielded
80051e2c   _MEM_memtab
80051e44   DDR2
80051e44   HST_DSMBUFSEG
80051e44   MEM_MALLOCSEG
80051e44   MEM_SEGZERO
80051e44   RTDX_DATAMEMSEG
80051e44   TSK_STACKSEG
80051e44   _DDR
80051e44   _DDR2
80051e44   _Memory_SEGID
80051e44   __DSKT2_HEAP
80051e44   __DSKT_EPROG
80051e44   __DSKT_ESDATA
80051e48   L1DSRAM
80051e48   _L1DHEAP
80051e48   _L1DSRAM
80051e48   __DSKT_DARAM0
80051e48   __DSKT_DARAM1
80051e48   __DSKT_DARAM2
80051e48   __DSKT_IPROG
80051e48   __DSKT_SARAM0
80051e48   __DSKT_SARAM1
80051e48   __DSKT_SARAM2
80051e4c   _CLK_htimePerLtime
80051e50   _EXC_sysTrapTable
80051e58   _EXC_returnPtr
80051e72   _Engine_alwaysCollectDspTrace
80051e74   _Engine_ceDebugDspTraceMask
80051eb0   HWI_D_spsave
80051eb0   _HWI_D_spsave
80051eb0   _HWI_data
80051ebc   _HWI_D_inhwi
80051ec0   HWI_D_bss
80051ec4   HWI_D_ccmask
80051ee0   _EXC_exceptionHook
80051ee4   _EXC_internalHook
80051ee8   _EXC_externalHook
80051eec   _EXC_nmiHook
80051ef0   _TSK_nTasks
80051ef4   _TSK_pid
80051ef8   _TSK
80051f14   _CLK_DFLTMICROSECS
80051f18   _CLK_D_microseconds
80051f1c   _SYS_exitStackPtr
80051f20   _SYS_exitStackTop
80051f24   _ti_sdo_ce__versionString
80051f28   _ti_sdo_ce__whatString
80051f2c   _Lock_system
80051f38   _MEM
80051f3c   _MEM_staticMemtab
80051f40   _MSGQ
80051f44   _POOL
80051f4c   _Server_holdingTraceToken
80051f58   _Trace_system
80051f6c   ___end__
80051f6c   end
80051f70   TSK_idle$stack
80052308   TSK_idle$stkptr
80052370   GBL_stackbeg
80052370   _HWI_STKTOP
80052370   __stack
80052768   _HWI_STKBOTTOM
8005276f   GBL_stackend
80052800   ti_sdo_ce_osal_LOG_Buffer$buf
80052c00   HWI_A_VECS
80052c00   hwi0
80052c20   hwi1
80052c40   hwi2
80052c60   hwi3
80052c80   hwi4
80052ca0   hwi5
80052cc0   hwi6
80052ce0   hwi7
80052d00   hwi8
80052d20   hwi9
80052d40   hwi10
80052d60   hwi11
80052d80   hwi12
80052da0   hwi13
80052dc0   hwi14
80052de0   hwi15
80052e00   _SYS_PUTCBEG
80052fff   _SYS_PUTCEND
80053000   __CIOBUF_
8005312c   TSK_idle
8005312c   _TSK_idle
800531b4   LOG_A_TABBEG
800531b4   LOG_system
800531b4   _LOG_A_TABBEG
800531b4   _LOG_system
800531cc   _ti_sdo_ce_osal_LOG_Buffer
800531cc   ti_sdo_ce_osal_LOG_Buffer
800531e4   LOG_A_TABEND
800531e4   SYS$config
800531e4   _LOG_A_TABEND
800531f4   CLK_A_TABBEG
800531f4   PRD_clock
800531f4   _PRD_clock
800531f8   CLK_null
80053200   LOG_system$buf
80053300   KNL_swi
80053300   SWI_A_TABBEG
80053300   _KNL_swi
8005332c   IDL_A_TABBEG
8005332c   Load_cpuloadIdlObj
8005332c   SWI_A_TABEND
8005332c   _Load_cpuloadIdlObj
80053330   IDL_END
80053334   IDL_A_CALBEG
80053334   Load_cpuloadIdlObj$
80053338   IDL_END$
ffffffff   CACHE_L1D
ffffffff   CACHE_L2
ffffffff   ECM_EVTMASK0
ffffffff   ECM_EVTMASK1
ffffffff   ECM_EVTMASK2
ffffffff   ECM_EVTMASK3
ffffffff   IRAM
ffffffff   L1PSRAM
ffffffff   _CACHE_L1D
ffffffff   _CACHE_L2
ffffffff   _IRAM
ffffffff   _L1PSRAM
ffffffff   ___TI_pprof_out_hndl
ffffffff   ___TI_prof_data_size
ffffffff   ___TI_prof_data_start
ffffffff   ___binit__
ffffffff   ___c_args__
ffffffff   ___pinit__
ffffffff   binit
ffffffff   pinit

[1416 symbols]
