******************************************************************************
               TMS320C6x Linker Unix v6.1.14                   
******************************************************************************
>> Linked Wed Sep 18 14:12:31 2013

OUTPUT FILE NAME:   <bin/ti_platforms_evm3530/all.x64P>
ENTRY POINT SYMBOL: "_c_int00"  address: 8785dcc0


MEMORY CONFIGURATION

         name            origin    length      used     unused   attr    fill
----------------------  --------  ---------  --------  --------  ----  --------
  IRAM                  107f8000   00008000  00000000  00008000  RWIX
  CACHE_L2              10800000   00010000  00000000  00010000  RWIX
  CACHE_L1P             10e00000   00008000  00000000  00008000  RWIX
  L1DSRAM               10f04000   0000c000  00008000  00004000  RWIX
  CACHE_L1D             10f10000   00008000  00000000  00008000  RWIX
  L4CORE                48000000   01000000  00000000  01000000  RWIX
  L4PER                 49000000   00100000  00000000  00100000  RWIX
  IVAMMU                5d000000   00001000  00000000  00001000  RWIX
  DDRALGHEAP            86000000   01800000  01800000  00000000  RWIX
  DDR2                  87800000   00600000  000a63cb  00559c35  RWIX
  DSPLINKMEM            87e00000   00100000  00000000  00100000  RWIX
  RESET_VECTOR          87f00000   00001000  00000000  00001000  RWIX


SECTION ALLOCATION MAP

 output                                  attributes/
section   page    origin      length       input sections
--------  ----  ----------  ----------   ----------------
.vers      0    00000000    00000040     COPY SECTION
                  00000000    00000040     all_x64Pcfg.o64P (.vers)

.pinit     0    87800000    00000000     UNINITIALIZED

xdc.meta   0    00000000    00000137     COPY SECTION
                  00000000    00000137     all_x64P.o64P (xdc.meta)

.L1DSRAM$heap 
*          0    10f04000    00008000     UNINITIALIZED
                  10f04000    00008000     --HOLE--

.DDRALGHEAP$heap 
*          0    86000000    01800000     UNINITIALIZED
                  86000000    01800000     --HOLE--

.prd       0    87800000    00000000     UNINITIALIZED

.text      0    87800000    0003c740     
                  87800000    00006340     ce.a64P : Engine.o64P (.text)
                  87806340    00003060     dsplinkringio.lib : _ringio.obj (.text)
                  878093a0    00001a20     ce.a64P : rms.o64P (.text)
                  8780adc0    00001800             : visa.o64P (.text)
                  8780c5c0    00000f00             : Server.o64P (.text)
                  8780d4c0    00000e80     osal_bios.a64P : Memory_BIOS.o64P (.text)
                  8780e340    00000e60     dsplinkmpcs.lib : mpcs.obj (.text)
                  8780f1a0    00000d40     dsplink.lib : ips.obj (.text)
                  8780fee0    00000c00     bioslog.a64P : LogServer.o64P (.text)
                  87810ae0    00000be0     Algorithm_BIOS.a64P : Algorithm_BIOS.o64P (.text)
                  878116c0    00000b60     gt.a64P : gt.o64P (.text:__GT_trace)
                  87812220    00000b40     viddec1.a64P : viddec1.o64P (.text)
                  87812d60    00000ae0     XdmUtils.a64P : XdmUtils.o64P (.text)
                  87813840    00000a20     viddec2.a64P : viddec2.o64P (.text)
                  87814260    000009e0     videnc1.a64P : videnc1.o64P (.text)
                  87814c40    00000960     universal.a64P : universal.o64P (.text)
                  878155a0    00000940     vidanalytics.a64P : vidanalytics.o64P (.text)
                  87815ee0    00000920     audenc1.a64P : audenc1.o64P (.text)
                  87816800    00000920     imgdec1.a64P : imgdec1.o64P (.text)
                  87817120    00000920     vidtranscode.a64P : vidtranscode.o64P (.text)
                  87817a40    00000900     imgenc1.a64P : imgenc1.o64P (.text)
                  87818340    000008e0     auddec1.a64P : auddec1.o64P (.text)
                  87818c20    000008c0     sphenc1.a64P : sphenc1.o64P (.text)
                  878194e0    000008a0     video.a64P : viddec.o64P (.text)
                  87819d80    00000880     audio.a64P : audenc.o64P (.text)
                  8781a600    00000880     image.a64P : imgenc.o64P (.text)
                  8781ae80    00000880     speech.a64P : sphenc.o64P (.text)
                  8781b700    00000880     sphdec1.a64P : sphdec1.o64P (.text)
                  8781bf80    00000880     video.a64P : videnc.o64P (.text)
                  8781c800    00000860     audio.a64P : auddec.o64P (.text)
                  8781d060    00000860     image.a64P : imgdec.o64P (.text)
                  8781d8c0    00000860     speech.a64P : sphdec.o64P (.text)
                  8781e120    00000800     videnc_copy.a64P : videnc_copy.o64P (.text)
                  8781e920    000007e0     rts64plus.lib : divd.obj (.text:__divd)
                  8781f100    000007a0     osal_bios.a64P : Global_BIOS.o64P (.text)
                  8781f8a0    00000780     viddec_copy.a64P : viddec_copy.o64P (.text)
                  87820020    00000700     dskt2.a64P : dskt2_scratch.o64P (.text:__DSKT2_initializeAndUseSharedScratch)
                  87820720    00000680     viddec2back.a64P : viddec2back.o64P (.text)
                  87820da0    00000640     dsplinkmsg.lib : zcpy_mqt.obj (.text)
                  878213e0    00000640     osal_bios.a64P : Thread_BIOS.o64P (.text)
                  87821a20    000005c0     sphenc_copy.a64P : sphenc_copy.o64P (.text)
                  87821fe0    000005a0     dsplink.lib : dsplink.obj (.text)
                  87822580    000005a0     imgenc_copy.a64P : imgenc_copy.o64P (.text)
                  87822b20    000005a0     node.a64P : node_crea.o64P (.text)
                  878230c0    000005a0     scale.a64P : scale.o64P (.text)
                  87823660    00000580     dsplinkmsg.lib : zcpy_mqt.obj (.text:ZCPYMQT_locate)
                  87823be0    00000580     sphdec_copy.a64P : sphdec_copy.o64P (.text)
                  87824160    00000580     universal.a64P : universal_skel.o64P (.text)
                  878246e0    00000580     viddec2back.a64P : viddec2back_skel.o64P (.text)
                  87824c60    00000560     imgdec_copy.a64P : imgdec_copy.o64P (.text)
                  878251c0    00000540     dsplinkpool.lib : sma_pool.obj (.text)
                  87825700    00000520     dman3Cfg.a64P : dman3_api.o64P (.text:_createChannels)
                  87825c20    00000520     viddec1.a64P : viddec1_skel.o64P (.text)
                  87826140    00000520     viddec2.a64P : viddec2_skel.o64P (.text)
                  87826660    00000500     rts64plus.lib : divf.obj (.text:__divf)
                  87826b60    00000460                   : _printfi.obj (.text:__getarg_diouxp)
                  87826fc0    00000460                   : _printfi.obj (.text:__setfield)
                  87827420    00000460     dsplinkmpcs.lib : _mpcs.obj (.text)
                  87827880    00000420     videnc1.a64P : videnc1_skel.o64P (.text)
                  87827ca0    000003e0     dskt2.a64P : dskt2_scratch.o64P (.text:__DSKT2_assignInstanceMemory)
                  87828080    000003e0     dman3Cfg.a64P : dman3_api.o64P (.text:_initializeDMAN3)
                  87828460    000003a0     rts64plus.lib : _printfi.obj (.text:__printfi)
                  87828800    000003a0     imgdec1.a64P : imgdec1_skel.o64P (.text)
                  87828ba0    000003a0     imgenc1.a64P : imgenc1_skel.o64P (.text)
                  87828f40    00000360     vidanalytics.a64P : vidanalytics_skel.o64P (.text)
                  878292a0    00000340     gt.a64P : gt.o64P (.text:__GT_set)
                  878295e0    00000340     video.a64P : viddec_skel.o64P (.text)
                  87829920    00000340                : videnc_skel.o64P (.text)
                  87829c60    00000340     vidtranscode.a64P : vidtranscode_skel.o64P (.text)
                  87829fa0    00000320     dman3Cfg.a64P : dman3_api.o64P (.text:DMAN3_grantDmaChannels:_DMAN3_grantDmaChannels)
                  8782a2c0    00000320     rts64plus.lib : _printfi.obj (.text:_fcvt)
                  8782a5e0    00000320     audenc1.a64P : audenc1_skel.o64P (.text)
                  8782a900    00000300     dskt2.a64P : dskt2crea.o64P (.text:_DSKT2_createAlg3)
                  8782ac00    00000300     rts64plus.lib : _printfi.obj (.text:_ecvt)
                  8782af00    00000300                   : fputs.obj (.text:_fputs)
                  8782b200    00000300     auddec1.a64P : auddec1_skel.o64P (.text)
                  8782b500    000002e0     rts64plus.lib : _printfi.obj (.text:__pproc_fge)
                  8782b7e0    000002e0                   : _printfi.obj (.text:__pproc_fwp)
                  8782bac0    000002c0     dskt2.a64P : dskt2_scratch.o64P (.text:_DSKT2_allocScratch)
                  8782bd80    000002c0     image.a64P : imgdec_skel.o64P (.text)
                  8782c040    000002c0                : imgenc_skel.o64P (.text)
                  8782c300    000002c0     node.a64P : node_exec.o64P (.text)
                  8782c5c0    000002a0     sphdec1.a64P : sphdec1_skel.o64P (.text)
                  8782c860    000002a0     sphenc1.a64P : sphenc1_skel.o64P (.text)
                  8782cb00    00000280     rman.a64P : rman.o64P (.text:_RMAN_assignResources)
                  8782cd80    00000280     dskt2.a64P : dskt2_scratch.o64P (.text:__DSKT2_init)
                  8782d000    00000280     rts64plus.lib : _printfi.obj (.text:__pconv_e)
                  8782d280    00000280     g711.a64P : g711_sun_internal.o64P (.text)
                  8782d500    00000260     dsplinkmsg.lib : zcpy_mqt.obj (.text:ZCPYMQT_open)
                  8782d760    00000260     rts64plus.lib : imath64.obj (.text:__divull)
                  8782d9c0    00000260                   : mpyd.obj (.text:__mpyd)
                  8782dc20    00000260     audio.a64P : auddec_skel.o64P (.text)
                  8782de80    00000260                : audenc_skel.o64P (.text)
                  8782e0e0    00000260     speech.a64P : sphdec_skel.o64P (.text)
                  8782e340    00000260                 : sphenc_skel.o64P (.text)
                  8782e5a0    00000240     dsplinkmsg.lib : zcpy_mqt.obj (.text:ZCPYMQT_msgXfer)
                  8782e7e0    00000240     rts64plus.lib : addd.obj (.text:__addd)
                  8782ea20    00000240     viddec1_copy.a64P : viddec1_copy.o64P (.text:algProcess)
                  8782ec60    00000240     osal_bios.a64P : Sem_BIOS.o64P (.text)
                  8782eea0    00000220     rman.a64P : rman.o64P (.text:_RMAN_register)
                  8782f0c0    00000220     rts64plus.lib : frcaddd.obj (.text:__frcaddd)
                  8782f2e0    00000220                   : _printfi.obj (.text:__pproc_diouxp)
                  8782f500    00000220     dman3Cfg.a64P : rmm.o64P (.text:_freeBlock)
                  8782f720    00000220     gt.a64P : gt.o64P (.text:_setMask)
                  8782f940    00000220     viddec2_copy.a64P : viddec2_copy.o64P (.text:algProcess)
                  8782fb60    00000220     ipc_bios.a64P : Comm_BIOS.o64P (.text)
                  8782fd80    00000200     rts64plus.lib : frcmpyd_div.obj (.text:__frcmpyd_div)
                  8782ff80    00000200                   : mpyf.obj (.text:__mpyf)
                  87830180    00000200                   : _printfi.obj (.text:__pproc_str)
                  87830380    00000200     dman3Cfg.a64P : dman3_api.o64P (.text:_createContext)
                  87830580    00000200                   : dman3_api.o64P (.text:_initQdmaConfiguration)
                  87830780    00000200     audenc1_copy.a64P : audenc1_copy.o64P (.text:algControl)
                  87830980    00000200     sphenc1_copy.a64P : sphenc1_copy.o64P (.text:algControl)
                  87830b80    00000200     vidtranscode_copy.a64P : vidtranscode_copy.o64P (.text:algProcess)
                  87830d80    00000200     dsplinkmplist.lib : _mplist.obj (.text)
                  87830f80    00000200     osal_bios.a64P : GT_config_BIOS.o64P (.text)
                  87831180    00000200     scale_ti.a64P : scale_ti_impl.o64P (.text)
                  87831380    000001e0     rman.a64P : rman.o64P (.text:_RMAN_init)
                  87831560    000001e0     dskt2.a64P : dskt2_scratch.o64P (.text:__DSKT2_getScratchUsed)
                  87831740    000001e0     utils.a64P : Load.o64P (.text)
                  87831920    000001c0     dman3Cfg.a64P : dman3_api.o64P (.text:DMAN3_freeChannels:_DMAN3_freeChannels)
                  87831ae0    000001c0     dsplink.lib : hal_interrupt.obj (.text:DSPLINK_init)
                  87831ca0    000001c0     rts64plus.lib : _printfi.obj (.text:__mcpy)
                  87831e60    000001c0     osal_bios.a64P : Lock_BIOS.o64P (.text)
                  87832020    000001a0     rts64plus.lib : trgdrv.obj (.text:_HOSTrename)
                  878321c0    000001a0     rman.a64P : rman.o64P (.text:_RMAN_freeResources)
                  87832360    000001a0     rts64plus.lib : imath40.obj (.text:__divul)
                  87832500    000001a0     gt.a64P : gt.o64P (.text:_addModName)
                  878326a0    000001a0     rts64plus.lib : setvbuf.obj (.text:_setvbuf)
                  87832840    000001a0     auddec1copy.a64P : auddec1copy.o64P (.text:algControl)
                  878329e0    000001a0     g711.a64P : g711enc_sun_ialg.o64P (.text:algControl)
                  87832b80    000001a0     imgdec1_copy.a64P : imgdec1_copy.o64P (.text:algControl)
                  87832d20    000001a0     sphdec1_copy.a64P : sphdec1_copy.o64P (.text:algControl)
                  87832ec0    000001a0     vidanalytics_copy.a64P : vidanalytics_copy.o64P (.text:algControl)
                  87833060    000001a0     viddec1_copy.a64P : viddec1_copy.o64P (.text:algControl)
                  87833200    000001a0     viddec2_copy.a64P : viddec2_copy.o64P (.text:algControl)
                  878333a0    000001a0     videnc1_copy.a64P : videnc1_copy.o64P (.text:algProcess)
                  87833540    000001a0     node.a64P : node_dele.o64P (.text)
                  878336e0    00000180     dman3Cfg.a64P : rmm.o64P (.text:_RMM_create)
                  87833860    00000180     rts64plus.lib : _printfi.obj (.text:__pconv_g)
                  878339e0    00000180     g711.a64P : g711dec_sun_ialg.o64P (.text:algControl)
                  87833b60    00000180     imgenc1_copy.a64P : imgenc1_copy.o64P (.text:algControl)
                  87833ce0    00000180     auddec1copy.a64P : auddec1copy.o64P (.text:algProcess)
                  87833e60    00000180     audenc1_copy.a64P : audenc1_copy.o64P (.text:algProcess)
                  87833fe0    00000160     dman3Cfg.a64P : dman3_api.o64P (.text:_getContext)
                  87834140    00000160     videnc1_copy.a64P : videnc1_copy.o64P (.text:algControl)
                  878342a0    00000160     vidtranscode_copy.a64P : vidtranscode_copy.o64P (.text:algControl)
                  87834400    00000160     imgdec1_copy.a64P : imgdec1_copy.o64P (.text:algProcess)
                  87834560    00000160     vidanalytics_copy.a64P : vidanalytics_copy.o64P (.text:algProcess)
                  878346c0    00000160     viddec2split_copy.a64P : viddec2back_copy.o64P (.text:algProcess)
                  87834820    00000140     dsplinkmsg.lib : zcpy_mqt.obj (.text:ZCPYMQT_close)
                  87834960    00000140     dskt2.a64P : dskt2actv.o64P (.text:_DSKT2_activateAlg)
                  87834aa0    00000140     rts64plus.lib : fputc.obj (.text:_fputc)
                  87834be0    00000140                   : lowlev.obj (.text:_getdevice)
                  87834d20    00000140     bioslog.a64P : LogTracker.o64P (.text)
                  87834e60    00000120     dman3Cfg.a64P : dman3_api.o64P (.text:DMAN3_releaseDmaChannels:_DMAN3_releaseDmaChannels)
                  87834f80    00000120     dskt2.a64P : dskt2free.o64P (.text:_DSKT2_freeAlg)
                  878350a0    00000120                : dskt2_scratch.o64P (.text:__DSKT2_getScratchRequestInfo)
                  878351c0    00000120     rts64plus.lib : frcmpyd.obj (.text:__frcmpyd)
                  878352e0    00000120                   : _printfi.obj (.text:__pproc_fflags)
                  87835400    00000120                   : fclose.obj (.text:_fclose)
                  87835520    00000120     rman.a64P : rman.o64P (.text:_getResman)
                  87835640    00000120     g711.a64P : g711dec_sun_ialg.o64P (.text:algProcess)
                  87835760    00000120               : g711enc_sun_ialg.o64P (.text:algProcess)
                  87835880    00000120     imgenc1_copy.a64P : imgenc1_copy.o64P (.text:algProcess)
                  878359a0    00000120     dsplinknotify.lib : notify.obj (.text)
                  87835ac0    00000100     rts64plus.lib : trgdrv.obj (.text:_HOSTlseek)
                  87835bc0    00000100     rman.a64P : rman.o64P (.text:_RMAN_exit)
                  87835cc0    00000100               : rman_yield.o64P (.text:_RMAN_yield)
                  87835dc0    00000100     dskt2.a64P : dskt2_scratch.o64P (.text:__DSKT2_exitScratch)
                  87835ec0    00000100     rts64plus.lib : _printfi.obj (.text:__ltostr)
                  87835fc0    00000100     dskt2.a64P : dskt2_permute.o64P (.text:__rotateListElements)
                  878360c0    00000100     rts64plus.lib : _io_perm.obj (.text:__wrt_ok)
                  878361c0    00000100     dman3Cfg.a64P : rmm.o64P (.text:_allocBlock)
                  878362c0    00000100     rts64plus.lib : fflush.obj (.text:_fflush)
                  878363c0    00000100     universal_copy.a64P : universal_copy.o64P (.text:algControl)
                  878364c0    00000100     audenc_copy.a64P : audenc_copy.o64P (.text:algProcess)
                  878365c0    00000100     dsplink.lib : hal_interrupt.obj (.text)
                  878366c0    00000100     scale.a64P : scale_skel.o64P (.text)
                  878367c0    000000e0     dsplink.lib : shm_drv.obj (.text:DSPLINK_init)
                  878368a0    000000e0     gt.a64P : CBuf.o64P (.text:_CBuf_get)
                  87836980    000000e0     dskt2.a64P : dskt2_scratch.o64P (.text:_DSKT2_freeScratch)
                  87836a60    000000e0                : dskt2_scratch.o64P (.text:_DSKT2_getMemRecs)
                  87836b40    000000e0                : dskt2_lock.o64P (.text:_DSKT2_initLocks)
                  87836c20    000000e0     rts64plus.lib : trgdrv.obj (.text:_HOSTopen)
                  87836d00    000000e0     dskt2.a64P : dskt2_scratch.o64P (.text:__DSKT2_allocateInInternal)
                  87836de0    000000e0                : dskt2_scratch.o64P (.text:__DSKT2_dequeueMemTab)
                  87836ec0    000000e0                : dskt2_scratch.o64P (.text:__DSKT2_spaceToSeg)
                  87836fa0    000000e0     rts64plus.lib : cmpd.obj (.text:__cmpd)
                  87837080    000000e0                   : _printfi.obj (.text:__div)
                  87837160    000000e0                   : divi.obj (.text:__divi)
                  87837240    000000e0                   : atoi.obj (.text:_atoi)
                  87837320    000000e0                   : lowlev.obj (.text:_close)
                  87837400    000000e0     dman3Cfg.a64P : dman3_api.o64P (.text:_freeContext)
                  878374e0    000000e0     rts64plus.lib : memset.obj (.text:_memset)
                  878375c0    000000e0     gt.a64P : gt.o64P (.text:_wildcardUpdate)
                  878376a0    000000e0     auddec_copy.a64P : auddec_copy.o64P (.text:algProcess)
                  87837780    000000e0     osal_bios.a64P : Trace.o64P (.text)
                  87837860    000000c0     dsplink.lib : dsplink.obj (.text:DSPLINK_init)
                  87837920    000000c0     dskt2.a64P : dskt2dact.o64P (.text:_DSKT2_deactivateAll)
                  878379e0    000000c0     rts64plus.lib : trgdrv.obj (.text:_HOSTread)
                  87837aa0    000000c0                   : trgdrv.obj (.text:_HOSTunlink)
                  87837b60    000000c0                   : trgdrv.obj (.text:_HOSTwrite)
                  87837c20    000000c0     dskt2.a64P : dskt2_scratch.o64P (.text:__DSKT2_freeAllocatedMemory)
                  87837ce0    000000c0                : dskt2_scratch.o64P (.text:__DSKT2_isSharedScratchAddr)
                  87837da0    000000c0     rts64plus.lib : fopen.obj (.text:__cleanup)
                  87837e60    000000c0                   : divu.obj (.text:__divu)
                  87837f20    000000c0                   : fflush.obj (.text:__doflush)
                  87837fe0    000000c0                   : vsnprintf.obj (.text:__outs)
                  878380a0    000000c0     dman3Cfg.a64P : dman3_api.o64P (.text:_freeScratch)
                  87838160    000000c0     rts64plus.lib : fseek.obj (.text:_fseek)
                  87838220    000000c0     dman3Cfg.a64P : dman3_api.o64P (.text:_getNumAssignedTccs)
                  878382e0    000000c0     rts64plus.lib : lowlev.obj (.text:_lseek)
                  878383a0    000000c0                   : ltoa.obj (.text:_ltoa)
                  87838460    000000c0                   : lowlev.obj (.text:_write)
                  87838520    000000c0     sphdec1_copy.a64P : sphdec1_copy.o64P (.text:algProcess)
                  878385e0    000000c0     sphenc1_copy.a64P : sphenc1_copy.o64P (.text:algProcess)
                  878386a0    000000c0     universal_copy.a64P : universal_copy.o64P (.text:algProcess)
                  87838760    000000c0     bios.a64P : tsk_stup.o64P (.text)
                  87838820    000000c0     dsplinknotify.lib : _notify.obj (.text)
                  878388e0    000000a0     dsplink.lib : dsplinkips.obj (.text:DSPLINK_init)
                  87838980    000000a0     dsplinkpool.lib : dsplinkpool.obj (.text:DSPLINK_init)
                  87838a20    000000a0     dskt2.a64P : dskt2_scratch.o64P (.text:_DSKT2_allocPersistent)
                  87838ac0    000000a0                : dskt2dact.o64P (.text:_DSKT2_deactivateAlg)
                  87838b60    000000a0                : dskt2_scratch.o64P (.text:_DSKT2_freePersistent)
                  87838c00    000000a0     rts64plus.lib : trgdrv.obj (.text:_HOSTclose)
                  87838ca0    000000a0     nullres.a64P : iresman_nullres.o64P (.text:_IRESMAN_NULLRES_getHandles)
                  87838d40    000000a0     dskt2.a64P : dskt2_scratch.o64P (.text:__DSKT2_allocateFromSharedScratch)
                  87838de0    000000a0                : dskt2_scratch.o64P (.text:__DSKT2_allocateInDesignatedSpace)
                  87838e80    000000a0                : dskt2_scratch.o64P (.text:__DSKT2_enqueueMemTab)
                  87838f20    000000a0                : dskt2_scratch.o64P (.text:__DSKT2_freeInstanceMemory)
                  87838fc0    000000a0                : dskt2_scratch.o64P (.text:__DSKT2_getReqScratchSize)
                  87839060    000000a0     rts64plus.lib : imath40.obj (.text:__divli)
                  87839100    000000a0                   : _printfi.obj (.text:__ecpy)
                  878391a0    000000a0                   : _printfi.obj (.text:__fcpy)
                  87839240    000000a0                   : fixdli.obj (.text:__fixdli)
                  878392e0    000000a0                   : frcmpyf_div.obj (.text:__frcmpyf_div)
                  87839380    000000a0                   : _printfi.obj (.text:__pconv_f)
                  87839420    000000a0                   : remu.obj (.text:__remu)
                  878394c0    000000a0     dman3Cfg.a64P : dman3_api.o64P (.text:_finalizeDMAN3)
                  87839560    000000a0     rts64plus.lib : lowlev.obj (.text:_finddevice)
                  87839600    000000a0     dman3Cfg.a64P : dman3_api.o64P (.text:_initHandle)
                  878396a0    000000a0     rts64plus.lib : memcpy64.obj (.text:_memcpy)
                  87839740    000000a0     main.o64P (.text)
                  878397e0    00000080     all_x64P.o64P (.text:_CERuntime_init)
                  87839860    00000080     dskt2.a64P : dskt2_scratch.o64P (.text:_DSKT2_getNumMemRecs)
                  878398e0    00000080                : dskt2_permute.o64P (.text:__DSKT2_Permute_iterateNext)
                  87839960    00000080                : dskt2_permute.o64P (.text:__DSKT2_Permute_setInitialState)
                  878399e0    00000080     gt.a64P : gt.o64P (.text:__GT_create)
                  87839a60    00000080     rts64plus.lib : cmpf.obj (.text:__cmpf)
                  87839ae0    00000080                   : fixdi.obj (.text:__fixdi)
                  87839b60    00000080                   : fixfu.obj (.text:__fixfu)
                  87839be0    00000080                   : fltlid.obj (.text:__fltlid)
                  87839c60    00000080                   : llshift.obj (.text:__llshl)
                  87839ce0    00000080                   : sprintf.obj (.text:__outs)
                  87839d60    00000080                   : renormd.obj (.text:__renormd)
                  87839de0    00000080     dskt2.a64P : dskt2_permute.o64P (.text:__rotateSubgroup)
                  87839e60    00000080     gt.a64P : gt.o64P (.text:_applyOp)
                  87839ee0    00000080     dman3Cfg.a64P : dman3_api.o64P (.text:_checkDMAN3Configuration)
                  87839f60    00000080     gt.a64P : gt.o64P (.text:_findElem)
                  87839fe0    00000080     rts64plus.lib : fprintf.obj (.text:_fprintf)
                  8783a060    00000080     dman3Cfg.a64P : dman3_api.o64P (.text:_freeChannels)
                  8783a0e0    00000080                   : dman3_api.o64P (.text:_shmAlloc)
                  8783a160    00000080     rts64plus.lib : strstr.obj (.text:_strstr)
                  8783a1e0    00000080                   : lowlev.obj (.text:_unlink)
                  8783a260    00000080                   : vsnprintf.obj (.text:_vsnprintf)
                  8783a2e0    00000080                   : trgmsg.obj (.text:_writemsg)
                  8783a360    00000080     auddec_copy.a64P : auddec_copy.o64P (.text:algControl)
                  8783a3e0    00000080     audenc_copy.a64P : audenc_copy.o64P (.text:algControl)
                  8783a460    00000080     g711.a64P : g711dec_sun_ialg.o64P (.text:algInit)
                  8783a4e0    00000080               : g711enc_sun_ialg.o64P (.text:algInit)
                  8783a560    00000080     node.a64P : node_start.o64P (.text)
                  8783a5e0    00000080               : node_stat.o64P (.text)
                  8783a660    00000080     osal_bios.a64P : Log_BIOS.o64P (.text)
                  8783a6e0    00000060     dman3Cfg.a64P : dman3_initImpl.o64P (.text:DMAN3_init:__DMAN3_initImpl)
                  8783a740    00000060     gt.a64P : CBuf.o64P (.text:_CBuf_create)
                  8783a7a0    00000060     dskt2.a64P : dskt2crea.o64P (.text:_DSKT2_createAlgExt)
                  8783a800    00000060     nullres.a64P : iresman_nullres.o64P (.text:_IRESMAN_NULLRES_freeHandle)
                  8783a860    00000060     dskt2.a64P : dskt2_scratch.o64P (.text:__DSKT2_useSharedScratch)
                  8783a8c0    00000060     rts64plus.lib : cvtfd.obj (.text:__cvtfd)
                  8783a920    00000060                   : frcmpyf.obj (.text:__frcmpyf)
                  8783a980    00000060                   : llshift.obj (.text:__llshru)
                  8783a9e0    00000060                   : imath64.obj (.text:__subcull)
                  8783aa40    00000060                   : memccpy.obj (.text:_memccpy)
                  8783aaa0    00000060     rman.a64P : rman.o64P (.text:_myAlloc)
                  8783ab00    00000060     rts64plus.lib : trgmsg.obj (.text:_readmsg)
                  8783ab60    00000060                   : sprintf.obj (.text:_sprintf)
                  8783abc0    00000060     all_x64P.o64P (.text:_ti_sdo_ce_osal_bios_init)
                  8783ac20    00000060     dman3Cfg.a64P : dman3_api.o64P (.text:_updateTccAllocationTable)
                  8783ac80    00000060     audenc1_copy.a64P : audenc1_copy.o64P (.text:algInit)
                  8783ace0    00000060     sphenc1_copy.a64P : sphenc1_copy.o64P (.text:algInit)
                  8783ad40    00000060     osal_bios.a64P : Queue_BIOS.o64P (.text)
                  8783ada0    00000040     dsplinkdata.lib : dsplinkdata.obj (.text:DSPLINK_init)
                  8783ade0    00000040     dsplinkmsg.lib : dsplinkmqt.obj (.text:DSPLINK_init)
                  8783ae20    00000040     gt.a64P : CBuf.o64P (.text:_CBuf_putc)
                  8783ae60    00000040             : CBuf.o64P (.text:_CBuf_puts)
                  8783aea0    00000040     all_x64P.o64P (.text:_DMAN3_CE_init)
                  8783aee0    00000040     dskt2.a64P : dskt2_lock.o64P (.text:_DSKT2_acquireLock)
                  8783af20    00000040                : dskt2crea.o64P (.text:_DSKT2_createAlg)
                  8783af60    00000040                : dskt2_lock.o64P (.text:_DSKT2_getContext)
                  8783afa0    00000040                : dskt2_lock.o64P (.text:_DSKT2_releaseLock)
                  8783afe0    00000040                : dskt2_lock.o64P (.text:_DSKT2_setContext)
                  8783b020    00000040     gt.a64P : gt.o64P (.text:_GT_curTime)
                  8783b060    00000040             : gt.o64P (.text:_GT_init)
                  8783b0a0    00000040     nullres.a64P : iresman_nullres.o64P (.text:_IRESMAN_NULLRES_init)
                  8783b0e0    00000040     rman.a64P : rman.o64P (.text:_RMAN_activateAllResources)
                  8783b120    00000040     all_x64P.o64P (.text:_RMAN_autoRegister)
                  8783b160    00000040     rman.a64P : rman.o64P (.text:_RMAN_deactivateAllResources)
                  8783b1a0    00000040     dskt2.a64P : dskt2_scratch.o64P (.text:__DSKT2_decrScratchReferenceCount)
                  8783b1e0    00000040                : dskt2_scratch.o64P (.text:__DSKT2_incrScratchReferenceCount)
                  8783b220    00000040                : dskt2_scratch.o64P (.text:__DSKT2_throwMPUMemException)
                  8783b260    00000040                : dskt2_scratch.o64P (.text:__DSKT2_usesInternalScratch)
                  8783b2a0    00000040     rts64plus.lib : isinf.obj (.text:___isinf)
                  8783b2e0    00000040                   : _printfi.obj (.text:___isnan)
                  8783b320    00000040                   : divd.obj (.text:___isnan)
                  8783b360    00000040                   : assert.obj (.text:__abort_msg)
                  8783b3a0    00000040                   : fltuf.obj (.text:__fltuf)
                  8783b3e0    00000040                   : negd.obj (.text:__negd)
                  8783b420    00000040                   : vsnprintf.obj (.text:__outc)
                  8783b460    00000040                   : imath40.obj (.text:__remli)
                  8783b4a0    00000040                   : strasg.obj (.text:__strasgi_64plus)
                  8783b4e0    00000040                   : subd.obj (.text:__subd)
                  8783b520    00000040     gt.a64P : gt.o64P (.text:_error)
                  8783b560    00000040     rman.a64P : rman.o64P (.text:_myFree)
                  8783b5a0    00000040     g711.a64P : g711enc_sun_ialg.o64P (.text:algAlloc)
                  8783b5e0    00000040     viddec2split_copy.a64P : viddec2back_copy.o64P (.text:algControl)
                  8783b620    00000040     auddec1copy.a64P : auddec1copy.o64P (.text:algInit)
                  8783b660    00000040     sphdec1_copy.a64P : sphdec1_copy.o64P (.text:algInit)
                  8783b6a0    00000040     dsplink.lib : hal.obj (.text)
                  8783b6e0    00000040     node.a64P : node_init.o64P (.text)
                  8783b720    00000040     osal_bios.a64P : SemMP_BIOS.o64P (.text)
                  8783b760    00000040     osal_bios_load.a64P : Global_BIOS_load_Load.o64P (.text)
                  8783b7a0    00000040     utils.a64P : c64p_getltime.o64P (.text)
                  8783b7e0    00000020     acpy3.a64P : acpy3_init.o64P (.text:ACPY3_exit:_ACPY3_exit)
                  8783b800    00000020                : acpy3_init.o64P (.text:ACPY3_init:_ACPY3_init)
                  8783b820    00000020     dsplinkmsg.lib : zcpy_mqt.obj (.text:DSPLINK_init)
                  8783b840    00000020                    : zcpy_mqt.obj (.text:ZCPYMQT_release)
                  8783b860    00000020     gt.a64P : CBuf.o64P (.text:_CBuf_getSize)
                  8783b880    00000020             : CBuf.o64P (.text:_CBuf_lost)
                  8783b8a0    00000020     all_x64P.o64P (.text:_DMAN3_CE_exit)
                  8783b8c0    00000020     dman3Cfg.a64P : dman3_initImpl.o64P (.text:_DMAN3_exit)
                  8783b8e0    00000020     gt.a64P : gt.o64P (.text:_GT_getModNameFlags)
                  8783b900    00000020     nullres.a64P : iresman_nullres.o64P (.text:_IRESMAN_NULLRES_exit)
                  8783b920    00000020                  : iresman_nullres.o64P (.text:_IRESMAN_NULLRES_getProtocolName)
                  8783b940    00000020                  : iresman_nullres.o64P (.text:_IRESMAN_NULLRES_getProtocolRevision)
                  8783b960    00000020     dman3Cfg.a64P : rmm.o64P (.text:_RMM_alloc)
                  8783b980    00000020                   : rmm.o64P (.text:_RMM_free)
                  8783b9a0    00000020     rts64plus.lib : divf.obj (.text:___isnanf)
                  8783b9c0    00000020     nullres.a64P : iresman_nullres.o64P (.text:__getStaticProperties)
                  8783b9e0    00000020     rts64plus.lib : negll.obj (.text:__negll)
                  8783ba00    00000020                   : _lock.obj (.text:__nop)
                  8783ba20    00000020                   : fprintf.obj (.text:__outc)
                  8783ba40    00000020                   : sprintf.obj (.text:__outc)
                  8783ba60    00000020                   : fprintf.obj (.text:__outs)
                  8783ba80    00000020                   : _lock.obj (.text:__register_lock)
                  8783baa0    00000020                   : _lock.obj (.text:__register_unlock)
                  8783bac0    00000020                   : exit.obj (.text:_abort)
                  8783bae0    00000020     rman.a64P : rman.o64P (.text:_checkRevision)
                  8783bb00    00000020     gt.a64P : gt.o64P (.text:_getModNameFlagsAddr)
                  8783bb20    00000020     rts64plus.lib : remove.obj (.text:_remove)
                  8783bb40    00000020     gt.a64P : gt.o64P (.text:_setModNameFlags)
                  8783bb60    00000020     dman3Cfg.a64P : dman3_api.o64P (.text:_shmFree)
                  8783bb80    00000020     auddec1copy.a64P : auddec1copy.o64P (.text:algAlloc)
                  8783bba0    00000020     auddec_copy.a64P : auddec_copy.o64P (.text:algAlloc)
                  8783bbc0    00000020     audenc1_copy.a64P : audenc1_copy.o64P (.text:algAlloc)
                  8783bbe0    00000020     audenc_copy.a64P : audenc_copy.o64P (.text:algAlloc)
                  8783bc00    00000020     g711.a64P : g711dec_sun_ialg.o64P (.text:algAlloc)
                  8783bc20    00000020     imgdec1_copy.a64P : imgdec1_copy.o64P (.text:algAlloc)
                  8783bc40    00000020     imgenc1_copy.a64P : imgenc1_copy.o64P (.text:algAlloc)
                  8783bc60    00000020     sphdec1_copy.a64P : sphdec1_copy.o64P (.text:algAlloc)
                  8783bc80    00000020     sphenc1_copy.a64P : sphenc1_copy.o64P (.text:algAlloc)
                  8783bca0    00000020     universal_copy.a64P : universal_copy.o64P (.text:algAlloc)
                  8783bcc0    00000020     vidanalytics_copy.a64P : vidanalytics_copy.o64P (.text:algAlloc)
                  8783bce0    00000020     viddec1_copy.a64P : viddec1_copy.o64P (.text:algAlloc)
                  8783bd00    00000020     viddec2_copy.a64P : viddec2_copy.o64P (.text:algAlloc)
                  8783bd20    00000020     viddec2split_copy.a64P : viddec2back_copy.o64P (.text:algAlloc)
                  8783bd40    00000020     videnc1_copy.a64P : videnc1_copy.o64P (.text:algAlloc)
                  8783bd60    00000020     vidtranscode_copy.a64P : vidtranscode_copy.o64P (.text:algAlloc)
                  8783bd80    00000020     auddec1copy.a64P : auddec1copy.o64P (.text:algFree)
                  8783bda0    00000020     auddec_copy.a64P : auddec_copy.o64P (.text:algFree)
                  8783bdc0    00000020     audenc1_copy.a64P : audenc1_copy.o64P (.text:algFree)
                  8783bde0    00000020     audenc_copy.a64P : audenc_copy.o64P (.text:algFree)
                  8783be00    00000020     g711.a64P : g711dec_sun_ialg.o64P (.text:algFree)
                  8783be20    00000020               : g711enc_sun_ialg.o64P (.text:algFree)
                  8783be40    00000020     imgdec1_copy.a64P : imgdec1_copy.o64P (.text:algFree)
                  8783be60    00000020     imgenc1_copy.a64P : imgenc1_copy.o64P (.text:algFree)
                  8783be80    00000020     sphdec1_copy.a64P : sphdec1_copy.o64P (.text:algFree)
                  8783bea0    00000020     sphenc1_copy.a64P : sphenc1_copy.o64P (.text:algFree)
                  8783bec0    00000020     universal_copy.a64P : universal_copy.o64P (.text:algFree)
                  8783bee0    00000020     vidanalytics_copy.a64P : vidanalytics_copy.o64P (.text:algFree)
                  8783bf00    00000020     viddec1_copy.a64P : viddec1_copy.o64P (.text:algFree)
                  8783bf20    00000020     viddec2_copy.a64P : viddec2_copy.o64P (.text:algFree)
                  8783bf40    00000020     viddec2split_copy.a64P : viddec2back_copy.o64P (.text:algFree)
                  8783bf60    00000020     videnc1_copy.a64P : videnc1_copy.o64P (.text:algFree)
                  8783bf80    00000020     vidtranscode_copy.a64P : vidtranscode_copy.o64P (.text:algFree)
                  8783bfa0    00000020     auddec_copy.a64P : auddec_copy.o64P (.text:algInit)
                  8783bfc0    00000020     audenc_copy.a64P : audenc_copy.o64P (.text:algInit)
                  8783bfe0    00000020     imgdec1_copy.a64P : imgdec1_copy.o64P (.text:algInit)
                  8783c000    00000020     imgenc1_copy.a64P : imgenc1_copy.o64P (.text:algInit)
                  8783c020    00000020     universal_copy.a64P : universal_copy.o64P (.text:algInit)
                  8783c040    00000020     vidanalytics_copy.a64P : vidanalytics_copy.o64P (.text:algInit)
                  8783c060    00000020     viddec1_copy.a64P : viddec1_copy.o64P (.text:algInit)
                  8783c080    00000020     viddec2_copy.a64P : viddec2_copy.o64P (.text:algInit)
                  8783c0a0    00000020     viddec2split_copy.a64P : viddec2back_copy.o64P (.text:algInit)
                  8783c0c0    00000020     videnc1_copy.a64P : videnc1_copy.o64P (.text:algInit)
                  8783c0e0    00000020     vidtranscode_copy.a64P : vidtranscode_copy.o64P (.text:algInit)
                  8783c100    00000020     ipc_bios.a64P : Processor_noOS.o64P (.text)
                  8783c120    00000020     osal_bios.a64P : LockMP_noOS.o64P (.text)
                  8783c140    00000020     bios.a64P : mem_stat.o64P ($Tramp$S$$_MEM_stat)
                  8783c160    00000020               : mem_getBaseAddress.o64P ($Tramp$S$$_MEM_getBaseAddress)
                  8783c180    00000020               : mem_free.o64P ($Tramp$S$$_MEM_free)
                  8783c1a0    00000020               : mem_allo.o64P ($Tramp$S$$_MEM_alloc)
                  8783c1c0    00000020               : mem_rede.o64P ($Tramp$S$$_MEM_redefine)
                  8783c1e0    00000020     bios3430.a64P : bcache_all.o64P ($Tramp$S$$_BCACHE_wbInvAll)
                  8783c200    00000020                   : bcache_block.o64P ($Tramp$S$$_BCACHE_wbInv)
                  8783c220    00000020                   : bcache_block.o64P ($Tramp$S$$_BCACHE_wb)
                  8783c240    00000020                   : bcache_block.o64P ($Tramp$S$$_BCACHE_inv)
                  8783c260    00000020     log8.a64P : log5_ts.o64P ($Tramp$S$$_LOG_event5)
                  8783c280    00000020     bios.a64P : sys_abor.o64P ($Tramp$S$$_SYS_abort)
                  8783c2a0    00000020               : sys_atex.o64P ($Tramp$S$$_SYS_atexit)
                  8783c2c0    00000020               : mem_vall.o64P ($Tramp$S$$_MEM_valloc)
                  8783c2e0    00000020               : tsk_yiel.o64P ($Tramp$S$$_TSK_yield)
                  8783c300    00000020               : tsk_stat.o64P ($Tramp$S$$_TSK_stat)
                  8783c320    00000020               : tsk_setp.o64P ($Tramp$S$$_TSK_setpri)
                  8783c340    00000020               : tsk_dele.o64P ($Tramp$S$$_TSK_delete)
                  8783c360    00000020               : tsk_crea.o64P ($Tramp$S$$_TSK_create)
                  8783c380    00000020               : sem_pend_counting.o64P ($Tramp$S$$_SEM_pend)
                  8783c3a0    00000020               : sem_post_asm.o64P ($Tramp$S$$_SEM_post)
                  8783c3c0    00000020               : sem_dele.o64P ($Tramp$S$$_SEM_delete)
                  8783c3e0    00000020               : sem_crea.o64P ($Tramp$S$$_SEM_create)
                  8783c400    00000020               : tsk_disa.o64P ($Tramp$S$$_TSK_disable)
                  8783c420    00000020               : tsk_disa.o64P ($Tramp$S$$_TSK_enable)
                  8783c440    00000020               : msgq_free.o64P ($Tramp$S$$_MSGQ_free)
                  8783c460    00000020               : msgq_locate.o64P ($Tramp$S$$_MSGQ_locate)
                  8783c480    00000020               : msgq_put.o64P ($Tramp$S$$_MSGQ_put)
                  8783c4a0    00000020               : msgq_release.o64P ($Tramp$S$$_MSGQ_release)
                  8783c4c0    00000020               : msgq_getsrcqueue.o64P ($Tramp$S$$_MSGQ_getSrcQueue)
                  8783c4e0    00000020               : msgq_get.o64P ($Tramp$S$$_MSGQ_get)
                  8783c500    00000020               : msgq_close.o64P ($Tramp$S$$_MSGQ_close)
                  8783c520    00000020               : msgq_open.o64P ($Tramp$S$$_MSGQ_open)
                  8783c540    00000020               : msgq_alloc.o64P ($Tramp$S$$_MSGQ_alloc)
                  8783c560    00000020               : swi_self.o64P ($Tramp$S$$_SWI_self)
                  8783c580    00000020               : sys_prin.o64P ($Tramp$S$$_SYS_vprintf)
                  8783c5a0    00000020               : sys_prin.o64P ($Tramp$S$$_SYS_printf)
                  8783c5c0    00000020               : clk_countspms.o64P ($Tramp$S$$_CLK_countspms)
                  8783c5e0    00000020     bios3430.a64P : clk2430_gethtime.o64P ($Tramp$S$$_CLK_gethtime)
                  8783c600    00000020     bios.a64P : malloc.o64P ($Tramp$S$$_free)
                  8783c620    00000020               : malloc.o64P ($Tramp$S$$_malloc)
                  8783c640    00000020               : lck.o64P ($Tramp$S$$_LCK_post)
                  8783c660    00000020               : lck.o64P ($Tramp$S$$_LCK_pend)
                  8783c680    00000020     log8.a64P : log_printf4.o64P ($Tramp$S$$_LOG_printf4)
                  8783c6a0    00000020               : log_ts.o64P ($Tramp$S$$_LOG_event)
                  8783c6c0    00000020     bios.a64P : que_get.o64P ($Tramp$S$$_QUE_get)
                  8783c6e0    00000020               : que_get.o64P ($Tramp$S$$_QUE_put)
                  8783c700    00000020               : hwi_c.o64P ($Tramp$S$$_HWI_disable)
                  8783c720    00000020               : hwi_c.o64P ($Tramp$S$$_HWI_restore)

.hst       0    87800000    00000000     UNINITIALIZED

.pip       0    87800000    00000000     UNINITIALIZED

.DDR2$heap 
*          0    8783c740    00020000     UNINITIALIZED
                  8783c740    00020000     --HOLE--

.stack     0    8785c740    00001000     UNINITIALIZED
                  8785c740    00001000     --HOLE--

.sysinit   0    8785d740    00000760     
                  8785d740    00000320     all_x64Pcfg.o64P (.sysinit)
                  8785da60    00000140     bios.a64P : msgq_init.o64P (.sysinit)
                  8785dba0    00000120               : pool_init.o64P (.sysinit)
                  8785dcc0    000000c0               : boot.o64P (.sysinit)
                  8785dd80    000000a0               : mem_init.o64P (.sysinit)
                  8785de20    00000060               : tsk_init.o64P (.sysinit)
                  8785de80    00000020               : obj_init.o64P (.sysinit)

.cio       0    8785dea0    00000120     UNINITIALIZED
                  8785dea0    00000120     rts64plus.lib : trgmsg.obj (.cio)

.swi       0    8785dfc0    0000002c     UNINITIALIZED
                  8785dfc0    0000002c     all_x64Pcfg.o64P (.swi)

.sts       0    8785dfec    00000010     
                  8785dfec    00000010     all_x64Pcfg.o64P (.sts)

.mem       0    8785dffc    00000004     UNINITIALIZED
                  8785dffc    00000004     all_x64Pcfg.o64P (.mem)

.ti_sdo_ce_bioslog_create$buf 
*          0    8785e000    00001000     UNINITIALIZED
                  8785e000    00001000     all_x64Pcfg.o64P (.ti_sdo_ce_bioslog_create$buf)

.bss       0    8785f000    0000050a     UNINITIALIZED
                  8785f000    00000100     bios.a64P : hwi_disp_asm.o64P (.bss)
                  8785f100    000000cc               : biosdata.o64P (.bss)
                  8785f1cc    0000009c               : swi.o64P (.bss)
                  8785f268    00000048               : knl.o64P (.bss)
                  8785f2b0    00000044     all_x64P.o64P (.bss)
                  8785f2f4    00000030     all_x64Pcfg.o64P (.bss)
                  8785f324    0000002c     dskt2.a64P : dskt2_scratch.o64P (.bss)
                  8785f350    00000028     dman3Cfg.a64P : dman3_api.o64P (.bss)
                  8785f378    00000020     bios.a64P : exc_asm.o64P (.bss)
                  8785f398    00000020     ce.a64P : Engine.o64P (.bss)
                  8785f3b8    00000020     utils.a64P : Load.o64P (.bss)
                  8785f3d8    0000001c     ce.a64P : rms.o64P (.bss)
                  8785f3f4    00000018     bios.a64P : hwi.o64P (.bss)
                  8785f40c    00000018     bioslog.a64P : LogServer.o64P (.bss)
                  8785f424    00000018     gt.a64P : gt.o64P (.bss)
                  8785f43c    00000010     bios.a64P : exc.o64P (.bss)
                  8785f44c    0000000c               : tsk.o64P (.bss)
                  8785f458    0000000c     dman3Cfg.a64P : dman3_initImpl.o64P (.bss)
                  8785f464    0000000c     osal_bios.a64P : GT_config_BIOS.o64P (.bss)
                  8785f470    0000000c                    : Global_BIOS.o64P (.bss)
                  8785f47c    00000008     bios.a64P : clk_data.o64P (.bss)
                  8785f484    00000008               : sys.o64P (.bss)
                  8785f48c    00000008     ce.a64P : package_ti.sdo.ce.o64P (.bss)
                  8785f494    00000008     rman.a64P : rman.o64P (.bss)
                  8785f49c    00000006     osal_bios.a64P : Lock_BIOS.o64P (.bss)
                  8785f4a2    00000002     Algorithm_BIOS.a64P : Algorithm_BIOS.o64P (.bss)
                  8785f4a4    00000004     bios.a64P : clk_data2.o64P (.bss)
                  8785f4a8    00000004               : knl_star.o64P (.bss)
                  8785f4ac    00000004               : mem_asm.o64P (.bss)
                  8785f4b0    00000004               : mem_defi.o64P (.bss)
                  8785f4b4    00000004               : msgq.o64P (.bss)
                  8785f4b8    00000004               : pool.o64P (.bss)
                  8785f4bc    00000004               : tsk_disa.o64P (.bss)
                  8785f4c0    00000004     ce.a64P : Server.o64P (.bss)
                  8785f4c4    00000004     nullres.a64P : iresman_nullres.o64P (.bss)
                  8785f4c8    00000004     osal_bios.a64P : Thread_BIOS.o64P (.bss)
                  8785f4cc    00000004                    : Trace.o64P (.bss)
                  8785f4d0    00000002     XdmUtils.a64P : XdmUtils.o64P (.bss)
                  8785f4d2    00000002     auddec1.a64P : auddec1.o64P (.bss)
                  8785f4d4    00000002     audenc1.a64P : audenc1.o64P (.bss)
                  8785f4d6    00000002     audio.a64P : auddec.o64P (.bss)
                  8785f4d8    00000002                : audenc.o64P (.bss)
                  8785f4da    00000002     bios.a64P : msgq_init.o64P (.bss)
                  8785f4dc    00000002               : msgq_stup.o64P (.bss)
                  8785f4de    00000002               : pool_init.o64P (.bss)
                  8785f4e0    00000002     image.a64P : imgdec.o64P (.bss)
                  8785f4e2    00000002                : imgenc.o64P (.bss)
                  8785f4e4    00000002     imgdec1.a64P : imgdec1.o64P (.bss)
                  8785f4e6    00000002     imgenc1.a64P : imgenc1.o64P (.bss)
                  8785f4e8    00000002     node.a64P : node_init.o64P (.bss)
                  8785f4ea    00000002     osal_bios.a64P : Memory_BIOS.o64P (.bss)
                  8785f4ec    00000002                    : Sem_BIOS.o64P (.bss)
                  8785f4ee    00000002     scale.a64P : scale.o64P (.bss)
                  8785f4f0    00000002     speech.a64P : sphdec.o64P (.bss)
                  8785f4f2    00000002                 : sphenc.o64P (.bss)
                  8785f4f4    00000002     sphdec1.a64P : sphdec1.o64P (.bss)
                  8785f4f6    00000002     sphenc1.a64P : sphenc1.o64P (.bss)
                  8785f4f8    00000002     universal.a64P : universal.o64P (.bss)
                  8785f4fa    00000002     vidanalytics.a64P : vidanalytics.o64P (.bss)
                  8785f4fc    00000002     viddec1.a64P : viddec1.o64P (.bss)
                  8785f4fe    00000002     viddec2.a64P : viddec2.o64P (.bss)
                  8785f500    00000002     viddec2back.a64P : viddec2back.o64P (.bss)
                  8785f502    00000002     videnc1.a64P : videnc1.o64P (.bss)
                  8785f504    00000002     video.a64P : viddec.o64P (.bss)
                  8785f506    00000002                : videnc.o64P (.bss)
                  8785f508    00000002     vidtranscode.a64P : vidtranscode.o64P (.bss)

.TSK_idle$stk 
*          0    8785f510    00000400     UNINITIALIZED
                  8785f510    00000400     all_x64Pcfg.o64P (.TSK_idle$stk)

.trace     0    8785f910    00000200     
                  8785f910    00000200     --HOLE-- [fill = 00000000]

.log       0    8785fb10    00000078     
                  8785fb10    00000078     all_x64Pcfg.o64P (.log)

.tsk       0    8785fb88    00000060     UNINITIALIZED
                  8785fb88    00000060     all_x64Pcfg.o64P (.tsk)

.sys       0    8785fbe8    00000010     UNINITIALIZED
                  8785fbe8    00000010     all_x64Pcfg.o64P (.sys)

.clk       0    8785fbf8    00000008     UNINITIALIZED
                  8785fbf8    00000008     all_x64Pcfg.o64P (.clk)

.ti_sdo_ce_osal_LOG_Buffer$buf 
*          0    8785fc00    00000400     UNINITIALIZED
                  8785fc00    00000400     all_x64Pcfg.o64P (.ti_sdo_ce_osal_LOG_Buffer$buf)

.LOG_system$buf 
*          0    87860000    00020000     UNINITIALIZED
                  87860000    00020000     all_x64Pcfg.o64P (.LOG_system$buf)

.const     0    87880000    0000cf19     
                  87880000    000038d5     all_x64P.o64P (.const:.string)
                  878838d5    00000003     rts64plus.lib : assert.obj (.const:.string)
                  878838d8    00001926     ce.a64P : Engine.o64P (.const)
                  878851fe    000007e0             : visa.o64P (.const)
                  878859de    00000558     Algorithm_BIOS.a64P : Algorithm_BIOS.o64P (.const)
                  87885f36    00000499     viddec1.a64P : viddec1.o64P (.const)
                  878863cf    00000455     XdmUtils.a64P : XdmUtils.o64P (.const)
                  87886824    000003d5     viddec2.a64P : viddec2.o64P (.const)
                  87886bf9    000003b6     videnc1.a64P : videnc1.o64P (.const)
                  87886faf    000003b1     osal_bios.a64P : Memory_BIOS.o64P (.const)
                  87887360    00000384     vidanalytics.a64P : vidanalytics.o64P (.const)
                  878876e4    00000374     universal.a64P : universal.o64P (.const)
                  87887a58    00000372     vidtranscode.a64P : vidtranscode.o64P (.const)
                  87887dca    00000368     ce.a64P : rms.o64P (.const)
                  87888132    00000330     auddec1.a64P : auddec1.o64P (.const)
                  87888462    00000330     audenc1.a64P : audenc1.o64P (.const)
                  87888792    0000032f     imgdec1.a64P : imgdec1.o64P (.const)
                  87888ac1    0000032f     imgenc1.a64P : imgenc1.o64P (.const)
                  87888df0    00000312     sphdec1.a64P : sphdec1.o64P (.const)
                  87889102    00000311     sphenc1.a64P : sphenc1.o64P (.const)
                  87889413    000002db     video.a64P : viddec.o64P (.const)
                  878896ee    000002d1     speech.a64P : sphdec.o64P (.const)
                  878899bf    000002d1                 : sphenc.o64P (.const)
                  87889c90    000002cf     audio.a64P : auddec.o64P (.const)
                  87889f5f    000002cf                : audenc.o64P (.const)
                  8788a22e    000002cf     image.a64P : imgdec.o64P (.const)
                  8788a4fd    000002cf                : imgenc.o64P (.const)
                  8788a7cc    000002cf     video.a64P : videnc.o64P (.const)
                  8788aa9b    00000299     viddec2back.a64P : viddec2back.o64P (.const)
                  8788ad34    00000253     osal_bios.a64P : Global_BIOS.o64P (.const)
                  8788af87    0000024f     ce.a64P : Server.o64P (.const)
                  8788b1d6    00000002     rts64plus.lib : fputs.obj (.const:.string)
                  8788b1d8    000001f9     gt.a64P : gt.o64P (.const)
                  8788b3d1    00000003     node.a64P : node_init.o64P (.const)
                  8788b3d4    000001f0     bios.a64P : sys_stri.o64P (.const)
                  8788b5c4    000001ed     scale.a64P : scale.o64P (.const:.string)
                  8788b7b1    000001dc     videnc_copy.a64P : videnc_copy.o64P (.const:.string)
                  8788b98d    000001ae     imgdec_copy.a64P : imgdec_copy.o64P (.const:.string)
                  8788bb3b    000001ae     imgenc_copy.a64P : imgenc_copy.o64P (.const:.string)
                  8788bce9    000001ae     sphdec_copy.a64P : sphdec_copy.o64P (.const:.string)
                  8788be97    000001ae     sphenc_copy.a64P : sphenc_copy.o64P (.const:.string)
                  8788c045    000001ae     viddec_copy.a64P : viddec_copy.o64P (.const:.string)
                  8788c1f3    00000193     bios.a64P : exc.o64P (.const)
                  8788c386    0000018a     bioslog.a64P : LogServer.o64P (.const)
                  8788c510    00000105     node.a64P : node_exec.o64P (.const)
                  8788c615    00000003     --HOLE-- [fill = 0]
                  8788c618    00000101     rts64plus.lib : ctype.obj (.const:__ctypes_)
                  8788c719    000000e5     node.a64P : node_dele.o64P (.const)
                  8788c7fe    000000e1               : node_crea.o64P (.const)
                  8788c8df    00000082     dskt2.a64P : dskt2_scratch.o64P (.const)
                  8788c961    0000007c     main.o64P (.const:.string)
                  8788c9dd    0000007a     osal_bios.a64P : Thread_BIOS.o64P (.const)
                  8788ca57    00000078                    : Sem_BIOS.o64P (.const)
                  8788cacf    00000067     ce.a64P : package_ti.sdo.ce.o64P (.const)
                  8788cb36    0000004e     bios.a64P : pool_init.o64P (.const)
                  8788cb84    0000004e               : tsk_stup.o64P (.const)
                  8788cbd2    0000003b     node.a64P : node_start.o64P (.const)
                  8788cc0d    00000032     bios.a64P : mem_rede.o64P (.const)
                  8788cc3f    00000032     ipc_bios.a64P : Comm_BIOS.o64P (.const)
                  8788cc71    0000002c     bios.a64P : msgq_init.o64P (.const)
                  8788cc9d    0000002a     nullres.a64P : iresman_nullres.o64P (.const)
                  8788ccc7    00000024     bios.a64P : msgq_stup.o64P (.const)
                  8788cceb    00000023     rts64plus.lib : _printfi.obj (.const:.string)
                  8788cd0e    00000023     bios.a64P : utl_doab.o64P (.const)
                  8788cd31    00000022               : utl_doer.o64P (.const)
                  8788cd53    00000019     dsplinkmplist.lib : _mplist.obj (.const:.string)
                  8788cd6c    00000019     dsplinkringio.lib : _ringio.obj (.const:.string)
                  8788cd85    00000003     --HOLE-- [fill = 0]
                  8788cd88    00000018     dskt2.a64P : dskt2_scratch.o64P (.const:_$P$T0$2)
                  8788cda0    00000018     bios.a64P : msgq.o64P (.const)
                  8788cdb8    00000012     dsplinkmpcs.lib : _mpcs.obj (.const:.string)
                  8788cdca    00000012                     : mpcs.obj (.const:.string)
                  8788cddc    00000012     dsplinkmsg.lib : zcpy_mqt.obj (.const:.string)
                  8788cdee    00000012     dsplinkpool.lib : sma_pool.obj (.const:.string)
                  8788ce00    00000012     osal_bios.a64P : GT_config_BIOS.o64P (.const)
                  8788ce12    00000004     bios.a64P : mem_allo.o64P (.const)
                  8788ce16    00000002     --HOLE-- [fill = 0]
                  8788ce18    00000011     ce.a64P : rms.o64P (.const:_digtohex$2)
                  8788ce29    00000007     bios.a64P : sys_prin.o64P (.const)
                  8788ce30    00000011               : sys_prin.o64P (.const:_digtohex)
                  8788ce41    00000003     --HOLE-- [fill = 0]
                  8788ce44    00000010     dsplinkpool.lib : sma_pool.obj (.const)
                  8788ce54    00000004     bios.a64P : mem_free.o64P (.const)
                  8788ce58    0000000c     ce.a64P : Engine.o64P (.const:_$P$T0$2)
                  8788ce64    0000000b     auddec1copy.a64P : auddec1copy.o64P (.const:.string)
                  8788ce6f    0000000b     audenc1_copy.a64P : audenc1_copy.o64P (.const:.string)
                  8788ce7a    0000000b     dsplink.lib : dsplink.obj (.const:.string)
                  8788ce85    0000000b     g711.a64P : g711enc_sun_ialg.o64P (.const:.string)
                  8788ce90    0000000b     imgdec1_copy.a64P : imgdec1_copy.o64P (.const:.string)
                  8788ce9b    0000000b     imgenc1_copy.a64P : imgenc1_copy.o64P (.const:.string)
                  8788cea6    0000000b     sphdec1_copy.a64P : sphdec1_copy.o64P (.const:.string)
                  8788ceb1    0000000b     sphenc1_copy.a64P : sphenc1_copy.o64P (.const:.string)
                  8788cebc    0000000b     universal_copy.a64P : universal_copy.o64P (.const:.string)
                  8788cec7    0000000b     vidanalytics_copy.a64P : vidanalytics_copy.o64P (.const:.string)
                  8788ced2    0000000b     viddec1_copy.a64P : viddec1_copy.o64P (.const:.string)
                  8788cedd    0000000b     viddec2_copy.a64P : viddec2_copy.o64P (.const:.string)
                  8788cee8    0000000b     videnc1_copy.a64P : videnc1_copy.o64P (.const:.string)
                  8788cef3    0000000b     vidtranscode_copy.a64P : vidtranscode_copy.o64P (.const:.string)
                  8788cefe    0000000a     g711.a64P : g711dec_sun_ialg.o64P (.const:.string)
                  8788cf08    00000009     ipc_bios.a64P : Processor_noOS.o64P (.const)
                  8788cf11    00000003     --HOLE-- [fill = 0]
                  8788cf14    00000001     bios.a64P : sem_crea.o64P (.const)
                  8788cf15    00000003     --HOLE-- [fill = 0]
                  8788cf18    00000001               : tsk.o64P (.const)

.printf    0    8788cf19    0000004d     COPY SECTION
                  8788cf19    0000004d     all_x64Pcfg.o64P (.printf)

.far       0    8788cf20    0000b0a4     UNINITIALIZED
                  8788cf20    00009968     all_x64P.o64P (.far)
                  87896888    000002d0     dskt2.a64P : dskt2_lock.o64P (.far)
                  87896b58    00000194     rts64plus.lib : defs.obj (.far)
                  87896cec    00000004     acpy3.a64P : acpy3_init.o64P (.far)
                  87896cf0    00000120     dsplink.lib : ips.obj (.far)
                  87896e10    00000120     g711.a64P : g711_sun_internal.o64P (.far)
                  87896f30    000000d8     bios.a64P : knl.o64P (.far)
                  87897008    000000d0     rts64plus.lib : trgdrv.obj (.far)
                  878970d8    000000cc                   : lowlev.obj (.far)
                  878971a4    00000004     all_x64Pcfg.o64P (.far)
                  878971a8    000000b8     rman.a64P : rman.o64P (.far)
                  87897260    00000080     dsplinkpool.lib : dsplinkpool.obj (.far)
                  878972e0    00000074     vidtranscode_copy.a64P : vidtranscode_copy.o64P (.far)
                  87897354    00000064     g711.a64P : g711enc_sun_ialg.o64P (.far)
                  878973b8    00000060     audenc1_copy.a64P : audenc1_copy.o64P (.far)
                  87897418    00000060     g711.a64P : g711dec_sun_ialg.o64P (.far)
                  87897478    0000005c     bios.a64P : tsk.o64P (.far)
                  878974d4    0000005c     videnc1_copy.a64P : videnc1_copy.o64P (.far)
                  87897530    00000058     imgdec_copy.a64P : imgdec_copy.o64P (.far)
                  87897588    00000058     imgenc_copy.a64P : imgenc_copy.o64P (.far)
                  878975e0    00000058     sphdec_copy.a64P : sphdec_copy.o64P (.far)
                  87897638    00000058     sphenc_copy.a64P : sphenc_copy.o64P (.far)
                  87897690    00000058     viddec_copy.a64P : viddec_copy.o64P (.far)
                  878976e8    00000058     videnc_copy.a64P : videnc_copy.o64P (.far)
                  87897740    00000054     bios.a64P : obj_init.o64P (.far)
                  87897794    00000050               : tsk_stup.o64P (.far)
                  878977e4    00000050     scale_ti.a64P : scale_ti_impl.o64P (.far)
                  87897834    00000048     vidanalytics_copy.a64P : vidanalytics_copy.o64P (.far)
                  8789787c    00000048     viddec1_copy.a64P : viddec1_copy.o64P (.far)
                  878978c4    00000048     viddec2_copy.a64P : viddec2_copy.o64P (.far)
                  8789790c    00000048     viddec2split_copy.a64P : viddec2back_copy.o64P (.far)
                  87897954    00000044     imgdec1_copy.a64P : imgdec1_copy.o64P (.far)
                  87897998    00000044     imgenc1_copy.a64P : imgenc1_copy.o64P (.far)
                  878979dc    00000040     sphenc1_copy.a64P : sphenc1_copy.o64P (.far)
                  87897a1c    0000003c     auddec1copy.a64P : auddec1copy.o64P (.far)
                  87897a58    0000003c     bios.a64P : sys_stri.o64P (.far)
                  87897a94    0000003c     sphdec1_copy.a64P : sphdec1_copy.o64P (.far)
                  87897ad0    00000038     ce.a64P : Engine.o64P (.far)
                  87897b08    00000034     nullres.a64P : iresman_nullres.o64P (.far)
                  87897b3c    00000030     universal_copy.a64P : universal_copy.o64P (.far)
                  87897b6c    0000002c     auddec_copy.a64P : auddec_copy.o64P (.far)
                  87897b98    0000002c     audenc_copy.a64P : audenc_copy.o64P (.far)
                  87897bc4    00000004     bios.a64P : mem_defi.o64P (.far)
                  87897bc8    00000020               : sys.o64P (.far)
                  87897be8    0000001c     osal_bios.a64P : Thread_BIOS.o64P (.far)
                  87897c04    00000018                    : Memory_BIOS.o64P (.far)
                  87897c1c    00000016     dsplinkmsg.lib : zcpy_mqt.obj (.far)
                  87897c32    00000002     dsplink.lib : dsplink.obj (.far)
                  87897c34    00000014     bios.a64P : swi_seta.o64P (.far)
                  87897c48    00000014     ce.a64P : package_ti.sdo.ce.o64P (.far)
                  87897c5c    00000014             : rms.o64P (.far)
                  87897c70    00000014     dsplink.lib : hal_interrupt.obj (.far)
                  87897c84    00000004     bios3430.a64P : bcache_wait.o64P (.far)
                  87897c88    00000014     ipc_bios.a64P : Processor_noOS.o64P (.far)
                  87897c9c    00000010     bios.a64P : exc.o64P (.far)
                  87897cac    00000010               : knl_tick.o64P (.far)
                  87897cbc    00000010               : tsk_setp.o64P (.far)
                  87897ccc    00000010               : tsk_yiel.o64P (.far)
                  87897cdc    00000004     bios3430.a64P : clk2430_data.o64P (.far)
                  87897ce0    00000010     dskt2.a64P : dskt2_scratch.o64P (.far)
                  87897cf0    00000010     osal_bios.a64P : Global_BIOS.o64P (.far)
                  87897d00    00000010                    : Lock_BIOS.o64P (.far)
                  87897d10    00000010     scale.a64P : scale.o64P (.far)
                  87897d20    0000000c     auddec1.a64P : auddec1_skel.o64P (.far)
                  87897d2c    0000000c     audenc1.a64P : audenc1_skel.o64P (.far)
                  87897d38    0000000c     audio.a64P : auddec_skel.o64P (.far)
                  87897d44    0000000c                : audenc_skel.o64P (.far)
                  87897d50    0000000c     bios.a64P : hwi_disp.o64P (.far)
                  87897d5c    0000000c               : utl_putc.o64P (.far)
                  87897d68    0000000c     bios3430.a64P : bcache_table.o64P (.far)
                  87897d74    0000000c     image.a64P : imgdec_skel.o64P (.far)
                  87897d80    0000000c                : imgenc_skel.o64P (.far)
                  87897d8c    0000000c     imgdec1.a64P : imgdec1_skel.o64P (.far)
                  87897d98    0000000c     imgenc1.a64P : imgenc1_skel.o64P (.far)
                  87897da4    0000000c     ipc_bios.a64P : Comm_BIOS.o64P (.far)
                  87897db0    0000000c     node.a64P : node_crea.o64P (.far)
                  87897dbc    0000000c     rts64plus.lib : exit.obj (.far)
                  87897dc8    0000000c     scale.a64P : scale_skel.o64P (.far)
                  87897dd4    0000000c     speech.a64P : sphdec_skel.o64P (.far)
                  87897de0    0000000c                 : sphenc_skel.o64P (.far)
                  87897dec    0000000c     sphdec1.a64P : sphdec1_skel.o64P (.far)
                  87897df8    0000000c     sphenc1.a64P : sphenc1_skel.o64P (.far)
                  87897e04    0000000c     universal.a64P : universal_skel.o64P (.far)
                  87897e10    0000000c     vidanalytics.a64P : vidanalytics_skel.o64P (.far)
                  87897e1c    0000000c     viddec1.a64P : viddec1_skel.o64P (.far)
                  87897e28    0000000c     viddec2.a64P : viddec2_skel.o64P (.far)
                  87897e34    0000000c     viddec2back.a64P : viddec2back_skel.o64P (.far)
                  87897e40    0000000c     videnc1.a64P : videnc1_skel.o64P (.far)
                  87897e4c    0000000c     video.a64P : viddec_skel.o64P (.far)
                  87897e58    0000000c                : videnc_skel.o64P (.far)
                  87897e64    0000000c     vidtranscode.a64P : vidtranscode_skel.o64P (.far)
                  87897e70    00000008     Algorithm_BIOS.a64P : Algorithm_BIOS.o64P (.far)
                  87897e78    00000008     XdmUtils.a64P : XdmUtils.o64P (.far)
                  87897e80    00000008     auddec1.a64P : auddec1.o64P (.far)
                  87897e88    00000008     audenc1.a64P : audenc1.o64P (.far)
                  87897e90    00000008     audio.a64P : auddec.o64P (.far)
                  87897e98    00000008                : audenc.o64P (.far)
                  87897ea0    00000008     bios.a64P : sem_crea.o64P (.far)
                  87897ea8    00000008     bioslog.a64P : LogServer.o64P (.far)
                  87897eb0    00000008     ce.a64P : Server.o64P (.far)
                  87897eb8    00000008             : visa.o64P (.far)
                  87897ec0    00000008     dman3Cfg.a64P : dman3_api.o64P (.far)
                  87897ec8    00000008     dskt2.a64P : dskt2crea.o64P (.far)
                  87897ed0    00000008     dsplinkmpcs.lib : _mpcs.obj (.far)
                  87897ed8    00000008     dsplinkmplist.lib : _mplist.obj (.far)
                  87897ee0    00000008     dsplinknotify.lib : _notify.obj (.far)
                  87897ee8    00000008     dsplinkringio.lib : ringio.obj (.far)
                  87897ef0    00000008     image.a64P : imgdec.o64P (.far)
                  87897ef8    00000008                : imgenc.o64P (.far)
                  87897f00    00000008     imgdec1.a64P : imgdec1.o64P (.far)
                  87897f08    00000008     imgenc1.a64P : imgenc1.o64P (.far)
                  87897f10    00000008     main.o64P (.far)
                  87897f18    00000008     node.a64P : node_init.o64P (.far)
                  87897f20    00000008     osal_bios.a64P : Sem_BIOS.o64P (.far)
                  87897f28    00000008     rts64plus.lib : _lock.obj (.far)
                  87897f30    00000008                   : divd.obj (.far)
                  87897f38    00000008                   : divf.obj (.far)
                  87897f40    00000008     speech.a64P : sphdec.o64P (.far)
                  87897f48    00000008                 : sphenc.o64P (.far)
                  87897f50    00000008     sphdec1.a64P : sphdec1.o64P (.far)
                  87897f58    00000008     sphenc1.a64P : sphenc1.o64P (.far)
                  87897f60    00000008     universal.a64P : universal.o64P (.far)
                  87897f68    00000008     vidanalytics.a64P : vidanalytics.o64P (.far)
                  87897f70    00000008     viddec1.a64P : viddec1.o64P (.far)
                  87897f78    00000008     viddec2.a64P : viddec2.o64P (.far)
                  87897f80    00000008     viddec2back.a64P : viddec2back.o64P (.far)
                  87897f88    00000008     videnc1.a64P : videnc1.o64P (.far)
                  87897f90    00000008     video.a64P : viddec.o64P (.far)
                  87897f98    00000008                : videnc.o64P (.far)
                  87897fa0    00000008     vidtranscode.a64P : vidtranscode.o64P (.far)
                  87897fa8    00000004     dsplink.lib : shm_drv.obj (.far)
                  87897fac    00000004     dsplinkdata.lib : dsplinkdata.obj (.far)
                  87897fb0    00000004     dsplinkmpcs.lib : mpcs.obj (.far)
                  87897fb4    00000004     dsplinkmsg.lib : dsplinkmqt.obj (.far)
                  87897fb8    00000004     gt.a64P : CBuf.o64P (.far)
                  87897fbc    00000004     osal_bios.a64P : Queue_BIOS.o64P (.far)
                  87897fc0    00000004     rts64plus.lib : fopen.obj (.far)

.trcdata   0    87897fc4    0000000c     
                  87897fc4    0000000c     bios.a64P : trc.o64P (.trcdata)

.idl       0    87897fd0    00000008     UNINITIALIZED
                  87897fd0    00000008     all_x64Pcfg.o64P (.idl)

.idlcal    0    87897fd8    00000008     UNINITIALIZED
                  87897fd8    00000008     all_x64Pcfg.o64P (.idlcal)

.bios      0    87897fe0    00006360     
                  87897fe0    000005c0     bios.a64P : sys_prin.o64P (.bios)
                  878985a0    00000520               : exc.o64P (.bios)
                  87898ac0    000004e0               : hwi_disp_asm.o64P (.bios)
                  87898fa0    000004c0               : swi.o64P (.bios)
                  87899460    00000380               : prd.o64P (.bios)
                  878997e0    00000340               : tsk_crea.o64P (.bios)
                  87899b20    000002a0               : malloc.o64P (.bios)
                  87899dc0    00000240               : knl_run.o64P (.bios)
                  8789a000    00000240               : mem_defi.o64P (.bios)
                  8789a240    00000220               : mem_rede.o64P (.bios)
                  8789a460    00000200               : sem_pend.o64P (.bios)
                  8789a660    00000200     bios3430.a64P : clk2430.o64P (.bios)
                  8789a860    000001e0     bios.a64P : mem_allo.o64P (.bios:.near)
                  8789aa40    000001e0               : c62_plug.o64P (.bios)
                  8789ac20    000001e0               : exc_asm.o64P (.bios)
                  8789ae00    000001e0               : knl_tick.o64P (.bios)
                  8789afe0    000001c0               : mem_free.o64P (.bios:.near)
                  8789b1a0    000001c0               : sem_dopo.o64P (.bios)
                  8789b360    000001c0               : tsk_dele.o64P (.bios)
                  8789b520    000001c0               : tsk_setp.o64P (.bios)
                  8789b6e0    000001c0     bios3430.a64P : clk.o64P (.bios)
                  8789b8a0    000001a0     bios.a64P : tsk_setu.o64P (.bios)
                  8789ba40    00000180               : knl_swit.o64P (.bios)
                  8789bbc0    00000140               : autoinit.o64P (.bios)
                  8789bd00    00000140               : knl_read.o64P (.bios)
                  8789be40    00000140               : mem_stat.o64P (.bios)
                  8789bf80    00000140               : msgq_open.o64P (.bios)
                  8789c0c0    00000140               : tsk_exit.o64P (.bios)
                  8789c200    00000140     bios3430.a64P : bcache_init.o64P (.bios)
                  8789c340    00000140                   : clk2430_reconfig.o64P (.bios)
                  8789c480    00000120     bios.a64P : gbl_cacheinit64P.o64P (.bios)
                  8789c5a0    00000120               : knl_chec.o64P (.bios)
                  8789c6c0    00000120               : tsk_stup.o64P (.bios)
                  8789c7e0    00000100               : msgq_locate.o64P (.bios)
                  8789c8e0    00000100               : msgq_stup.o64P (.bios)
                  8789c9e0    00000100     bios3430.a64P : bcache_block.o64P (.bios)
                  8789cae0    000000e0     bios.a64P : msgq_locatelocal.o64P (.bios)
                  8789cbc0    000000e0               : sem_post_asm.o64P (.bios)
                  8789cca0    000000c0               : knl_exit.o64P (.bios)
                  8789cd60    000000c0               : msgq_alloc.o64P (.bios)
                  8789ce20    000000c0               : tsk_yiel.o64P (.bios)
                  8789cee0    000000a0               : knl_star.o64P (.bios)
                  8789cf80    000000a0               : msgq_close.o64P (.bios)
                  8789d020    000000a0               : msgq_get.o64P (.bios)
                  8789d0c0    000000a0               : msgq_put.o64P (.bios)
                  8789d160    000000a0               : sem_post.o64P (.bios)
                  8789d200    000000a0               : swi_seta.o64P (.bios)
                  8789d2a0    000000a0               : sys_exit.o64P (.bios)
                  8789d340    000000a0               : tsk_stat.o64P (.bios)
                  8789d3e0    000000a0     log8.a64P : log_ts.o64P (.bios)
                  8789d480    00000080     bios.a64P : atm.o64P (.bios)
                  8789d500    00000080               : hwi_disp.o64P (.bios)
                  8789d580    00000080               : hwi_eventmap64P.o64P (.bios)
                  8789d600    00000080               : knl_ipos.o64P (.bios)
                  8789d680    00000080               : knl_post.o64P (.bios)
                  8789d700    00000080               : lck.o64P (.bios)
                  8789d780    00000080               : obj_crea.o64P (.bios)
                  8789d800    00000080               : sem_crea.o64P (.bios)
                  8789d880    00000080               : swi_crea.o64P (.bios)
                  8789d900    00000080               : tsk_disa.o64P (.bios)
                  8789d980    00000080     bios3430.a64P : bcache_all.o64P (.bios)
                  8789da00    00000080                   : bcache_wait.o64P (.bios)
                  8789da80    00000080     log8.a64P : log5_ts.o64P (.bios)
                  8789db00    00000060     bios.a64P : mem_vall.o64P (.bios:.near)
                  8789db60    00000060               : sys_erro.o64P (.bios:.near)
                  8789dbc0    00000060               : fxn.o64P (.bios)
                  8789dc20    00000060               : hwi_c.o64P (.bios)
                  8789dc80    00000060               : msgq_release.o64P (.bios)
                  8789dce0    00000060               : obj_dele.o64P (.bios)
                  8789dd40    00000060               : sem_pend_binary.o64P (.bios)
                  8789dda0    00000060               : sem_pend_counting.o64P (.bios)
                  8789de00    00000060               : sts.o64P (.bios)
                  8789de60    00000060               : swi_disable.o64P (.bios)
                  8789dec0    00000060               : sys_abor.o64P (.bios)
                  8789df20    00000060               : trg.o64P (.bios)
                  8789df80    00000060               : utl_putc.o64P (.bios)
                  8789dfe0    00000040               : c62_c.o64P (.bios)
                  8789e020    00000040               : mem_getBaseAddress.o64P (.bios)
                  8789e060    00000040               : msgq_free.o64P (.bios)
                  8789e0a0    00000040               : msgq_getsrcqueue.o64P (.bios)
                  8789e0e0    00000040               : que_get.o64P (.bios)
                  8789e120    00000040               : utl_doab.o64P (.bios)
                  8789e160    00000020               : clk_countspms.o64P (.bios)
                  8789e180    00000020               : fxn_c.o64P (.bios)
                  8789e1a0    00000020               : gbl_vers.o64P (.bios)
                  8789e1c0    00000020               : hook_setenv.o64P (.bios)
                  8789e1e0    00000020               : idl.o64P (.bios)
                  8789e200    00000020               : sem_dele.o64P (.bios)
                  8789e220    00000020               : sts_set.o64P (.bios)
                  8789e240    00000020               : swi_dele.o64P (.bios)
                  8789e260    00000020               : swi_self.o64P (.bios)
                  8789e280    00000020               : sys_atex.o64P (.bios)
                  8789e2a0    00000020               : sys_one.o64P (.bios)
                  8789e2c0    00000020               : utl_doer.o64P (.bios)
                  8789e2e0    00000020               : utl_halt.o64P (.bios)
                  8789e300    00000020     bios3430.a64P : clk2430_gethtime.o64P (.bios)
                  8789e320    00000020     log8.a64P : log_printf4.o64P (.bios)

.gblinit   0    8789e340    00000058     
[...]
8785c740   _HWI_STKTOP
8785c740   __stack
8785d738   _HWI_STKBOTTOM
8785d73f   GBL_stackend
8785d740   BIOS_init
8785d740   _BIOS_init
8785d9a8   BIOS_start
8785d9a8   _BIOS_start
8785da60   _MSGQ_init
8785dba0   _POOL_init
8785dcc0   _c_int00
8785dd80   _MEM_init
8785de20   _TSK_init
8785de80   _OBJ_init
8785dea0   __CIOBUF_
8785dfc0   KNL_swi
8785dfc0   SWI_A_TABBEG
8785dfc0   _KNL_swi
8785dfec   KNL_swi$sts$stsobj
8785dfec   STS_A_TABBEG
8785dfec   SWI_A_TABEND
8785dfec   _STS_A_TABBEG
8785dff0   KNL_swi$sts
8785dffc   STS_A_TABEND
8785dffc   _STS_A_TABEND
8785e000   ti_sdo_ce_bioslog_create$buf
8785f000   $bss
8785f000   .bss
8785f000   _HWI_dispatchTab
8785f000   ___bss__
8785f100   IDL_D_tabbeg
8785f104   IDL_D_calibrate
8785f108   IDL_D_calbeg
8785f10c   LOG_D_system
8785f10c   _LOG_D_system
8785f110   PIP_D_tabbeg
8785f114   PIP_D_tablen
8785f118   CLK_R_time
8785f11c   CLK_D_timefxn
8785f120   CLK_D_tabbeg
8785f124   CLK_D_isrhook
8785f128   CLK_D_idletime
8785f12c   _CLK_htimeDiv
8785f130   _CLK_htimeMult
8785f134   _CLK_ltimeDiv
8785f138   _CLK_ltimeMult
8785f13c   _CLK_D_dirty
8785f140   _CLK_D_prd
8785f144   _CLK_D_tddr
8785f148   _CLK_D_countspms
8785f14c   PRD_D_tick
8785f14c   _PRD_D_tick
8785f150   PRD_D_cur
8785f154   PRD_D_elapsed
8785f158   PRD_D_prevtim
8785f15c   PRD_D_scalar
8785f160   PRD_D_swihandle
8785f164   PRD_D_tabbeg
8785f168   PRD_D_tablen
8785f16c   PRD_D_thook
8785f170   RTA_D_fromHost
8785f174   RTA_D_toHost
8785f178   RTA_D_logval
8785f188   RTA_D_stsval
8785f194   HST_D_chanmask
8785f198   HST_D_tabbeg
8785f19c   HST_D_tabend
8785f1a0   _GBL_procId
8785f1a4   _GBL_clkIn
8785f1a8   _GBL_freq
8785f1ac   _MEM_D_NUMSEGMENTS
8785f1b0   _MEM_D_memtab
8785f1b4   _MEM_D_freelist
8785f1b8   _MEM_D_lockaddr
8785f1bc   _MEM_D_unlockaddr
8785f1c0   _SYS
8785f1c4   __HOOK_knlId
8785f1c8   __HOOK_NUMHOOKS
8785f1cc   SWI_D_runaddr
8785f1cc   _SWI_D_runaddr
8785f1cc   _SWI_data
8785f1d0   SWI_D_execaddr
8785f1d0   _SWI_D_execaddr
8785f1d4   SWI_D_curmask
8785f1d4   _SWI_D_curmask
8785f1d8   SWI_D_curset
8785f1d8   _SWI_D_curset
8785f1dc   SWI_D_lock
8785f1dc   _SWI_D_lock
8785f1e0   SWI_D_curmbox
8785f1e4   SWI_D_curfxn
8785f1e4   _SWI_D_curfxn
8785f1e8   SWI_D_rdybeg
8785f1e8   _SWI_D_rdybeg
8785f1ec   SWI_D_inswi
8785f1ec   _SWI_D_inswi
8785f1f0   SWI_D_rdytab
8785f268   _KNL_wFlag
8785f26c   _KNL_wList
8785f270   _KNL_alarm
8785f274   _KNL_setpri
8785f278   _KNL_inactive
8785f27c   _KNL_priority
8785f280   _KNL_set
8785f284   _KNL_curtask
8785f288   _KNL_prevtask
8785f28c   _KNL_curtime
8785f290   _KNL_swiptr
8785f294   _KNL_curqueue
8785f298   _KNL_maxqueue
8785f29c   _KNL_tswitchfxn
8785f2a0   _KNL_tcreatefxn
8785f2a4   _KNL_tdeletefxn
8785f2a8   _KNL_treadyfxn
8785f2ac   _KNL_idlefxn
8785f2b0   _Memory_skipVirtualAddressTranslation
8785f2b4   _LogServer_stackSize
8785f2b8   _ti_sdo_ce_Engine_noCommName
8785f2bc   _ti_sdo_ce_Server_skelCachingPolicy
8785f2c0   _Global_useLinkArbiter
8785f2c4   _VISA_checked
8785f2c8   _DSKT2_cacheWBInvFxn
8785f2cc   __DSKT2_ALLOW_EXTERNAL_SCRATCH
8785f2d0   _ti_sdo_fc_multiProcess
8785f2d4   _NODE
8785f2d8   _Comm_MSGSIZE
8785f2dc   _ti_sdo_ce_alg_ALG_useHeap
8785f2e0   _ti_sdo_ce_alg_ALG_useCache
8785f2e4   _ti_sdo_ce_alg_ALG_maxGroups
8785f2e8   _ti_sdo_ce_alg_ipcKey
8785f2ec   _Memory_numHeaps
8785f2f0   _Global_traceBufferSize
8785f2f4   _MEM_memtab
8785f318   DDRALGHEAP
8785f318   _DDRALGHEAP
8785f318   __DSKT_EPROG
8785f318   __DSKT_ESDATA
8785f31c   DDR2
8785f31c   HST_DSMBUFSEG
8785f31c   MEM_MALLOCSEG
8785f31c   MEM_SEGZERO
8785f31c   RTDX_DATAMEMSEG
8785f31c   TSK_STACKSEG
8785f31c   _DDR
8785f31c   _DDR2
8785f31c   _Memory_SEGID
8785f31c   __DSKT2_HEAP
8785f320   L1DSRAM
8785f320   _L1DHEAP
8785f320   _L1DSRAM
8785f320   __DSKT_DARAM0
8785f320   __DSKT_DARAM1
8785f320   __DSKT_DARAM2
8785f320   __DSKT_IPROG
8785f320   __DSKT_SARAM0
8785f320   __DSKT_SARAM1
8785f320   __DSKT_SARAM2
8785f324   __DSKT2_memTabList
8785f328   __DSKT2_activeAlg
8785f32c   __DSKT2_lastActiveAlg
8785f330   __DSKT2_scratchShareRefCount
8785f334   __DSKT2_heapId
8785f338   __DSKT2_createCallbackFxn
8785f33c   __DSKT2_algReferenceCount
8785f340   __DSKT2_NumYielded
8785f344   __DSKT2_yielded
8785f354   __DMAN3_data
8785f36c   __DMAN3_paRamAddr
8785f370   __DMAN3_edma3Addr
8785f374   __DMAN3_nullPaRam
8785f378   _EXC_sysTrapTable
8785f380   _EXC_returnPtr
8785f39a   _Engine_alwaysCollectDspTrace
8785f39c   _Engine_ceDebugDspTraceMask
8785f3f4   HWI_D_spsave
8785f3f4   _HWI_D_spsave
8785f3f4   _HWI_data
8785f400   _HWI_D_inhwi
8785f404   HWI_D_bss
8785f408   HWI_D_ccmask
8785f43c   _EXC_exceptionHook
8785f440   _EXC_internalHook
8785f444   _EXC_externalHook
8785f448   _EXC_nmiHook
8785f44c   _TSK_nTasks
8785f450   _TSK_pid
8785f454   _TSK
8785f47c   _CLK_DFLTMICROSECS
8785f480   _CLK_D_microseconds
8785f484   _SYS_exitStackPtr
8785f488   _SYS_exitStackTop
8785f48c   _ti_sdo_ce__versionString
8785f490   _ti_sdo_ce__whatString
8785f49c   _Lock_system
8785f4a4   _CLK_htimePerLtime
8785f4ac   _MEM
8785f4b0   _MEM_staticMemtab
8785f4b4   _MSGQ
8785f4b8   _POOL
8785f4c0   _Server_holdingTraceToken
8785f4cc   _Trace_system
8785f50a   ___end__
8785f50a   end
8785f510   TSK_idle$stack
8785f8a8   TSK_idle$stkptr
8785f910   _SYS_PUTCBEG
8785fb0f   _SYS_PUTCEND
8785fb10   LOG_A_TABBEG
8785fb10   LOG_system
8785fb10   _LOG_A_TABBEG
8785fb10   _LOG_system
8785fb28   _ti_sdo_ce_osal_LOG_Buffer
8785fb28   ti_sdo_ce_osal_LOG_Buffer
8785fb40   _ti_sdo_ce_bioslog_create
8785fb40   ti_sdo_ce_bioslog_create
8785fb58   _ti_sdo_ce_bioslog_synch
8785fb58   ti_sdo_ce_bioslog_synch
8785fb70   _ti_sdo_ce_bioslog_track
8785fb70   ti_sdo_ce_bioslog_track
8785fb88   LOG_A_TABEND
8785fb88   _LOG_A_TABEND
8785fb94   TSK_idle
8785fb94   _TSK_idle
8785fbe8   SYS$config
8785fbf8   CLK_A_TABBEG
8785fbf8   PRD_clock
8785fbf8   _PRD_clock
8785fbfc   CLK_null
8785fc00   ti_sdo_ce_osal_LOG_Buffer$buf
87860000   LOG_system$buf
8788c618   __ctypes_
8788cda0   _MSGQ_ATTRS
8788cdac   _MSGQ_LOCATEATTRS
8788cdb0   _MSGQ_LOCATEASYNCATTRS
8788ce44   _SMAPOOL_FXNS
8788cf19   KNL_swi$sts$maxfmt
8788cf20   _Global_buildInfo
8788cf21   KNL_swi$sts$sumfmt
8788cf29   KNL_swi$sts$avgfmt
8788cf33   ti_sdo_ce_bioslog_create$fmtstr
8788cf44   ti_sdo_ce_bioslog_synch$fmtstr
8788cf55   ti_sdo_ce_bioslog_track$fmtstr
8788d618   _Engine_config
8788d740   _RMS_nodeTab
8788d9fc   _RMS_config
8788da08   _ti_sdo_ce_examples_codecs_videnc_copy_VIDENC_COPY_codecClassConfig
8788da68   _ti_sdo_ce_examples_codecs_viddec_copy_VIDDEC_COPY_codecClassConfig
8788dac8   _ti_sdo_ce_examples_codecs_imgdec_copy_IMGDEC_COPY_codecClassConfig
8788db08   _ti_sdo_ce_examples_codecs_imgenc_copy_IMGENC_COPY_codecClassConfig
8788db48   _ti_sdo_ce_examples_codecs_viddec2_copy_VIDDEC2_COPY_codecClassConfig
8788db88   _ti_sdo_ce_examples_codecs_videnc1_copy_VIDENC1_COPY_codecClassConfig
8788dbc8   _ti_sdo_ce_examples_codecs_viddec1_copy_VIDDEC1_COPY_codecClassConfig
8788dc08   _ti_sdo_ce_examples_codecs_imgdec1_copy_IMGDEC1_COPY_codecClassConfig
8788dc48   _ti_sdo_ce_examples_codecs_imgenc1_copy_IMGENC1_COPY_codecClassConfig
8788dc88   _ti_sdo_ce_examples_codecs_viddec2split_copy_VIDDEC2BACK_COPY_codecClassConfig
8788dd48   __DSKT2_DARAM_SCRATCH_SIZES
8788dd98   __DSKT2_SARAM_SCRATCH_SIZES
8788dde8   _DMAN3_QDMA_CHANNELS
8788de08   _DMAN3_QDMA_QUEUE_MAP
8788de28   _DMAN3_QUEUE_TC_MAP
8788de48   _DMAN3_QUEUE_PRIORITIES
8788de68   _DMAN3_PARAMS
8788def8   _RMAN_TABLE
8788df28   _RMAN_FREE_ENTRIES
8788df3e   _RMAN_numRegistryEntries
8788df40   _RMAN_registryEntries
8788df44   _RMAN_registryResmanArgs
8788df48   _RMAN_PARAMS
8788df6c   __ti_sdo_utils_trace_GT_params
8788df94   _GT
8788df98   _NODE_config
8788e6d8   _MSGQ_config
8788e708   _POOL_config
8788e710   __ALG_groupUsed
8788e760   __ALG_sems
8788e7b0   __ALG_groupRefCount
8788e800   __Algorithm_lockOwner
8788e850   _ti_sdo_ce_dvtLog
8788e858   _Memory_heapNames
8788e868   _Memory_heapBases
8788e878   _Memory_heapSizes
8788e888   _Global_traceBuffer
87896b58   __ftable
87896c48   __tmpnams
87896ce8   __ft_end
87896f30   _KNL_queues
87896fd0   _KNL_dummy
878971a4   _CLK_gptimer_enablemask
878971a8   _ti_sdo_fc_rman_GTMask
87897260   _DSPLINKPOOL_ctrlPtr
878972e0   _VIDTRANSCODECOPY_TI_IALG
878972e0   _VIDTRANSCODECOPY_TI_IVIDTRANSCODECOPY
8789730c   _VIDTRANSCODECOPY_TI_PARAMS
87897354   _G711ENC_SUN_IG711ENC
87897380   _G711ENC_SUN_IALG
878973a4   _G711ENC_SUN_PARAMS
878973b8   _AUDENC1COPY_TI_IALG
878973b8   _AUDENC1COPY_TI_IAUDENC1COPY
878973e4   _AUDENC1COPY_TI_PARAMS
87897418   _G711DEC_SUN_IG711DEC
87897444   _G711DEC_SUN_IALG
87897468   _G711DEC_SUN_PARAMS
87897478   _TSK_ATTRS
87897494   _TSK_config
878974b4   _TSK_timerSem
878974d4   _VIDENC1COPY_TI_IALG
878974d4   _VIDENC1COPY_TI_IVIDENC1COPY
87897500   _VIDENC1COPY_TI_PARAMS
87897530   _IMGDECCOPY_TI_IMGDECCOPY
8789755c   _IMGDECCOPY_TI_IALG
87897588   _IMGENCCOPY_TI_IMGENCCOPY
878975b4   _IMGENCCOPY_TI_IALG
878975e0   _SPHDECCOPY_TI_SPHDECCOPY
8789760c   _SPHDECCOPY_TI_IALG
87897638   _SPHENCCOPY_TI_SPHENCCOPY
87897664   _SPHENCCOPY_TI_IALG
87897690   _VIDDECCOPY_TI_VIDDECCOPY
878976bc   _VIDDECCOPY_TI_IALG
878976e8   _VIDENCCOPY_TI_VIDENCCOPY
87897714   _VIDENCCOPY_TI_IALG
87897740   _OBJ_table
87897778   _OBJ_segtab
87897794   __TSK_mutex
878977bc   __MEM_mutex
878977e4   _SCALE_TI_SCALE
87897810   _SCALE_TI_IALG
87897834   _VIDANALYTICSCOPY_TI_IALG
87897834   _VIDANALYTICSCOPY_TI_IVIDANALYTICSCOPY
87897860   _VIDANALYTICSCOPY_TI_PARAMS
8789787c   _VIDDEC1COPY_TI_IALG
8789787c   _VIDDEC1COPY_TI_IVIDDEC1COPY
878978a8   _VIDDEC1COPY_TI_PARAMS
878978c4   _VIDDEC2COPY_TI_IALG
878978c4   _VIDDEC2COPY_TI_IVIDDEC2COPY
878978f0   _VIDDEC2COPY_TI_PARAMS
8789790c   _VIDDEC2BACKCOPY_TI_IALG
8789790c   _VIDDEC2BACKCOPY_TI_IVIDDEC2BACKCOPY
87897938   _VIDDEC2BACKCOPY_TI_PARAMS
87897954   _IMGDEC1COPY_TI_IALG
87897954   _IMGDEC1COPY_TI_IIMGDEC1COPY
87897980   _IMGDEC1COPY_TI_PARAMS
87897998   _IMGENC1COPY_TI_IALG
87897998   _IMGENC1COPY_TI_IIMGENC1COPY
878979c4   _IMGENC1COPY_TI_PARAMS
878979dc   _SPHENC1COPY_TI_IALG
878979dc   _SPHENC1COPY_TI_ISPHENC1COPY
87897a08   _SPHENC1COPY_TI_PARAMS
87897a1c   _AUDDEC1COPY_TI_IALG
87897a1c   _AUDDEC1COPY_TI_IAUDDEC1COPY
87897a48   _AUDDEC1COPY_TI_PARAMS
87897a58   _SYS_errors
87897a94   _SPHDEC1COPY_TI_IALG
87897a94   _SPHDEC1COPY_TI_ISPHDEC1COPY
87897ac0   _SPHDEC1COPY_TI_PARAMS
87897ad0   _Engine_ALGCREATEATTRS
87897b14   _ti_sdo_fc_ires_nullres_GTMask
87897b24   _IRESMAN_NULLRES
87897b3c   _UNIVERSALCOPY_TI_IALG
87897b3c   _UNIVERSALCOPY_TI_IUNIVERSALCOPY
87897b68   _UNIVERSALCOPY_TI_PARAMS
87897b6c   _AUDDECCOPY_TI_IALG
87897b6c   _AUDDECCOPY_TI_IAUDDECCOPY
87897b98   _AUDENCCOPY_TI_AUDENCCOPY
87897b98   _AUDENCCOPY_TI_IALG
87897bc4   _MEM_ATTRS
87897bc8   _SYS_exitStack
87897be8   _Thread_ATTRS
87897c0c   _Memory_DEFAULTPARAMS
87897c1c   _ZCPYMQT_FXNS
87897c34   _SWI_ATTRS
87897c48   _ti_sdo_ce__dummy__
87897c50   _ti_sdo_ce__versionNumArray
87897c64   _RMS_CONFIG
87897c84   __BCACHE_emifAddr
87897c90   _Processor_ATTRS
87897c9c   _EXC_status
87897cdc   _CLK_inputClock
87897ce0   __DSKT2_scratchDescTbl
87897ce8   _ti_sdo_fc_dskt2_GTMask
87897d0c   _Lock_ATTRS
87897d10   _SCALE_PARAMS
87897d20   _AUDDEC1_SKEL
87897d2c   _AUDENC1_SKEL
87897d38   _AUDDEC_SKEL
87897d44   _AUDENC_SKEL
87897d50   _HWI_ATTRS
87897d68   __BCACHE_readTable
87897d74   _IMGDEC_SKEL
87897d80   _IMGENC_SKEL
87897d8c   _IMGDEC1_SKEL
87897d98   _IMGENC1_SKEL
87897da4   _Comm_ATTRS
87897db0   _NODE_ATTRS
87897dbc   __cleanup_ptr
87897dc0   __dtors_ptr
87897dc4   ___TI_enable_exit_profile_output
87897dc8   _SCALE_SKEL
87897dd4   _SPHDEC_SKEL
87897de0   _SPHENC_SKEL
87897dec   _SPHDEC1_SKEL
87897df8   _SPHENC1_SKEL
87897e04   _UNIVERSAL_SKEL
87897e10   _VIDANALYTICS_SKEL
87897e1c   _VIDDEC1_SKEL
87897e28   _VIDDEC2_SKEL
87897e34   _VIDDEC2BACK_SKEL
87897e40   _VIDENC1_SKEL
87897e4c   _VIDDEC_SKEL
87897e58   _VIDENC_SKEL
87897e64   _VIDTRANSCODE_SKEL
87897e80   _ti_sdo_ce_audio1_AUDDEC1_curTrace
87897e88   _ti_sdo_ce_audio1_AUDENC1_curTrace
87897e90   _ti_sdo_ce_audio_AUDDEC_curTrace
87897e98   _ti_sdo_ce_audio_AUDENC_curTrace
87897ea0   _SEM_ATTRS
87897ec0   _ti_sdo_fc_dman3_GTMask
87897ec8   _DSKT2_ALGATTRS
87897ed0   _MPCS_ctrlPtr
87897ed4   _MPCS_csObj
87897ed8   _MPLIST_ctrlPtr
87897edc   _MPLIST_mpcsObj
87897ee0   _NOTIFY_ctrlPtr
87897ee4   _NOTIFY_numIps
87897ee8   _RingIO_ctrlPtr
87897eec   _RingIO_mpcsObj
87897ef0   _ti_sdo_ce_image_IMGDEC_curTrace
87897ef8   _ti_sdo_ce_image_IMGENC_curTrace
87897f00   _ti_sdo_ce_image1_IMGDEC1_curTrace
87897f08   _ti_sdo_ce_image1_IMGENC1_curTrace
87897f18   __NODE_curTrace
87897f28   __lock
87897f2c   __unlock
87897f40   _ti_sdo_ce_speech_SPHDEC_curTrace
87897f48   _ti_sdo_ce_speech_SPHENC_curTrace
87897f50   _ti_sdo_ce_speech1_SPHDEC1_curTrace
87897f58   _ti_sdo_ce_speech1_SPHENC1_curTrace
87897f60   _ti_sdo_ce_universal_UNIVERSAL_curTrace
87897f68   _ti_sdo_ce_vidanalytics_VIDANALYTICS_curTrace
87897f70   _ti_sdo_ce_video1_VIDDEC1_curTrace
87897f78   _ti_sdo_ce_video2_VIDDEC2_curTrace
87897f80   _ti_sdo_ce_video2_split_VIDDEC2BACK_curTrace
87897f88   _ti_sdo_ce_video1_VIDENC1_curTrace
87897f90   _ti_sdo_ce_video_VIDDEC_curTrace
87897f98   _ti_sdo_ce_video_VIDENC_curTrace
87897fa0   _ti_sdo_ce_vidtranscode_VIDTRANSCODE_curTrace
87897fac   _DSPLINKDATA_ctrlPtr
87897fb4   _DSPLINKMQT_ctrlPtr
87897fb8   _CBuf_ATTRS
87897fbc   _Queue_ATTRS
87897fc4   TRC_cinit
87897fc8   TRC_R_mask
87897fc8   _TRC_R_mask
87897fcc   GBL_initdone
87897fd0   IDL_A_TABBEG
87897fd0   Load_cpuloadIdlObj
87897fd0   _Load_cpuloadIdlObj
87897fd4   IDL_END
87897fd8   IDL_A_CALBEG
87897fd8   Load_cpuloadIdlObj$
87897fdc   IDL_END$
878980e0   _SYS_vsprintf
87898514   _SYS_vprintf
87898524   _SYS_sprintf
87898550   _SYS_printf
878985a0   _EXC_nmi
878985d4   _EXC_internal
87898880   _EXC_init
878988c0   _EXC_getLastStatus
878988e0   _EXC_external
87898914   _EXC_exceptionHandler
87898a90   _EXC_clearLastStatus
87898ac0   CLK_HOOKFXN
87898ac0   HWI_F_dispatch
87898ac0   _HWI_F_dispatch
87898ac0   __HWI_lat1beg
87898c48   __HWI_lat1end
87898c48   __HWI_lat2beg
87898db0   __HWI_lat2end2
87898de0   __HWI_lat3end2
87898e24   __HWI_lat2end1
87898e40   __HWI_lat3beg
87898fa0   SWI_F_enable
87898fa0   __SWI_lat3beg
8789900c   __SWI_lat3end
87899010   SWI_F_post
87899010   _SWI_post
87899118   __SWI_lat1beg
87899184   SWI_EXECFXN
87899184   SWI_F_exec
878991ac   SWI_F_iexec
878991c4   __SWI_lat1end
878991c8   __SWI_lat2beg
87899228   __SWI_lat2end
8789922c   SWI_F_run
8789922c   SWI_RUNFXN
87899460   PRD_F_swi
878996e4   PRD_F_tick
878997e0   _TSK_create
87899b20   _free
87899b48   _malloc
87899bac   _realloc
87899c78   _memalign
87899d58   _calloc
87899dc0   _KNL_run
8789a000   _MEM_define
8789a240   _MEM_redefine
8789a460   _SEM_pendEnterKnl
8789a660   _CLK_stop
8789a6c4   _CLK_start
8789a860   _MEM_alloc
8789aa40   _C62_plug
8789aa40   _C64_plug
8789aa48   _C62_dispatchPlug
8789aa48   _C64_dispatchPlug
8789ac20   _EXC_dispatch
8789ade4   _EXC_setReturnPtr
8789afcc   PRD_THOOKFXN
8789afcc   _KNL_tick
8789afe0   _MEM_free
8789b1a0   __SEM_dopost
8789b360   _TSK_delete
8789b650   _TSK_setpri
8789b6e0   CLK_F_getltime
8789b6f0   CLK_F_isr
8789b840   CLK_F_itime
8789b840   _CLK_F_itime
8789b840   _CLK_itime
8789b85c   __CLK_lat1beg
8789b880   __CLK_lat1end
8789b8a0   _TSK_setup
8789ba40   _KNL_saveIsrFrame
8789baec   _KNL_switch
8789bb98   KNL_glue
8789bbc0   __auto_init
8789bd00   _KNL_ready
8789be40   _MEM_stat
8789bf80   _MSGQ_open
8789c0c0   _TSK_exit
8789c200   _BCACHE_setSize
8789c244   _BCACHE_setMar
8789c294   _BCACHE_bootInit
8789c294   _BCACHE_setCacheToSram
8789c2c4   _BCACHE_getSize
8789c314   _BCACHE_getMar
8789c36c   _CLK_reconfig
8789c4e4   _GBL_cacheInit64P
8789c5a0   _KNL_check
8789c5ec   __KNL_lat1beg
8789c668   _KNL_idle
8789c668   __KNL_lat1end
8789c690   _KNL_max
8789c764   _TSK_startup
8789c7e0   _MSGQ_locate
8789c8e0   _MSGQ_startup
8789caac   _BCACHE_wbInv
8789cac0   _BCACHE_wb
8789cad0   _BCACHE_inv
8789cae0   _MSGQ_locateLocal
8789cbc0   _SEM_post
8789cbc0   _SEM_postBinary
8789cca0   _KNL_exit
8789cce0   _KNL_enter
8789cd60   _MSGQ_alloc
8789ce60   _TSK_yield
8789cee0   _KNL_start
8789cf80   _MSGQ_close
8789d020   _MSGQ_get
8789d0c0   _MSGQ_put
8789d160   _SEM_postEnterKnl
8789d200   _SWI_setattrs
8789d2a0   _SYS_exit
8789d340   _TSK_stat
8789d3e0   LOG_F_event
8789d3e0   _LOG_event
8789d3e0   __LOG_lat1beg
8789d480   _ATM_andi
8789d480   _ATM_andu
8789d490   _ATM_cleari
8789d490   _ATM_clearu
8789d4a0   _ATM_deci
8789d4a0   _ATM_decu
8789d4b0   _ATM_inci
8789d4b0   _ATM_incu
8789d4c4   _ATM_ori
8789d4c4   _ATM_oru
8789d4d4   _ATM_seti
8789d4d4   _ATM_setu
8789d500   _HWI_dispatchPlug
8789d580   _HWI_eventMap
8789d600   _KNL_ipost
8789d680   _KNL_post
8789d700   _LCK_post
8789d720   _LCK_pend
8789d780   _OBJ_create
8789d800   _SEM_create
8789d880   _SWI_create
8789d900   _TSK_enable
8789d924   _TSK_disable
8789d9cc   _BCACHE_wbInvAll
8789d9e0   _BCACHE_wbAll
8789d9f0   _BCACHE_invL1pAll
8789da00   _BCACHE_wait
8789da80   _LOG_event5
8789db00   _MEM_valloc
8789db60   _SYS_error
8789dbc0   FXN_F_nop
8789dbc4   FXN_F_run
8789dbc4   _FXN_F_run
8789dc00   FXN_F_zero
8789dc00   _FXN_F_zero
8789dc20   _HWI_disable
8789dc38   _HWI_enable
8789dc4c   _HWI_restore
8789dc80   _MSGQ_release
8789dce0   _OBJ_delete
8789dd40   _SEM_pendBinary
8789dda0   _SEM_pend
8789de00   STS_F_delta
8789de00   _STS_delta
8789de2c   STS_F_add
8789de2c   _STS_add
8789de48   STS_F_reset
8789de48   _STS_reset
8789de60   _SWI_disable
8789de84   _SWI_enable
8789dec0   _SYS_abort
8789df20   _TRG_stkused
8789df80   SYS_PUTCFXN
8789df80   _UTL_doPutc
8789dfe0   _C62_disableIER
8789dfe0   _C64_disableIER
8789dff8   _C62_enableIER
8789dff8   _C64_enableIER
8789e00c   _C62_clearIFR
8789e00c   _C64_clearIFR
8789e020   _MEM_getBaseAddress
8789e060   _MSGQ_free
8789e0a0   _MSGQ_getSrcQueue
8789e0e0   _QUE_get
8789e0e0   __QUE_lat1beg
8789e100   __QUE_lat1end
8789e108   _QUE_put
8789e108   __QUE_lat2beg
8789e114   __QUE_lat2end
8789e120   SYS_ABORTFXN
8789e120   _UTL_doAbort
8789e160   _CLK_countspms
8789e180   GBL_USERINITFXN
8789e180   GIO_CREATEFXN
8789e180   GIO_DELETEFXN
8789e180   GIO_PENDFXN
8789e180   GIO_POSTFXN
8789e180   PWRM_PWRM_SHAREDRESOURCEFXN
8789e180   PWRM_PWRM_SLOTHOOKFXN
8789e180   TSK_VDELETEFXN
8789e180   TSK_VEXITFXN
8789e180   _FXN_F_nop
8789e1a0   _GBL_getVersion
8789e1c0   _HOOK_setenv
8789e1e0   IDL_F_loop
8789e1e0   _IDL_loop
8789e200   _SEM_delete
8789e220   _STS_set
8789e240   _SWI_delete
8789e260   _SWI_self
8789e280   _SYS_atexit
8789e2a0   _SYS_zero
8789e2a8   _SYS_one
8789e2c0   SYS_ERRORFXN
8789e2c0   _UTL_doError
8789e2e0   SYS_EXITFXN
8789e2e0   _UTL_halt
8789e300   CLK_TIMEFXN
8789e300   _CLK_gethtime
8789e320   _LOG_printf4
8789e400   HWI_A_VECS
8789e400   hwi0
8789e420   hwi1
8789e440   hwi2
8789e460   hwi3
8789e480   hwi4
8789e4a0   hwi5
8789e4c0   hwi6
8789e4e0   hwi7
8789e500   hwi8
8789e520   hwi9
8789e540   hwi10
8789e560   hwi11
8789e580   hwi12
8789e5a0   hwi13
8789e5c0   hwi14
8789e5e0   hwi15
8789e900   ti_sdo_ce_bioslog_synch$buf
8789ea00   .data
8789ea00   _DSPLINK_shmBaseAddress
8789ea00   ___data__
8789ea08   _DSPLINK_shmBaseAddress_pad
8789ea84   ___edata__
8789ea84   edata
878a0000   ti_sdo_ce_bioslog_track$buf
878a4000   ___cinit__
878a4000   cinit
ffffffff   CACHE_L1D
ffffffff   CACHE_L1P
ffffffff   CACHE_L2
ffffffff   DSPLINKMEM
ffffffff   ECM_EVTMASK0
ffffffff   ECM_EVTMASK1
ffffffff   ECM_EVTMASK2
ffffffff   ECM_EVTMASK3
ffffffff   IRAM
ffffffff   IVAMMU
ffffffff   L4CORE
ffffffff   L4PER
ffffffff   RESET_VECTOR
ffffffff   _CACHE_L1D
ffffffff   _CACHE_L1P
ffffffff   _CACHE_L2
ffffffff   _DSPLINKMEM
ffffffff   _IRAM
ffffffff   _IVAMMU
ffffffff   _L4CORE
ffffffff   _L4PER
ffffffff   _RESET_VECTOR
ffffffff   ___TI_pprof_out_hndl
ffffffff   ___TI_prof_data_size
ffffffff   ___TI_prof_data_start
ffffffff   ___binit__
ffffffff   ___c_args__
ffffffff   ___pinit__
ffffffff   binit
ffffffff   pinit

[1926 symbols]
